Archive member included to satisfy reference by file (symbol)

E:/ST/STM32CubeIDE_1.18.0/STM32CubeIDE/plugins/com.st.stm32cube.ide.mcu.externaltools.gnu-tools-for-stm32.13.3.rel1.win32_1.0.0.202411081344/tools/bin/../lib/gcc/arm-none-eabi/13.3.1/../../../../arm-none-eabi/lib/thumb/v7e-m+dp/hard\libc_nano.a(libc_a-exit.o)
                              E:/ST/STM32CubeIDE_1.18.0/STM32CubeIDE/plugins/com.st.stm32cube.ide.mcu.externaltools.gnu-tools-for-stm32.13.3.rel1.win32_1.0.0.202411081344/tools/bin/../lib/gcc/arm-none-eabi/13.3.1/../../../../arm-none-eabi/lib/thumb/v7e-m+dp/hard/crt0.o (exit)
E:/ST/STM32CubeIDE_1.18.0/STM32CubeIDE/plugins/com.st.stm32cube.ide.mcu.externaltools.gnu-tools-for-stm32.13.3.rel1.win32_1.0.0.202411081344/tools/bin/../lib/gcc/arm-none-eabi/13.3.1/../../../../arm-none-eabi/lib/thumb/v7e-m+dp/hard\libc_nano.a(libc_a-strtod.o)
                              ./Code/Third-Party_lib/Debug_Protocol/Debug_Protocol.o (strtof)
E:/ST/STM32CubeIDE_1.18.0/STM32CubeIDE/plugins/com.st.stm32cube.ide.mcu.externaltools.gnu-tools-for-stm32.13.3.rel1.win32_1.0.0.202411081344/tools/bin/../lib/gcc/arm-none-eabi/13.3.1/../../../../arm-none-eabi/lib/thumb/v7e-m+dp/hard\libc_nano.a(libc_a-strtol.o)
                              ./Code/Third-Party_lib/Debug_Protocol/Debug_Protocol.o (strtol)
E:/ST/STM32CubeIDE_1.18.0/STM32CubeIDE/plugins/com.st.stm32cube.ide.mcu.externaltools.gnu-tools-for-stm32.13.3.rel1.win32_1.0.0.202411081344/tools/bin/../lib/gcc/arm-none-eabi/13.3.1/../../../../arm-none-eabi/lib/thumb/v7e-m+dp/hard\libc_nano.a(libc_a-ctype_.o)
                              E:/ST/STM32CubeIDE_1.18.0/STM32CubeIDE/plugins/com.st.stm32cube.ide.mcu.externaltools.gnu-tools-for-stm32.13.3.rel1.win32_1.0.0.202411081344/tools/bin/../lib/gcc/arm-none-eabi/13.3.1/../../../../arm-none-eabi/lib/thumb/v7e-m+dp/hard\libc_nano.a(libc_a-strtol.o) (_ctype_)
E:/ST/STM32CubeIDE_1.18.0/STM32CubeIDE/plugins/com.st.stm32cube.ide.mcu.externaltools.gnu-tools-for-stm32.13.3.rel1.win32_1.0.0.202411081344/tools/bin/../lib/gcc/arm-none-eabi/13.3.1/../../../../arm-none-eabi/lib/thumb/v7e-m+dp/hard\libc_nano.a(libc_a-nano-vfprintf_float.o)
                              (_printf_float)
E:/ST/STM32CubeIDE_1.18.0/STM32CubeIDE/plugins/com.st.stm32cube.ide.mcu.externaltools.gnu-tools-for-stm32.13.3.rel1.win32_1.0.0.202411081344/tools/bin/../lib/gcc/arm-none-eabi/13.3.1/../../../../arm-none-eabi/lib/thumb/v7e-m+dp/hard\libc_nano.a(libc_a-nano-vfprintf_i.o)
                              E:/ST/STM32CubeIDE_1.18.0/STM32CubeIDE/plugins/com.st.stm32cube.ide.mcu.externaltools.gnu-tools-for-stm32.13.3.rel1.win32_1.0.0.202411081344/tools/bin/../lib/gcc/arm-none-eabi/13.3.1/../../../../arm-none-eabi/lib/thumb/v7e-m+dp/hard\libc_nano.a(libc_a-nano-vfprintf_float.o) (_printf_common)
E:/ST/STM32CubeIDE_1.18.0/STM32CubeIDE/plugins/com.st.stm32cube.ide.mcu.externaltools.gnu-tools-for-stm32.13.3.rel1.win32_1.0.0.202411081344/tools/bin/../lib/gcc/arm-none-eabi/13.3.1/../../../../arm-none-eabi/lib/thumb/v7e-m+dp/hard\libc_nano.a(libc_a-findfp.o)
                              E:/ST/STM32CubeIDE_1.18.0/STM32CubeIDE/plugins/com.st.stm32cube.ide.mcu.externaltools.gnu-tools-for-stm32.13.3.rel1.win32_1.0.0.202411081344/tools/bin/../lib/gcc/arm-none-eabi/13.3.1/../../../../arm-none-eabi/lib/thumb/v7e-m+dp/hard\libc_nano.a(libc_a-exit.o) (__stdio_exit_handler)
E:/ST/STM32CubeIDE_1.18.0/STM32CubeIDE/plugins/com.st.stm32cube.ide.mcu.externaltools.gnu-tools-for-stm32.13.3.rel1.win32_1.0.0.202411081344/tools/bin/../lib/gcc/arm-none-eabi/13.3.1/../../../../arm-none-eabi/lib/thumb/v7e-m+dp/hard\libc_nano.a(libc_a-fwalk.o)
                              E:/ST/STM32CubeIDE_1.18.0/STM32CubeIDE/plugins/com.st.stm32cube.ide.mcu.externaltools.gnu-tools-for-stm32.13.3.rel1.win32_1.0.0.202411081344/tools/bin/../lib/gcc/arm-none-eabi/13.3.1/../../../../arm-none-eabi/lib/thumb/v7e-m+dp/hard\libc_nano.a(libc_a-findfp.o) (_fwalk_sglue)
E:/ST/STM32CubeIDE_1.18.0/STM32CubeIDE/plugins/com.st.stm32cube.ide.mcu.externaltools.gnu-tools-for-stm32.13.3.rel1.win32_1.0.0.202411081344/tools/bin/../lib/gcc/arm-none-eabi/13.3.1/../../../../arm-none-eabi/lib/thumb/v7e-m+dp/hard\libc_nano.a(libc_a-printf.o)
                              ./Code/Third-Party_lib/Debug_Protocol/Debug_Protocol.o (printf)
E:/ST/STM32CubeIDE_1.18.0/STM32CubeIDE/plugins/com.st.stm32cube.ide.mcu.externaltools.gnu-tools-for-stm32.13.3.rel1.win32_1.0.0.202411081344/tools/bin/../lib/gcc/arm-none-eabi/13.3.1/../../../../arm-none-eabi/lib/thumb/v7e-m+dp/hard\libc_nano.a(libc_a-puts.o)
                              ./Code/Third-Party_lib/Debug_Protocol/Debug_Protocol.o (puts)
E:/ST/STM32CubeIDE_1.18.0/STM32CubeIDE/plugins/com.st.stm32cube.ide.mcu.externaltools.gnu-tools-for-stm32.13.3.rel1.win32_1.0.0.202411081344/tools/bin/../lib/gcc/arm-none-eabi/13.3.1/../../../../arm-none-eabi/lib/thumb/v7e-m+dp/hard\libc_nano.a(libc_a-stdio.o)
[...]
Memory Configuration

Name             Origin             Length             Attributes
FLASH            0x08000000         0x00200000         xr
DTCMRAM          0x20000000         0x00020000         xrw
RAM_D1           0x24000000         0x00080000         xrw
RAM_D2           0x30000000         0x00048000         xrw
RAM_D3           0x38000000         0x00010000         xrw
ITCMRAM          0x00000000         0x00010000         xrw
*default*        0x00000000         0xffffffff

Linker script and memory map

LOAD E:/ST/STM32CubeIDE_1.18.0/STM32CubeIDE/plugins/com.st.stm32cube.ide.mcu.externaltools.gnu-tools-for-stm32.13.3.rel1.win32_1.0.0.202411081344/tools/bin/../lib/gcc/arm-none-eabi/13.3.1/thumb/v7e-m+dp/hard/crti.o
LOAD E:/ST/STM32CubeIDE_1.18.0/STM32CubeIDE/plugins/com.st.stm32cube.ide.mcu.externaltools.gnu-tools-for-stm32.13.3.rel1.win32_1.0.0.202411081344/tools/bin/../lib/gcc/arm-none-eabi/13.3.1/thumb/v7e-m+dp/hard/crtbegin.o
LOAD E:/ST/STM32CubeIDE_1.18.0/STM32CubeIDE/plugins/com.st.stm32cube.ide.mcu.externaltools.gnu-tools-for-stm32.13.3.rel1.win32_1.0.0.202411081344/tools/bin/../lib/gcc/arm-none-eabi/13.3.1/../../../../arm-none-eabi/lib/thumb/v7e-m+dp/hard/crt0.o
LOAD ./Code/Third-Party_lib/Debug_Protocol/Debug_Protocol.o
LOAD ./Code/Third-Party_lib/Debug_Protocol/PerformanceTest.o
LOAD ./Code/User/User_Code.o
LOAD ./Core/Src/main.o
LOAD ./Core/Src/stm32h7xx_hal_msp.o
LOAD ./Core/Src/stm32h7xx_it.o
LOAD ./Core/Src/syscalls.o
LOAD ./Core/Src/sysmem.o
LOAD ./Core/Src/system_stm32h7xx.o
LOAD ./Core/Startup/startup_stm32h743vitx.o
LOAD ./Drivers/STM32H7xx_HAL_Driver/Src/stm32h7xx_hal.o
LOAD ./Drivers/STM32H7xx_HAL_Driver/Src/stm32h7xx_hal_cortex.o
LOAD ./Drivers/STM32H7xx_HAL_Driver/Src/stm32h7xx_hal_dma.o
LOAD ./Drivers/STM32H7xx_HAL_Driver/Src/stm32h7xx_hal_dma_ex.o
LOAD ./Drivers/STM32H7xx_HAL_Driver/Src/stm32h7xx_hal_exti.o
LOAD ./Drivers/STM32H7xx_HAL_Driver/Src/stm32h7xx_hal_flash.o
LOAD ./Drivers/STM32H7xx_HAL_Driver/Src/stm32h7xx_hal_flash_ex.o
LOAD ./Drivers/STM32H7xx_HAL_Driver/Src/stm32h7xx_hal_gpio.o
LOAD ./Drivers/STM32H7xx_HAL_Driver/Src/stm32h7xx_hal_hsem.o
LOAD ./Drivers/STM32H7xx_HAL_Driver/Src/stm32h7xx_hal_i2c.o
LOAD ./Drivers/STM32H7xx_HAL_Driver/Src/stm32h7xx_hal_i2c_ex.o
LOAD ./Drivers/STM32H7xx_HAL_Driver/Src/stm32h7xx_hal_mdma.o
LOAD ./Drivers/STM32H7xx_HAL_Driver/Src/stm32h7xx_hal_pcd.o
LOAD ./Drivers/STM32H7xx_HAL_Driver/Src/stm32h7xx_hal_pcd_ex.o
LOAD ./Drivers/STM32H7xx_HAL_Driver/Src/stm32h7xx_hal_pwr.o
LOAD ./Drivers/STM32H7xx_HAL_Driver/Src/stm32h7xx_hal_pwr_ex.o
LOAD ./Drivers/STM32H7xx_HAL_Driver/Src/stm32h7xx_hal_rcc.o
LOAD ./Drivers/STM32H7xx_HAL_Driver/Src/stm32h7xx_hal_rcc_ex.o
LOAD ./Drivers/STM32H7xx_HAL_Driver/Src/stm32h7xx_hal_uart.o
LOAD ./Drivers/STM32H7xx_HAL_Driver/Src/stm32h7xx_hal_uart_ex.o
LOAD ./Drivers/STM32H7xx_HAL_Driver/Src/stm32h7xx_ll_usb.o
LOAD ./Middlewares/ST/STM32_USB_Device_Library/Class/CDC/Src/usbd_cdc.o
LOAD ./Middlewares/ST/STM32_USB_Device_Library/Core/Src/usbd_core.o
LOAD ./Middlewares/ST/STM32_USB_Device_Library/Core/Src/usbd_ctlreq.o
LOAD ./Middlewares/ST/STM32_USB_Device_Library/Core/Src/usbd_ioreq.o
LOAD ./USB_DEVICE/App/usb_device.o
LOAD ./USB_DEVICE/App/usbd_cdc_if.o
LOAD ./USB_DEVICE/App/usbd_desc.o
LOAD ./USB_DEVICE/Target/usbd_conf.o
START GROUP
LOAD E:/ST/STM32CubeIDE_1.18.0/STM32CubeIDE/plugins/com.st.stm32cube.ide.mcu.externaltools.gnu-tools-for-stm32.13.3.rel1.win32_1.0.0.202411081344/tools/bin/../lib/gcc/arm-none-eabi/13.3.1/../../../../arm-none-eabi/lib/thumb/v7e-m+dp/hard\libc_nano.a
LOAD E:/ST/STM32CubeIDE_1.18.0/STM32CubeIDE/plugins/com.st.stm32cube.ide.mcu.externaltools.gnu-tools-for-stm32.13.3.rel1.win32_1.0.0.202411081344/tools/bin/../lib/gcc/arm-none-eabi/13.3.1/../../../../arm-none-eabi/lib/thumb/v7e-m+dp/hard\libm.a
END GROUP
START GROUP
LOAD E:/ST/STM32CubeIDE_1.18.0/STM32CubeIDE/plugins/com.st.stm32cube.ide.mcu.externaltools.gnu-tools-for-stm32.13.3.rel1.win32_1.0.0.202411081344/tools/bin/../lib/gcc/arm-none-eabi/13.3.1/thumb/v7e-m+dp/hard\libgcc.a
LOAD E:/ST/STM32CubeIDE_1.18.0/STM32CubeIDE/plugins/com.st.stm32cube.ide.mcu.externaltools.gnu-tools-for-stm32.13.3.rel1.win32_1.0.0.202411081344/tools/bin/../lib/gcc/arm-none-eabi/13.3.1/../../../../arm-none-eabi/lib/thumb/v7e-m+dp/hard\libc_nano.a
END GROUP
START GROUP
LOAD E:/ST/STM32CubeIDE_1.18.0/STM32CubeIDE/plugins/com.st.stm32cube.ide.mcu.externaltools.gnu-tools-for-stm32.13.3.rel1.win32_1.0.0.202411081344/tools/bin/../lib/gcc/arm-none-eabi/13.3.1/thumb/v7e-m+dp/hard\libgcc.a
LOAD E:/ST/STM32CubeIDE_1.18.0/STM32CubeIDE/plugins/com.st.stm32cube.ide.mcu.externaltools.gnu-tools-for-stm32.13.3.rel1.win32_1.0.0.202411081344/tools/bin/../lib/gcc/arm-none-eabi/13.3.1/../../../../arm-none-eabi/lib/thumb/v7e-m+dp/hard\libc_nano.a
LOAD E:/ST/STM32CubeIDE_1.18.0/STM32CubeIDE/plugins/com.st.stm32cube.ide.mcu.externaltools.gnu-tools-for-stm32.13.3.rel1.win32_1.0.0.202411081344/tools/bin/../lib/gcc/arm-none-eabi/13.3.1/../../../../arm-none-eabi/lib/thumb/v7e-m+dp/hard\libnosys.a
END GROUP
START GROUP
LOAD E:/ST/STM32CubeIDE_1.18.0/STM32CubeIDE/plugins/com.st.stm32cube.ide.mcu.externaltools.gnu-tools-for-stm32.13.3.rel1.win32_1.0.0.202411081344/tools/bin/../lib/gcc/arm-none-eabi/13.3.1/thumb/v7e-m+dp/hard\libgcc.a
LOAD E:/ST/STM32CubeIDE_1.18.0/STM32CubeIDE/plugins/com.st.stm32cube.ide.mcu.externaltools.gnu-tools-for-stm32.13.3.rel1.win32_1.0.0.202411081344/tools/bin/../lib/gcc/arm-none-eabi/13.3.1/../../../../arm-none-eabi/lib/thumb/v7e-m+dp/hard\libc_nano.a
LOAD E:/ST/STM32CubeIDE_1.18.0/STM32CubeIDE/plugins/com.st.stm32cube.ide.mcu.externaltools.gnu-tools-for-stm32.13.3.rel1.win32_1.0.0.202411081344/tools/bin/../lib/gcc/arm-none-eabi/13.3.1/../../../../arm-none-eabi/lib/thumb/v7e-m+dp/hard\libnosys.a
END GROUP
LOAD E:/ST/STM32CubeIDE_1.18.0/STM32CubeIDE/plugins/com.st.stm32cube.ide.mcu.externaltools.gnu-tools-for-stm32.13.3.rel1.win32_1.0.0.202411081344/tools/bin/../lib/gcc/arm-none-eabi/13.3.1/thumb/v7e-m+dp/hard/crtend.o
LOAD E:/ST/STM32CubeIDE_1.18.0/STM32CubeIDE/plugins/com.st.stm32cube.ide.mcu.externaltools.gnu-tools-for-stm32.13.3.rel1.win32_1.0.0.202411081344/tools/bin/../lib/gcc/arm-none-eabi/13.3.1/thumb/v7e-m+dp/hard/crtn.o
                0x24080000                        _estack = (ORIGIN (RAM_D1) + LENGTH (RAM_D1))
                0x00000200                        _Min_Heap_Size = 0x200
                0x00000400                        _Min_Stack_Size = 0x400

.isr_vector     0x08000000      0x298
                0x08000000                        . = ALIGN (0x4)
 *(.isr_vector)
 .isr_vector    0x08000000      0x298 ./Core/Startup/startup_stm32h743vitx.o
                0x08000000                g_pfnVectors
                0x08000298                        . = ALIGN (0x4)

.text           0x080002a0    0x11638
                0x080002a0                        . = ALIGN (0x4)
 *(.text)
 .text          0x080002a0       0x40 E:/ST/STM32CubeIDE_1.18.0/STM32CubeIDE/plugins/com.st.stm32cube.ide.mcu.externaltools.gnu-tools-for-stm32.13.3.rel1.win32_1.0.0.202411081344/tools/bin/../lib/gcc/arm-none-eabi/13.3.1/thumb/v7e-m+dp/hard/crtbegin.o
 .text          0x080002e0       0x14 E:/ST/STM32CubeIDE_1.18.0/STM32CubeIDE/plugins/com.st.stm32cube.ide.mcu.externaltools.gnu-tools-for-stm32.13.3.rel1.win32_1.0.0.202411081344/tools/bin/../lib/gcc/arm-none-eabi/13.3.1/../../../../arm-none-eabi/lib/thumb/v7e-m+dp/hard\libc_nano.a(libc_a-strcmp.o)
                0x080002e0                strcmp
 *fill*         0x080002f4        0xc 
 .text          0x08000300       0xa0 E:/ST/STM32CubeIDE_1.18.0/STM32CubeIDE/plugins/com.st.stm32cube.ide.mcu.externaltools.gnu-tools-for-stm32.13.3.rel1.win32_1.0.0.202411081344/tools/bin/../lib/gcc/arm-none-eabi/13.3.1/../../../../arm-none-eabi/lib/thumb/v7e-m+dp/hard\libc_nano.a(libc_a-memchr.o)
                0x08000300                memchr
 .text          0x080003a0       0x10 E:/ST/STM32CubeIDE_1.18.0/STM32CubeIDE/plugins/com.st.stm32cube.ide.mcu.externaltools.gnu-tools-for-stm32.13.3.rel1.win32_1.0.0.202411081344/tools/bin/../lib/gcc/arm-none-eabi/13.3.1/../../../../arm-none-eabi/lib/thumb/v7e-m+dp/hard\libc_nano.a(libc_a-strlen.o)
                0x080003a0                strlen
 .text          0x080003b0      0x378 E:/ST/STM32CubeIDE_1.18.0/STM32CubeIDE/plugins/com.st.stm32cube.ide.mcu.externaltools.gnu-tools-for-stm32.13.3.rel1.win32_1.0.0.202411081344/tools/bin/../lib/gcc/arm-none-eabi/13.3.1/thumb/v7e-m+dp/hard\libgcc.a(_arm_addsubdf3.o)
                0x080003b0                __aeabi_drsub
                0x080003b8                __aeabi_dsub
                0x080003b8                __subdf3
                0x080003bc                __aeabi_dadd
                0x080003bc                __adddf3
                0x08000634                __floatunsidf
                0x08000634                __aeabi_ui2d
                0x08000654                __floatsidf
                0x08000654                __aeabi_i2d
                0x08000678                __aeabi_f2d
                0x08000678                __extendsfdf2
                0x080006bc                __floatundidf
                0x080006bc                __aeabi_ul2d
                0x080006cc                __floatdidf
                0x080006cc                __aeabi_l2d
 .text          0x08000728       0x30 E:/ST/STM32CubeIDE_1.18.0/STM32CubeIDE/plugins/com.st.stm32cube.ide.mcu.externaltools.gnu-tools-for-stm32.13.3.rel1.win32_1.0.0.202411081344/tools/bin/../lib/gcc/arm-none-eabi/13.3.1/thumb/v7e-m+dp/hard\libgcc.a(_aeabi_uldivmod.o)
                0x08000728                __aeabi_uldivmod
 .text          0x08000758       0x30 E:/ST/STM32CubeIDE_1.18.0/STM32CubeIDE/plugins/com.st.stm32cube.ide.mcu.externaltools.gnu-tools-for-stm32.13.3.rel1.win32_1.0.0.202411081344/tools/bin/../lib/gcc/arm-none-eabi/13.3.1/thumb/v7e-m+dp/hard\libgcc.a(_fixdfdi.o)
                0x08000758                __fixdfdi
                0x08000758                __aeabi_d2lz
 .text          0x08000788       0x40 E:/ST/STM32CubeIDE_1.18.0/STM32CubeIDE/plugins/com.st.stm32cube.ide.mcu.externaltools.gnu-tools-for-stm32.13.3.rel1.win32_1.0.0.202411081344/tools/bin/../lib/gcc/arm-none-eabi/13.3.1/thumb/v7e-m+dp/hard\libgcc.a(_fixunsdfdi.o)
                0x08000788                __fixunsdfdi
                0x08000788                __aeabi_d2ulz
 .text          0x080007c8      0x2f8 E:/ST/STM32CubeIDE_1.18.0/STM32CubeIDE/plugins/com.st.stm32cube.ide.mcu.externaltools.gnu-tools-for-stm32.13.3.rel1.win32_1.0.0.202411081344/tools/bin/../lib/gcc/arm-none-eabi/13.3.1/thumb/v7e-m+dp/hard\libgcc.a(_udivmoddi4.o)
                0x080007c8                __udivmoddi4
 .text          0x08000ac0        0x4 E:/ST/STM32CubeIDE_1.18.0/STM32CubeIDE/plugins/com.st.stm32cube.ide.mcu.externaltools.gnu-tools-for-stm32.13.3.rel1.win32_1.0.0.202411081344/tools/bin/../lib/gcc/arm-none-eabi/13.3.1/thumb/v7e-m+dp/hard\libgcc.a(_dvmd_tls.o)
                0x08000ac0                __aeabi_idiv0
                0x08000ac0                __aeabi_ldiv0
 *(.text*)
 .text.Rec_Proc
                0x08000ac4       0xbc ./Code/Third-Party_lib/Debug_Protocol/Debug_Protocol.o
                0x08000ac4                Rec_Proc
 .text.Protocol_Reset
                0x08000b80       0x44 ./Code/Third-Party_lib/Debug_Protocol/Debug_Protocol.o
                0x08000b80                Protocol_Reset
 .text.Ptr_Dect
                0x08000bc4       0x3c ./Code/Third-Party_lib/Debug_Protocol/Debug_Protocol.o
                0x08000bc4                Ptr_Dect
 .text.Protocol
                0x08000c00      0x620 ./Code/Third-Party_lib/Debug_Protocol/Debug_Protocol.o
                0x08000c00                Protocol
 .text.Protocol_Init
                0x08001220       0x30 ./Code/Third-Party_lib/Debug_Protocol/Debug_Protocol.o
                0x08001220                Protocol_Init
 .text.Val_Create
                0x08001250       0x54 ./Code/Third-Party_lib/Debug_Protocol/Debug_Protocol.o
                0x08001250                Val_Create
 .text.Get_Write_Ptr
                0x080012a4       0x1e ./Code/Third-Party_lib/Debug_Protocol/Debug_Protocol.o
                0x080012a4                Get_Write_Ptr
 .text.Get_Read_Ptr
                0x080012c2       0x1e ./Code/Third-Party_lib/Debug_Protocol/Debug_Protocol.o
                0x080012c2                Get_Read_Ptr
 .text.Get_Read_Remain
                0x080012e0       0x22 ./Code/Third-Party_lib/Debug_Protocol/Debug_Protocol.o
                0x080012e0                Get_Read_Remain
 .text.__io_putchar
                0x08001302       0x32 ./Code/User/User_Code.o
                0x08001302                __io_putchar
 .text.HAL_UART_RxCpltCallback
                0x08001334       0x48 ./Code/User/User_Code.o
                0x08001334                HAL_UART_RxCpltCallback
 .text.User_Main
                0x0800137c       0xc8 ./Code/User/User_Code.o
                0x0800137c                User_Main
 .text.main     0x08001444       0x24 ./Core/Src/main.o
                0x08001444                main
 .text.SystemClock_Config
                0x08001468       0xf8 ./Core/Src/main.o
                0x08001468                SystemClock_Config
 .text.MX_USART1_UART_Init
                0x08001560       0x98 ./Core/Src/main.o
 .text.MX_GPIO_Init
                0x080015f8       0xa8 ./Core/Src/main.o
 .text.MPU_Config
                0x080016a0       0x58 ./Core/Src/main.o
 .text.Error_Handler
                0x080016f8        0xc ./Core/Src/main.o
                0x080016f8                Error_Handler
 .text.HAL_MspInit
                0x08001704       0x34 ./Core/Src/stm32h7xx_hal_msp.o
                0x08001704                HAL_MspInit
 .text.HAL_UART_MspInit
                0x08001738       0xe4 ./Core/Src/stm32h7xx_hal_msp.o
                0x08001738                HAL_UART_MspInit
 .text.NMI_Handler
                0x0800181c        0x8 ./Core/Src/stm32h7xx_it.o
                0x0800181c                NMI_Handler
 .text.HardFault_Handler
                0x08001824        0x8 ./Core/Src/stm32h7xx_it.o
                0x08001824                HardFault_Handler
 .text.MemManage_Handler
                0x0800182c        0x8 ./Core/Src/stm32h7xx_it.o
                0x0800182c                MemManage_Handler
 .text.BusFault_Handler
                0x08001834        0x8 ./Core/Src/stm32h7xx_it.o
                0x08001834                BusFault_Handler
 .text.UsageFault_Handler
                0x0800183c        0x8 ./Core/Src/stm32h7xx_it.o
                0x0800183c                UsageFault_Handler
 .text.SVC_Handler
                0x08001844        0xe ./Core/Src/stm32h7xx_it.o
                0x08001844                SVC_Handler
 .text.DebugMon_Handler
                0x08001852        0xe ./Core/Src/stm32h7xx_it.o
                0x08001852                DebugMon_Handler
 .text.PendSV_Handler
                0x08001860        0xe ./Core/Src/stm32h7xx_it.o
                0x08001860                PendSV_Handler
 .text.SysTick_Handler
                0x0800186e        0xc ./Core/Src/stm32h7xx_it.o
                0x0800186e                SysTick_Handler
 *fill*         0x0800187a        0x2 
 .text.USART1_IRQHandler
                0x0800187c       0x14 ./Core/Src/stm32h7xx_it.o
                0x0800187c                USART1_IRQHandler
 .text.OTG_FS_EP1_OUT_IRQHandler
                0x08001890       0x14 ./Core/Src/stm32h7xx_it.o
                0x08001890                OTG_FS_EP1_OUT_IRQHandler
 .text.OTG_FS_EP1_IN_IRQHandler
                0x080018a4       0x14 ./Core/Src/stm32h7xx_it.o
                0x080018a4                OTG_FS_EP1_IN_IRQHandler
 .text.OTG_FS_IRQHandler
                0x080018b8       0x14 ./Core/Src/stm32h7xx_it.o
                0x080018b8                OTG_FS_IRQHandler
 .text._getpid  0x080018cc       0x10 ./Core/Src/syscalls.o
                0x080018cc                _getpid
 .text._kill    0x080018dc       0x20 ./Core/Src/syscalls.o
                0x080018dc                _kill
 .text._exit    0x080018fc       0x16 ./Core/Src/syscalls.o
                0x080018fc                _exit
 .text._read    0x08001912       0x3a ./Core/Src/syscalls.o
                0x08001912                _read
 .text._write   0x0800194c       0x38 ./Core/Src/syscalls.o
                0x0800194c                _write
 .text._close   0x08001984       0x18 ./Core/Src/syscalls.o
                0x08001984                _close
 .text._fstat   0x0800199c       0x20 ./Core/Src/syscalls.o
                0x0800199c                _fstat
 .text._isatty  0x080019bc       0x16 ./Core/Src/syscalls.o
                0x080019bc                _isatty
 .text._lseek   0x080019d2       0x1a ./Core/Src/syscalls.o
                0x080019d2                _lseek
 .text._sbrk    0x080019ec       0x6c ./Core/Src/sysmem.o
                0x080019ec                _sbrk
 .text.SystemInit
                0x08001a58      0x140 ./Core/Src/system_stm32h7xx.o
                0x08001a58                SystemInit
 .text.ExitRun0Mode
                0x08001b98       0x30 ./Core/Src/system_stm32h7xx.o
                0x08001b98                ExitRun0Mode
 .text.Reset_Handler
                0x08001bc8       0x54 ./Core/Startup/startup_stm32h743vitx.o
                0x08001bc8                Reset_Handler
 .text.Default_Handler
                0x08001c1c        0x2 ./Core/Startup/startup_stm32h743vitx.o
                0x08001c1c                RTC_Alarm_IRQHandler
                0x08001c1c                EXTI2_IRQHandler
                0x08001c1c                TIM8_CC_IRQHandler
                0x08001c1c                HRTIM1_Master_IRQHandler
                0x08001c1c                UART8_IRQHandler
                0x08001c1c                SPI4_IRQHandler
                0x08001c1c                TIM1_CC_IRQHandler
                0x08001c1c                BDMA_Channel6_IRQHandler
                0x08001c1c                DMA2_Stream5_IRQHandler
                0x08001c1c                HRTIM1_FLT_IRQHandler
                0x08001c1c                JPEG_IRQHandler
                0x08001c1c                DMA1_Stream5_IRQHandler
                0x08001c1c                BDMA_Channel1_IRQHandler
                0x08001c1c                HRTIM1_TIMD_IRQHandler
                0x08001c1c                TAMP_STAMP_IRQHandler
                0x08001c1c                EXTI3_IRQHandler
                0x08001c1c                LPTIM4_IRQHandler
                0x08001c1c                TIM8_TRG_COM_TIM14_IRQHandler
                0x08001c1c                LPTIM2_IRQHandler
                0x08001c1c                DFSDM1_FLT1_IRQHandler
                0x08001c1c                DMAMUX2_OVR_IRQHandler
                0x08001c1c                TIM8_UP_TIM13_IRQHandler
                0x08001c1c                I2C3_ER_IRQHandler
                0x08001c1c                DFSDM1_FLT2_IRQHandler
                0x08001c1c                MDMA_IRQHandler
                0x08001c1c                LPTIM3_IRQHandler
                0x08001c1c                HSEM1_IRQHandler
                0x08001c1c                EXTI0_IRQHandler
                0x08001c1c                I2C2_EV_IRQHandler
                0x08001c1c                DMA1_Stream2_IRQHandler
                0x08001c1c                FPU_IRQHandler
                0x08001c1c                OTG_HS_WKUP_IRQHandler
                0x08001c1c                FDCAN1_IT1_IRQHandler
                0x08001c1c                LTDC_ER_IRQHandler
                0x08001c1c                DMA2_Stream2_IRQHandler
                0x08001c1c                HRTIM1_TIME_IRQHandler
                0x08001c1c                SPI1_IRQHandler
                0x08001c1c                TIM6_DAC_IRQHandler
                0x08001c1c                DCMI_IRQHandler
                0x08001c1c                HRTIM1_TIMC_IRQHandler
                0x08001c1c                DMA2_Stream3_IRQHandler
                0x08001c1c                SAI2_IRQHandler
                0x08001c1c                DFSDM1_FLT3_IRQHandler
                0x08001c1c                USART6_IRQHandler
                0x08001c1c                TIM17_IRQHandler
                0x08001c1c                USART3_IRQHandler
                0x08001c1c                BDMA_Channel7_IRQHandler
                0x08001c1c                LPTIM5_IRQHandler
                0x08001c1c                UART5_IRQHandler
                0x08001c1c                ADC3_IRQHandler
                0x08001c1c                DMA2_Stream0_IRQHandler
                0x08001c1c                TIM4_IRQHandler
                0x08001c1c                BDMA_Channel2_IRQHandler
                0x08001c1c                QUADSPI_IRQHandler
                0x08001c1c                I2C1_EV_IRQHandler
                0x08001c1c                DMA1_Stream6_IRQHandler
                0x08001c1c                DMAMUX1_OVR_IRQHandler
                0x08001c1c                DMA1_Stream1_IRQHandler
                0x08001c1c                TIM16_IRQHandler
                0x08001c1c                UART4_IRQHandler
                0x08001c1c                BDMA_Channel5_IRQHandler
                0x08001c1c                TIM3_IRQHandler
                0x08001c1c                RCC_IRQHandler
                0x08001c1c                TIM8_BRK_TIM12_IRQHandler
                0x08001c1c                TIM1_TRG_COM_IRQHandler
                0x08001c1c                Default_Handler
                0x08001c1c                ECC_IRQHandler
                0x08001c1c                CEC_IRQHandler
                0x08001c1c                EXTI15_10_IRQHandler
                0x08001c1c                BDMA_Channel0_IRQHandler
                0x08001c1c                ADC_IRQHandler
                0x08001c1c                DMA1_Stream7_IRQHandler
                0x08001c1c                HRTIM1_TIMA_IRQHandler
                0x08001c1c                SPI5_IRQHandler
                0x08001c1c                TIM7_IRQHandler
                0x08001c1c                SDMMC1_IRQHandler
                0x08001c1c                TIM5_IRQHandler
                0x08001c1c                DMA2_Stream7_IRQHandler
                0x08001c1c                TIM15_IRQHandler
                0x08001c1c                PVD_AVD_IRQHandler
                0x08001c1c                I2C3_EV_IRQHandler
                0x08001c1c                EXTI9_5_IRQHandler
                0x08001c1c                RTC_WKUP_IRQHandler
                0x08001c1c                LTDC_IRQHandler
                0x08001c1c                SAI3_IRQHandler
                0x08001c1c                ETH_WKUP_IRQHandler
                0x08001c1c                SPDIF_RX_IRQHandler
                0x08001c1c                SPI2_IRQHandler
                0x08001c1c                OTG_HS_EP1_IN_IRQHandler
                0x08001c1c                DMA1_Stream0_IRQHandler
                0x08001c1c                CRS_IRQHandler
                0x08001c1c                EXTI4_IRQHandler
                0x08001c1c                RNG_IRQHandler
                0x08001c1c                HRTIM1_TIMB_IRQHandler
                0x08001c1c                FDCAN2_IT1_IRQHandler
                0x08001c1c                ETH_IRQHandler
                0x08001c1c                TIM1_UP_IRQHandler
                0x08001c1c                BDMA_Channel4_IRQHandler
                0x08001c1c                OTG_HS_EP1_OUT_IRQHandler
                0x08001c1c                WWDG_IRQHandler
                0x08001c1c                SPI6_IRQHandler
                0x08001c1c                MDIOS_IRQHandler
                0x08001c1c                I2C4_EV_IRQHandler
                0x08001c1c                FDCAN2_IT0_IRQHandler
                0x08001c1c                LPUART1_IRQHandler
                0x08001c1c                FDCAN1_IT0_IRQHandler
                0x08001c1c                TIM2_IRQHandler
                0x08001c1c                OTG_FS_WKUP_IRQHandler
                0x08001c1c                OTG_HS_IRQHandler
                0x08001c1c                DMA2D_IRQHandler
                0x08001c1c                TIM1_BRK_IRQHandler
                0x08001c1c                EXTI1_IRQHandler
                0x08001c1c                SDMMC2_IRQHandler
                0x08001c1c                BDMA_Channel3_IRQHandler
                0x08001c1c                UART7_IRQHandler
                0x08001c1c                MDIOS_WKUP_IRQHandler
                0x08001c1c                USART2_IRQHandler
                0x08001c1c                DFSDM1_FLT0_IRQHandler
                0x08001c1c                SAI4_IRQHandler
                0x08001c1c                I2C2_ER_IRQHandler
                0x08001c1c                DMA2_Stream1_IRQHandler
                0x08001c1c                FLASH_IRQHandler
                0x08001c1c                DMA2_Stream4_IRQHandler
                0x08001c1c                SPI3_IRQHandler
                0x08001c1c                WAKEUP_PIN_IRQHandler
                0x08001c1c                DMA1_Stream4_IRQHandler
                0x08001c1c                I2C1_ER_IRQHandler
                0x08001c1c                FMC_IRQHandler
                0x08001c1c                FDCAN_CAL_IRQHandler
                0x08001c1c                SWPMI1_IRQHandler
                0x08001c1c                COMP1_IRQHandler
                0x08001c1c                LPTIM1_IRQHandler
                0x08001c1c                I2C4_ER_IRQHandler
                0x08001c1c                DMA2_Stream6_IRQHandler
                0x08001c1c                SAI1_IRQHandler
                0x08001c1c                DMA1_Stream3_IRQHandler
 *fill*         0x08001c1e        0x2 
 .text.HAL_Init
                0x08001c20       0x78 ./Drivers/STM32H7xx_HAL_Driver/Src/stm32h7xx_hal.o
                0x08001c20                HAL_Init
 .text.HAL_InitTick
                0x08001c98       0x6c ./Drivers/STM32H7xx_HAL_Driver/Src/stm32h7xx_hal.o
                0x08001c98                HAL_InitTick
 .text.HAL_IncTick
                0x08001d04       0x28 ./Drivers/STM32H7xx_HAL_Driver/Src/stm32h7xx_hal.o
                0x08001d04                HAL_IncTick
 .text.HAL_GetTick
                0x08001d2c       0x18 ./Drivers/STM32H7xx_HAL_Driver/Src/stm32h7xx_hal.o
                0x08001d2c                HAL_GetTick
 .text.HAL_Delay
                0x08001d44       0x48 ./Drivers/STM32H7xx_HAL_Driver/Src/stm32h7xx_hal.o
                0x08001d44                HAL_Delay
 .text.HAL_GetREVID
                0x08001d8c       0x18 ./Drivers/STM32H7xx_HAL_Driver/Src/stm32h7xx_hal.o
                0x08001d8c                HAL_GetREVID
 .text.__NVIC_SetPriorityGrouping
                0x08001da4       0x48 ./Drivers/STM32H7xx_HAL_Driver/Src/stm32h7xx_hal_cortex.o
 .text.__NVIC_GetPriorityGrouping
                0x08001dec       0x1c ./Drivers/STM32H7xx_HAL_Driver/Src/stm32h7xx_hal_cortex.o
 .text.__NVIC_EnableIRQ
                0x08001e08       0x3c ./Drivers/STM32H7xx_HAL_Driver/Src/stm32h7xx_hal_cortex.o
 .text.__NVIC_SetPriority
                0x08001e44       0x54 ./Drivers/STM32H7xx_HAL_Driver/Src/stm32h7xx_hal_cortex.o
 .text.NVIC_EncodePriority
                0x08001e98       0x66 ./Drivers/STM32H7xx_HAL_Driver/Src/stm32h7xx_hal_cortex.o
 *fill*         0x08001efe        0x2 
 .text.SysTick_Config
                0x08001f00       0x44 ./Drivers/STM32H7xx_HAL_Driver/Src/stm32h7xx_hal_cortex.o
 .text.HAL_NVIC_SetPriorityGrouping
                0x08001f44       0x16 ./Drivers/STM32H7xx_HAL_Driver/Src/stm32h7xx_hal_cortex.o
                0x08001f44                HAL_NVIC_SetPriorityGrouping
 .text.HAL_NVIC_SetPriority
                0x08001f5a       0x34 ./Drivers/STM32H7xx_HAL_Driver/Src/stm32h7xx_hal_cortex.o
                0x08001f5a                HAL_NVIC_SetPriority
 .text.HAL_NVIC_EnableIRQ
                0x08001f8e       0x1c ./Drivers/STM32H7xx_HAL_Driver/Src/stm32h7xx_hal_cortex.o
                0x08001f8e                HAL_NVIC_EnableIRQ
 .text.HAL_SYSTICK_Config
                0x08001faa       0x18 ./Drivers/STM32H7xx_HAL_Driver/Src/stm32h7xx_hal_cortex.o
                0x08001faa                HAL_SYSTICK_Config
 *fill*         0x08001fc2        0x2 
 .text.HAL_MPU_Disable
                0x08001fc4       0x30 ./Drivers/STM32H7xx_HAL_Driver/Src/stm32h7xx_hal_cortex.o
                0x08001fc4                HAL_MPU_Disable
 .text.HAL_MPU_Enable
                0x08001ff4       0x40 ./Drivers/STM32H7xx_HAL_Driver/Src/stm32h7xx_hal_cortex.o
                0x08001ff4                HAL_MPU_Enable
 .text.HAL_MPU_ConfigRegion
                0x08002034       0x80 ./Drivers/STM32H7xx_HAL_Driver/Src/stm32h7xx_hal_cortex.o
                0x08002034                HAL_MPU_ConfigRegion
 .text.HAL_DMA_Abort
                0x080020b4      0x63c ./Drivers/STM32H7xx_HAL_Driver/Src/stm32h7xx_hal_dma.o
                0x080020b4                HAL_DMA_Abort
 .text.HAL_DMA_Abort_IT
                0x080026f0      0x48c ./Drivers/STM32H7xx_HAL_Driver/Src/stm32h7xx_hal_dma.o
                0x080026f0                HAL_DMA_Abort_IT
 .text.HAL_GPIO_Init
                0x08002b7c      0x360 ./Drivers/STM32H7xx_HAL_Driver/Src/stm32h7xx_hal_gpio.o
                0x08002b7c                HAL_GPIO_Init
 .text.HAL_GPIO_WritePin
                0x08002edc       0x32 ./Drivers/STM32H7xx_HAL_Driver/Src/stm32h7xx_hal_gpio.o
                0x08002edc                HAL_GPIO_WritePin
 .text.HAL_PCD_Init
                0x08002f0e      0x218 ./Drivers/STM32H7xx_HAL_Driver/Src/stm32h7xx_hal_pcd.o
                0x08002f0e                HAL_PCD_Init
 .text.HAL_PCD_Start
                0x08003126       0x6a ./Drivers/STM32H7xx_HAL_Driver/Src/stm32h7xx_hal_pcd.o
                0x08003126                HAL_PCD_Start
 .text.HAL_PCD_IRQHandler
                0x08003190      0x99c ./Drivers/STM32H7xx_HAL_Driver/Src/stm32h7xx_hal_pcd.o
                0x08003190                HAL_PCD_IRQHandler
 .text.HAL_PCD_SetAddress
                0x08003b2c       0x48 ./Drivers/STM32H7xx_HAL_Driver/Src/stm32h7xx_hal_pcd.o
                0x08003b2c                HAL_PCD_SetAddress
 .text.HAL_PCD_EP_Open
                0x08003b74       0xd4 ./Drivers/STM32H7xx_HAL_Driver/Src/stm32h7xx_hal_pcd.o
                0x08003b74                HAL_PCD_EP_Open
 .text.HAL_PCD_EP_Close
                0x08003c48       0x94 ./Drivers/STM32H7xx_HAL_Driver/Src/stm32h7xx_hal_pcd.o
                0x08003c48                HAL_PCD_EP_Close
 .text.HAL_PCD_EP_Receive
                0x08003cdc       0x76 ./Drivers/STM32H7xx_HAL_Driver/Src/stm32h7xx_hal_pcd.o
                0x08003cdc                HAL_PCD_EP_Receive
 .text.HAL_PCD_EP_GetRxCount
                0x08003d52       0x30 ./Drivers/STM32H7xx_HAL_Driver/Src/stm32h7xx_hal_pcd.o
                0x08003d52                HAL_PCD_EP_GetRxCount
 .text.HAL_PCD_EP_Transmit
                0x08003d82       0x74 ./Drivers/STM32H7xx_HAL_Driver/Src/stm32h7xx_hal_pcd.o
                0x08003d82                HAL_PCD_EP_Transmit
 .text.HAL_PCD_EP_SetStall
                0x08003df6       0xc6 ./Drivers/STM32H7xx_HAL_Driver/Src/stm32h7xx_hal_pcd.o
                0x08003df6                HAL_PCD_EP_SetStall
 .text.HAL_PCD_EP_ClrStall
                0x08003ebc       0xac ./Drivers/STM32H7xx_HAL_Driver/Src/stm32h7xx_hal_pcd.o
                0x08003ebc                HAL_PCD_EP_ClrStall
 .text.HAL_PCD_EP_Abort
                0x08003f68       0x62 ./Drivers/STM32H7xx_HAL_Driver/Src/stm32h7xx_hal_pcd.o
                0x08003f68                HAL_PCD_EP_Abort
 .text.PCD_WriteEmptyTxFifo
                0x08003fca      0x118 ./Drivers/STM32H7xx_HAL_Driver/Src/stm32h7xx_hal_pcd.o
 *fill*         0x080040e2        0x2 
 .text.PCD_EP_OutXfrComplete_int
                0x080040e4      0x1d0 ./Drivers/STM32H7xx_HAL_Driver/Src/stm32h7xx_hal_pcd.o
 .text.PCD_EP_OutSetupPacket_int
                0x080042b4       0x8c ./Drivers/STM32H7xx_HAL_Driver/Src/stm32h7xx_hal_pcd.o
 .text.HAL_PCDEx_SetTxFiFo
                0x08004340       0x8e ./Drivers/STM32H7xx_HAL_Driver/Src/stm32h7xx_hal_pcd_ex.o
                0x08004340                HAL_PCDEx_SetTxFiFo
 .text.HAL_PCDEx_SetRxFiFo
                0x080043ce       0x22 ./Drivers/STM32H7xx_HAL_Driver/Src/stm32h7xx_hal_pcd_ex.o
                0x080043ce                HAL_PCDEx_SetRxFiFo
 .text.HAL_PCDEx_ActivateLPM
                0x080043f0       0x48 ./Drivers/STM32H7xx_HAL_Driver/Src/stm32h7xx_hal_pcd_ex.o
                0x080043f0                HAL_PCDEx_ActivateLPM
 .text.HAL_PCDEx_LPM_Callback
                0x08004438       0x18 ./Drivers/STM32H7xx_HAL_Driver/Src/stm32h7xx_hal_pcd_ex.o
                0x08004438                HAL_PCDEx_LPM_Callback
 .text.HAL_PWREx_ConfigSupply
                0x08004450       0x74 ./Drivers/STM32H7xx_HAL_Driver/Src/stm32h7xx_hal_pwr_ex.o
                0x08004450                HAL_PWREx_ConfigSupply
 .text.HAL_PWREx_EnableUSBVoltageDetector
                0x080044c4       0x20 ./Drivers/STM32H7xx_HAL_Driver/Src/stm32h7xx_hal_pwr_ex.o
                0x080044c4                HAL_PWREx_EnableUSBVoltageDetector
 .text.HAL_RCC_OscConfig
                0x080044e4      0x8b4 ./Drivers/STM32H7xx_HAL_Driver/Src/stm32h7xx_hal_rcc.o
                0x080044e4                HAL_RCC_OscConfig
 .text.HAL_RCC_ClockConfig
                0x08004d98      0x36c ./Drivers/STM32H7xx_HAL_Driver/Src/stm32h7xx_hal_rcc.o
                0x08004d98                HAL_RCC_ClockConfig
 .text.HAL_RCC_GetSysClockFreq
                0x08005104      0x2f0 ./Drivers/STM32H7xx_HAL_Driver/Src/stm32h7xx_hal_rcc.o
                0x08005104                HAL_RCC_GetSysClockFreq
 .text.HAL_RCC_GetHCLKFreq
                0x080053f4       0x60 ./Drivers/STM32H7xx_HAL_Driver/Src/stm32h7xx_hal_rcc.o
                0x080053f4                HAL_RCC_GetHCLKFreq
 .text.HAL_RCC_GetPCLK1Freq
                0x08005454       0x2c ./Drivers/STM32H7xx_HAL_Driver/Src/stm32h7xx_hal_rcc.o
                0x08005454                HAL_RCC_GetPCLK1Freq
 .text.HAL_RCC_GetPCLK2Freq
                0x08005480       0x2c ./Drivers/STM32H7xx_HAL_Driver/Src/stm32h7xx_hal_rcc.o
                0x08005480                HAL_RCC_GetPCLK2Freq
 .text.HAL_RCCEx_PeriphCLKConfig
                0x080054ac     0x1414 ./Drivers/STM32H7xx_HAL_Driver/Src/stm32h7xx_hal_rcc_ex.o
                0x080054ac                HAL_RCCEx_PeriphCLKConfig
 .text.HAL_RCCEx_GetD3PCLK1Freq
                0x080068c0       0x2c ./Drivers/STM32H7xx_HAL_Driver/Src/stm32h7xx_hal_rcc_ex.o
                0x080068c0                HAL_RCCEx_GetD3PCLK1Freq
 .text.HAL_RCCEx_GetPLL2ClockFreq
                0x080068ec      0x2a8 ./Drivers/STM32H7xx_HAL_Driver/Src/stm32h7xx_hal_rcc_ex.o
                0x080068ec                HAL_RCCEx_GetPLL2ClockFreq
 .text.HAL_RCCEx_GetPLL3ClockFreq
                0x08006b94      0x2a8 ./Drivers/STM32H7xx_HAL_Driver/Src/stm32h7xx_hal_rcc_ex.o
                0x08006b94                HAL_RCCEx_GetPLL3ClockFreq
 .text.RCCEx_PLL2_Config
                0x08006e3c      0x164 ./Drivers/STM32H7xx_HAL_Driver/Src/stm32h7xx_hal_rcc_ex.o
 .text.RCCEx_PLL3_Config
                0x08006fa0      0x164 ./Drivers/STM32H7xx_HAL_Driver/Src/stm32h7xx_hal_rcc_ex.o
 .text.HAL_UART_Init
                0x08007104       0xa0 ./Drivers/STM32H7xx_HAL_Driver/Src/stm32h7xx_hal_uart.o
                0x08007104                HAL_UART_Init
 .text.HAL_UART_Receive_IT
                0x080071a4       0x98 ./Drivers/STM32H7xx_HAL_Driver/Src/stm32h7xx_hal_uart.o
                0x080071a4                HAL_UART_Receive_IT
 .text.HAL_UART_IRQHandler
                0x0800723c      0x7ac ./Drivers/STM32H7xx_HAL_Driver/Src/stm32h7xx_hal_uart.o
                0x0800723c                HAL_UART_IRQHandler
 .text.HAL_UART_TxCpltCallback
                0x080079e8       0x14 ./Drivers/STM32H7xx_HAL_Driver/Src/stm32h7xx_hal_uart.o
                0x080079e8                HAL_UART_TxCpltCallback
 .text.HAL_UART_ErrorCallback
                0x080079fc       0x14 ./Drivers/STM32H7xx_HAL_Driver/Src/stm32h7xx_hal_uart.o
                0x080079fc                HAL_UART_ErrorCallback
 .text.HAL_UARTEx_RxEventCallback
                0x08007a10       0x18 ./Drivers/STM32H7xx_HAL_Driver/Src/stm32h7xx_hal_uart.o
                0x08007a10                HAL_UARTEx_RxEventCallback
 .text.UART_SetConfig
                0x08007a28      0xad0 ./Drivers/STM32H7xx_HAL_Driver/Src/stm32h7xx_hal_uart.o
                0x08007a28                UART_SetConfig
 .text.UART_AdvFeatureConfig
                0x080084f8      0x144 ./Drivers/STM32H7xx_HAL_Driver/Src/stm32h7xx_hal_uart.o
                0x080084f8                UART_AdvFeatureConfig
 .text.UART_CheckIdleState
                0x0800863c      0x154 ./Drivers/STM32H7xx_HAL_Driver/Src/stm32h7xx_hal_uart.o
                0x0800863c                UART_CheckIdleState
 .text.UART_WaitOnFlagUntilTimeout
                0x08008790       0xda ./Drivers/STM32H7xx_HAL_Driver/Src/stm32h7xx_hal_uart.o
                0x08008790                UART_WaitOnFlagUntilTimeout
 *fill*         0x0800886a        0x2 
 .text.UART_Start_Receive_IT
                0x0800886c      0x244 ./Drivers/STM32H7xx_HAL_Driver/Src/stm32h7xx_hal_uart.o
                0x0800886c                UART_Start_Receive_IT
 .text.UART_EndRxTransfer
                0x08008ab0       0xcc ./Drivers/STM32H7xx_HAL_Driver/Src/stm32h7xx_hal_uart.o
 .text.UART_DMAAbortOnError
                0x08008b7c       0x24 ./Drivers/STM32H7xx_HAL_Driver/Src/stm32h7xx_hal_uart.o
 .text.UART_EndTransmit_IT
                0x08008ba0       0x56 ./Drivers/STM32H7xx_HAL_Driver/Src/stm32h7xx_hal_uart.o
 *fill*         0x08008bf6        0x2 
 .text.UART_RxISR_8BIT
                0x08008bf8      0x1b8 ./Drivers/STM32H7xx_HAL_Driver/Src/stm32h7xx_hal_uart.o
 .text.UART_RxISR_16BIT
                0x08008db0      0x1b8 ./Drivers/STM32H7xx_HAL_Driver/Src/stm32h7xx_hal_uart.o
 .text.UART_RxISR_8BIT_FIFOEN
                0x08008f68      0x364 ./Drivers/STM32H7xx_HAL_Driver/Src/stm32h7xx_hal_uart.o
 .text.UART_RxISR_16BIT_FIFOEN
                0x080092cc      0x36c ./Drivers/STM32H7xx_HAL_Driver/Src/stm32h7xx_hal_uart.o
 .text.HAL_UARTEx_WakeupCallback
                0x08009638       0x14 ./Drivers/STM32H7xx_HAL_Driver/Src/stm32h7xx_hal_uart_ex.o
                0x08009638                HAL_UARTEx_WakeupCallback
 .text.HAL_UARTEx_RxFifoFullCallback
                0x0800964c       0x14 ./Drivers/STM32H7xx_HAL_Driver/Src/stm32h7xx_hal_uart_ex.o
                0x0800964c                HAL_UARTEx_RxFifoFullCallback
 .text.HAL_UARTEx_TxFifoEmptyCallback
                0x08009660       0x14 ./Drivers/STM32H7xx_HAL_Driver/Src/stm32h7xx_hal_uart_ex.o
                0x08009660                HAL_UARTEx_TxFifoEmptyCallback
 .text.HAL_UARTEx_DisableFifoMode
                0x08009674       0x72 ./Drivers/STM32H7xx_HAL_Driver/Src/stm32h7xx_hal_uart_ex.o
                0x08009674                HAL_UARTEx_DisableFifoMode
 .text.HAL_UARTEx_SetTxFifoThreshold
                0x080096e6       0x7c ./Drivers/STM32H7xx_HAL_Driver/Src/stm32h7xx_hal_uart_ex.o
                0x080096e6                HAL_UARTEx_SetTxFifoThreshold
 .text.HAL_UARTEx_SetRxFifoThreshold
                0x08009762       0x7c ./Drivers/STM32H7xx_HAL_Driver/Src/stm32h7xx_hal_uart_ex.o
                0x08009762                HAL_UARTEx_SetRxFifoThreshold
 *fill*         0x080097de        0x2 
 .text.UARTEx_SetNbDataToProcess
                0x080097e0       0x9c ./Drivers/STM32H7xx_HAL_Driver/Src/stm32h7xx_hal_uart_ex.o
 .text.USB_CoreInit
                0x0800987c       0xe4 ./Drivers/STM32H7xx_HAL_Driver/Src/stm32h7xx_ll_usb.o
                0x0800987c                USB_CoreInit
 .text.USB_SetTurnaroundTime
                0x08009960      0x144 ./Drivers/STM32H7xx_HAL_Driver/Src/stm32h7xx_ll_usb.o
                0x08009960                USB_SetTurnaroundTime
 .text.USB_EnableGlobalInt
                0x08009aa4       0x22 ./Drivers/STM32H7xx_HAL_Driver/Src/stm32h7xx_ll_usb.o
                0x08009aa4                USB_EnableGlobalInt
 .text.USB_DisableGlobalInt
                0x08009ac6       0x22 ./Drivers/STM32H7xx_HAL_Driver/Src/stm32h7xx_ll_usb.o
                0x08009ac6                USB_DisableGlobalInt
 .text.USB_SetCurrentMode
                0x08009ae8       0x98 ./Drivers/STM32H7xx_HAL_Driver/Src/stm32h7xx_ll_usb.o
                0x08009ae8                USB_SetCurrentMode
 .text.USB_DevInit
                0x08009b80      0x2bc ./Drivers/STM32H7xx_HAL_Driver/Src/stm32h7xx_ll_usb.o
                0x08009b80                USB_DevInit
 .text.USB_FlushTxFifo
                0x08009e3c       0x64 ./Drivers/STM32H7xx_HAL_Driver/Src/stm32h7xx_ll_usb.o
                0x08009e3c                USB_FlushTxFifo
 .text.USB_FlushRxFifo
                0x08009ea0       0x5c ./Drivers/STM32H7xx_HAL_Driver/Src/stm32h7xx_ll_usb.o
                0x08009ea0                USB_FlushRxFifo
 .text.USB_SetDevSpeed
                0x08009efc       0x32 ./Drivers/STM32H7xx_HAL_Driver/Src/stm32h7xx_ll_usb.o
                0x08009efc                USB_SetDevSpeed
 .text.USB_GetDevSpeed
                0x08009f2e       0x4a ./Drivers/STM32H7xx_HAL_Driver/Src/stm32h7xx_ll_usb.o
                0x08009f2e                USB_GetDevSpeed
 .text.USB_ActivateEndpoint
                0x08009f78      0x110 ./Drivers/STM32H7xx_HAL_Driver/Src/stm32h7xx_ll_usb.o
                0x08009f78                USB_ActivateEndpoint
 .text.USB_DeactivateEndpoint
                0x0800a088      0x1b8 ./Drivers/STM32H7xx_HAL_Driver/Src/stm32h7xx_ll_usb.o
                0x0800a088                USB_DeactivateEndpoint
 .text.USB_EPStartXfer
                0x0800a240      0x548 ./Drivers/STM32H7xx_HAL_Driver/Src/stm32h7xx_ll_usb.o
                0x0800a240                USB_EPStartXfer
 .text.USB_EPStopXfer
                0x0800a788      0x154 ./Drivers/STM32H7xx_HAL_Driver/Src/stm32h7xx_ll_usb.o
                0x0800a788                USB_EPStopXfer
 .text.USB_WritePacket
                0x0800a8dc       0x7c ./Drivers/STM32H7xx_HAL_Driver/Src/stm32h7xx_ll_usb.o
                0x0800a8dc                USB_WritePacket
 .text.USB_ReadPacket
                0x0800a958       0xb0 ./Drivers/STM32H7xx_HAL_Driver/Src/stm32h7xx_ll_usb.o
                0x0800a958                USB_ReadPacket
 .text.USB_EPSetStall
                0x0800aa08       0xdc ./Drivers/STM32H7xx_HAL_Driver/Src/stm32h7xx_ll_usb.o
                0x0800aa08                USB_EPSetStall
 .text.USB_EPClearStall
                0x0800aae4       0xcc ./Drivers/STM32H7xx_HAL_Driver/Src/stm32h7xx_ll_usb.o
                0x0800aae4                USB_EPClearStall
 .text.USB_SetDevAddress
                0x0800abb0       0x4c ./Drivers/STM32H7xx_HAL_Driver/Src/stm32h7xx_ll_usb.o
                0x0800abb0                USB_SetDevAddress
 .text.USB_DevConnect
                0x0800abfc       0x42 ./Drivers/STM32H7xx_HAL_Driver/Src/stm32h7xx_ll_usb.o
                0x0800abfc                USB_DevConnect
 .text.USB_DevDisconnect
                0x0800ac3e       0x42 ./Drivers/STM32H7xx_HAL_Driver/Src/stm32h7xx_ll_usb.o
                0x0800ac3e                USB_DevDisconnect
 .text.USB_ReadInterrupts
                0x0800ac80       0x26 ./Drivers/STM32H7xx_HAL_Driver/Src/stm32h7xx_ll_usb.o
                0x0800ac80                USB_ReadInterrupts
 .text.USB_ReadDevAllOutEpInterrupt
                0x0800aca6       0x34 ./Drivers/STM32H7xx_HAL_Driver/Src/stm32h7xx_ll_usb.o
                0x0800aca6                USB_ReadDevAllOutEpInterrupt
 .text.USB_ReadDevAllInEpInterrupt
                0x0800acda       0x34 ./Drivers/STM32H7xx_HAL_Driver/Src/stm32h7xx_ll_usb.o
                0x0800acda                USB_ReadDevAllInEpInterrupt
 .text.USB_ReadDevOutEPInterrupt
                0x0800ad0e       0x3c ./Drivers/STM32H7xx_HAL_Driver/Src/stm32h7xx_ll_usb.o
                0x0800ad0e                USB_ReadDevOutEPInterrupt
 .text.USB_ReadDevInEPInterrupt
                0x0800ad4a       0x5c ./Drivers/STM32H7xx_HAL_Driver/Src/stm32h7xx_ll_usb.o
                0x0800ad4a                USB_ReadDevInEPInterrupt
 .text.USB_GetMode
                0x0800ada6       0x1c ./Drivers/STM32H7xx_HAL_Driver/Src/stm32h7xx_ll_usb.o
                0x0800ada6                USB_GetMode
 *fill*         0x0800adc2        0x2 
 .text.USB_ActivateSetup
                0x0800adc4       0x48 ./Drivers/STM32H7xx_HAL_Driver/Src/stm32h7xx_ll_usb.o
                0x0800adc4                USB_ActivateSetup
 .text.USB_EP0_OutStart
                0x0800ae0c       0xbc ./Drivers/STM32H7xx_HAL_Driver/Src/stm32h7xx_ll_usb.o
                0x0800ae0c                USB_EP0_OutStart
 .text.USB_CoreReset
                0x0800aec8       0x62 ./Drivers/STM32H7xx_HAL_Driver/Src/stm32h7xx_ll_usb.o
 *fill*         0x0800af2a        0x2 
 .text.USBD_CDC_Init
                0x0800af2c      0x1f0 ./Middlewares/ST/STM32_USB_Device_Library/Class/CDC/Src/usbd_cdc.o
 .text.USBD_CDC_DeInit
                0x0800b11c      0x104 ./Middlewares/ST/STM32_USB_Device_Library/Class/CDC/Src/usbd_cdc.o
 .text.USBD_CDC_Setup
                0x0800b220      0x1b8 ./Middlewares/ST/STM32_USB_Device_Library/Class/CDC/Src/usbd_cdc.o
 .text.USBD_CDC_DataIn
                0x0800b3d8       0xfe ./Middlewares/ST/STM32_USB_Device_Library/Class/CDC/Src/usbd_cdc.o
 .text.USBD_CDC_DataOut
                0x0800b4d6       0x70 ./Middlewares/ST/STM32_USB_Device_Library/Class/CDC/Src/usbd_cdc.o
 .text.USBD_CDC_EP0_RxReady
                0x0800b546       0x74 ./Middlewares/ST/STM32_USB_Device_Library/Class/CDC/Src/usbd_cdc.o
 *fill*         0x0800b5ba        0x2 
 .text.USBD_CDC_GetFSCfgDesc
                0x0800b5bc       0x70 ./Middlewares/ST/STM32_USB_Device_Library/Class/CDC/Src/usbd_cdc.o
 .text.USBD_CDC_GetHSCfgDesc
                0x0800b62c       0x70 ./Middlewares/ST/STM32_USB_Device_Library/Class/CDC/Src/usbd_cdc.o
 .text.USBD_CDC_GetOtherSpeedCfgDesc
                0x0800b69c       0x70 ./Middlewares/ST/STM32_USB_Device_Library/Class/CDC/Src/usbd_cdc.o
 .text.USBD_CDC_GetDeviceQualifierDescriptor
                0x0800b70c       0x20 ./Middlewares/ST/STM32_USB_Device_Library/Class/CDC/Src/usbd_cdc.o
                0x0800b70c                USBD_CDC_GetDeviceQualifierDescriptor
 .text.USBD_CDC_RegisterInterface
                0x0800b72c       0x34 ./Middlewares/ST/STM32_USB_Device_Library/Class/CDC/Src/usbd_cdc.o
                0x0800b72c                USBD_CDC_RegisterInterface
 .text.USBD_CDC_SetTxBuffer
                0x0800b760       0x44 ./Middlewares/ST/STM32_USB_Device_Library/Class/CDC/Src/usbd_cdc.o
                0x0800b760                USBD_CDC_SetTxBuffer
 .text.USBD_CDC_SetRxBuffer
                0x0800b7a4       0x3a ./Middlewares/ST/STM32_USB_Device_Library/Class/CDC/Src/usbd_cdc.o
                0x0800b7a4                USBD_CDC_SetRxBuffer
 *fill*         0x0800b7de        0x2 
 .text.USBD_CDC_TransmitPacket
                0x0800b7e0       0x80 ./Middlewares/ST/STM32_USB_Device_Library/Class/CDC/Src/usbd_cdc.o
                0x0800b7e0                USBD_CDC_TransmitPacket
 .text.USBD_CDC_ReceivePacket
                0x0800b860       0x6c ./Middlewares/ST/STM32_USB_Device_Library/Class/CDC/Src/usbd_cdc.o
                0x0800b860                USBD_CDC_ReceivePacket
 .text.USBD_Init
                0x0800b8cc       0x60 ./Middlewares/ST/STM32_USB_Device_Library/Core/Src/usbd_core.o
                0x0800b8cc                USBD_Init
 .text.USBD_RegisterClass
                0x0800b92c       0x6c ./Middlewares/ST/STM32_USB_Device_Library/Core/Src/usbd_core.o
                0x0800b92c                USBD_RegisterClass
 .text.USBD_Start
                0x0800b998       0x18 ./Middlewares/ST/STM32_USB_Device_Library/Core/Src/usbd_core.o
                0x0800b998                USBD_Start
 .text.USBD_RunTestMode
                0x0800b9b0       0x16 ./Middlewares/ST/STM32_USB_Device_Library/Core/Src/usbd_core.o
                0x0800b9b0                USBD_RunTestMode
 .text.USBD_SetClassConfig
                0x0800b9c6       0x38 ./Middlewares/ST/STM32_USB_Device_Library/Core/Src/usbd_core.o
                0x0800b9c6                USBD_SetClassConfig
 .text.USBD_ClrClassConfig
                0x0800b9fe       0x34 ./Middlewares/ST/STM32_USB_Device_Library/Core/Src/usbd_core.o
                0x0800b9fe                USBD_ClrClassConfig
 .text.USBD_LL_SetupStage
                0x0800ba32       0xaa ./Middlewares/ST/STM32_USB_Device_Library/Core/Src/usbd_core.o
                0x0800ba32                USBD_LL_SetupStage
 .text.USBD_LL_DataOutStage
                0x0800badc      0x166 ./Middlewares/ST/STM32_USB_Device_Library/Core/Src/usbd_core.o
                0x0800badc                USBD_LL_DataOutStage
 .text.USBD_LL_DataInStage
                0x0800bc42      0x164 ./Middlewares/ST/STM32_USB_Device_Library/Core/Src/usbd_core.o
                0x0800bc42                USBD_LL_DataInStage
 .text.USBD_LL_Reset
                0x0800bda6       0xa4 ./Middlewares/ST/STM32_USB_Device_Library/Core/Src/usbd_core.o
                0x0800bda6                USBD_LL_Reset
 .text.USBD_LL_SetSpeed
                0x0800be4a       0x20 ./Middlewares/ST/STM32_USB_Device_Library/Core/Src/usbd_core.o
                0x0800be4a                USBD_LL_SetSpeed
 .text.USBD_LL_Suspend
                0x0800be6a       0x38 ./Middlewares/ST/STM32_USB_Device_Library/Core/Src/usbd_core.o
                0x0800be6a                USBD_LL_Suspend
 .text.USBD_LL_Resume
                0x0800bea2       0x30 ./Middlewares/ST/STM32_USB_Device_Library/Core/Src/usbd_core.o
                0x0800bea2                USBD_LL_Resume
 .text.USBD_LL_SOF
                0x0800bed2       0x40 ./Middlewares/ST/STM32_USB_Device_Library/Core/Src/usbd_core.o
                0x0800bed2                USBD_LL_SOF
 .text.USBD_LL_IsoINIncomplete
                0x0800bf12       0x64 ./Middlewares/ST/STM32_USB_Device_Library/Core/Src/usbd_core.o
                0x0800bf12                USBD_LL_IsoINIncomplete
 .text.USBD_LL_IsoOUTIncomplete
                0x0800bf76       0x64 ./Middlewares/ST/STM32_USB_Device_Library/Core/Src/usbd_core.o
                0x0800bf76                USBD_LL_IsoOUTIncomplete
 .text.USBD_LL_DevConnected
                0x0800bfda       0x16 ./Middlewares/ST/STM32_USB_Device_Library/Core/Src/usbd_core.o
                0x0800bfda                USBD_LL_DevConnected
 .text.USBD_LL_DevDisconnected
                0x0800bff0       0x46 ./Middlewares/ST/STM32_USB_Device_Library/Core/Src/usbd_core.o
                0x0800bff0                USBD_LL_DevDisconnected
 .text.USBD_CoreFindIF
                0x0800c036       0x1a ./Middlewares/ST/STM32_USB_Device_Library/Core/Src/usbd_core.o
                0x0800c036                USBD_CoreFindIF
 .text.USBD_CoreFindEP
                0x0800c050       0x1a ./Middlewares/ST/STM32_USB_Device_Library/Core/Src/usbd_core.o
                0x0800c050                USBD_CoreFindEP
 .text.USBD_GetEpDesc
                0x0800c06a       0x70 ./Middlewares/ST/STM32_USB_Device_Library/Core/Src/usbd_core.o
                0x0800c06a                USBD_GetEpDesc
 .text.USBD_GetNextDesc
                0x0800c0da       0x38 ./Middlewares/ST/STM32_USB_Device_Library/Core/Src/usbd_core.o
                0x0800c0da                USBD_GetNextDesc
 .text.SWAPBYTE
                0x0800c112       0x3e ./Middlewares/ST/STM32_USB_Device_Library/Core/Src/usbd_ctlreq.o
 .text.USBD_StdDevReq
                0x0800c150       0xe4 ./Middlewares/ST/STM32_USB_Device_Library/Core/Src/usbd_ctlreq.o
                0x0800c150                USBD_StdDevReq
 .text.USBD_StdItfReq
                0x0800c234       0xd8 ./Middlewares/ST/STM32_USB_Device_Library/Core/Src/usbd_ctlreq.o
                0x0800c234                USBD_StdItfReq
 .text.USBD_StdEPReq
                0x0800c30c      0x33a ./Middlewares/ST/STM32_USB_Device_Library/Core/Src/usbd_ctlreq.o
                0x0800c30c                USBD_StdEPReq
 *fill*         0x0800c646        0x2 
 .text.USBD_GetDescriptor
                0x0800c648      0x328 ./Middlewares/ST/STM32_USB_Device_Library/Core/Src/usbd_ctlreq.o
 .text.USBD_SetAddress
                0x0800c970       0x88 ./Middlewares/ST/STM32_USB_Device_Library/Core/Src/usbd_ctlreq.o
 .text.USBD_SetConfig
                0x0800c9f8      0x154 ./Middlewares/ST/STM32_USB_Device_Library/Core/Src/usbd_ctlreq.o
 .text.USBD_GetConfig
                0x0800cb4c       0x6c ./Middlewares/ST/STM32_USB_Device_Library/Core/Src/usbd_ctlreq.o
 .text.USBD_GetStatus
                0x0800cbb8       0x68 ./Middlewares/ST/STM32_USB_Device_Library/Core/Src/usbd_ctlreq.o
 .text.USBD_SetFeature
                0x0800cc20       0x52 ./Middlewares/ST/STM32_USB_Device_Library/Core/Src/usbd_ctlreq.o
 .text.USBD_ClrFeature
                0x0800cc72       0x44 ./Middlewares/ST/STM32_USB_Device_Library/Core/Src/usbd_ctlreq.o
 .text.USBD_ParseSetupRequest
                0x0800ccb6       0x74 ./Middlewares/ST/STM32_USB_Device_Library/Core/Src/usbd_ctlreq.o
                0x0800ccb6                USBD_ParseSetupRequest
 .text.USBD_CtlError
                0x0800cd2a       0x22 ./Middlewares/ST/STM32_USB_Device_Library/Core/Src/usbd_ctlreq.o
                0x0800cd2a                USBD_CtlError
 .text.USBD_GetString
                0x0800cd4c       0xa4 ./Middlewares/ST/STM32_USB_Device_Library/Core/Src/usbd_ctlreq.o
                0x0800cd4c                USBD_GetString
 .text.USBD_GetLen
                0x0800cdf0       0x34 ./Middlewares/ST/STM32_USB_Device_Library/Core/Src/usbd_ctlreq.o
 .text.USBD_CtlSendData
                0x0800ce24       0x36 ./Middlewares/ST/STM32_USB_Device_Library/Core/Src/usbd_ioreq.o
                0x0800ce24                USBD_CtlSendData
 .text.USBD_CtlContinueSendData
                0x0800ce5a       0x22 ./Middlewares/ST/STM32_USB_Device_Library/Core/Src/usbd_ioreq.o
                0x0800ce5a                USBD_CtlContinueSendData
 .text.USBD_CtlPrepareRx
                0x0800ce7c       0x3a ./Middlewares/ST/STM32_USB_Device_Library/Core/Src/usbd_ioreq.o
                0x0800ce7c                USBD_CtlPrepareRx
 .text.USBD_CtlContinueRx
                0x0800ceb6       0x22 ./Middlewares/ST/STM32_USB_Device_Library/Core/Src/usbd_ioreq.o
                0x0800ceb6                USBD_CtlContinueRx
 .text.USBD_CtlSendStatus
                0x0800ced8       0x26 ./Middlewares/ST/STM32_USB_Device_Library/Core/Src/usbd_ioreq.o
                0x0800ced8                USBD_CtlSendStatus
 .text.USBD_CtlReceiveStatus
                0x0800cefe       0x26 ./Middlewares/ST/STM32_USB_Device_Library/Core/Src/usbd_ioreq.o
                0x0800cefe                USBD_CtlReceiveStatus
 .text.MX_USB_DEVICE_Init
                0x0800cf24       0x64 ./USB_DEVICE/App/usb_device.o
                0x0800cf24                MX_USB_DEVICE_Init
 .text.CDC_Init_FS
                0x0800cf88       0x28 ./USB_DEVICE/App/usbd_cdc_if.o
 .text.CDC_DeInit_FS
                0x0800cfb0       0x10 ./USB_DEVICE/App/usbd_cdc_if.o
 .text.CDC_Control_FS
                0x0800cfc0       0xbc ./USB_DEVICE/App/usbd_cdc_if.o
 .text.CDC_Receive_FS
                0x0800d07c       0x34 ./USB_DEVICE/App/usbd_cdc_if.o
 .text.CDC_Transmit_FS
                0x0800d0b0       0x4c ./USB_DEVICE/App/usbd_cdc_if.o
                0x0800d0b0                CDC_Transmit_FS
 .text.CDC_TransmitCplt_FS
                0x0800d0fc       0x22 ./USB_DEVICE/App/usbd_cdc_if.o
 *fill*         0x0800d11e        0x2 
 .text.USBD_FS_DeviceDescriptor
                0x0800d120       0x24 ./USB_DEVICE/App/usbd_desc.o
                0x0800d120                USBD_FS_DeviceDescriptor
 .text.USBD_FS_LangIDStrDescriptor
                0x0800d144       0x24 ./USB_DEVICE/App/usbd_desc.o
                0x0800d144                USBD_FS_LangIDStrDescriptor
 .text.USBD_FS_ProductStrDescriptor
                0x0800d168       0x3c ./USB_DEVICE/App/usbd_desc.o
                0x0800d168                USBD_FS_ProductStrDescriptor
 .text.USBD_FS_ManufacturerStrDescriptor
                0x0800d1a4       0x28 ./USB_DEVICE/App/usbd_desc.o
                0x0800d1a4                USBD_FS_ManufacturerStrDescriptor
 .text.USBD_FS_SerialStrDescriptor
                0x0800d1cc       0x24 ./USB_DEVICE/App/usbd_desc.o
                0x0800d1cc                USBD_FS_SerialStrDescriptor
 .text.USBD_FS_ConfigStrDescriptor
                0x0800d1f0       0x3c ./USB_DEVICE/App/usbd_desc.o
                0x0800d1f0                USBD_FS_ConfigStrDescriptor
 .text.USBD_FS_InterfaceStrDescriptor
                0x0800d22c       0x3c ./USB_DEVICE/App/usbd_desc.o
                0x0800d22c                USBD_FS_InterfaceStrDescriptor
 .text.Get_SerialNum
                0x0800d268       0x58 ./USB_DEVICE/App/usbd_desc.o
 .text.IntToUnicode
                0x0800d2c0       0x7e ./USB_DEVICE/App/usbd_desc.o
 *fill*         0x0800d33e        0x2 
 .text.HAL_PCD_MspInit
                0x0800d340      0x108 ./USB_DEVICE/Target/usbd_conf.o
                0x0800d340                HAL_PCD_MspInit
 .text.HAL_PCD_SetupStageCallback
                0x0800d448       0x24 ./USB_DEVICE/Target/usbd_conf.o
                0x0800d448                HAL_PCD_SetupStageCallback
 .text.HAL_PCD_DataOutStageCallback
                0x0800d46c       0x36 ./USB_DEVICE/Target/usbd_conf.o
                0x0800d46c                HAL_PCD_DataOutStageCallback
 .text.HAL_PCD_DataInStageCallback
                0x0800d4a2       0x34 ./USB_DEVICE/Target/usbd_conf.o
                0x0800d4a2                HAL_PCD_DataInStageCallback
 .text.HAL_PCD_SOFCallback
                0x0800d4d6       0x1c ./USB_DEVICE/Target/usbd_conf.o
                0x0800d4d6                HAL_PCD_SOFCallback
 .text.HAL_PCD_ResetCallback
                0x0800d4f2       0x50 ./USB_DEVICE/Target/usbd_conf.o
                0x0800d4f2                HAL_PCD_ResetCallback
 *fill*         0x0800d542        0x2 
 .text.HAL_PCD_SuspendCallback
                0x0800d544       0x4c ./USB_DEVICE/Target/usbd_conf.o
                0x0800d544                HAL_PCD_SuspendCallback
 .text.HAL_PCD_ResumeCallback
                0x0800d590       0x1c ./USB_DEVICE/Target/usbd_conf.o
                0x0800d590                HAL_PCD_ResumeCallback
 .text.HAL_PCD_ISOOUTIncompleteCallback
                0x0800d5ac       0x24 ./USB_DEVICE/Target/usbd_conf.o
                0x0800d5ac                HAL_PCD_ISOOUTIncompleteCallback
 .text.HAL_PCD_ISOINIncompleteCallback
                0x0800d5d0       0x24 ./USB_DEVICE/Target/usbd_conf.o
                0x0800d5d0                HAL_PCD_ISOINIncompleteCallback
 .text.HAL_PCD_ConnectCallback
                0x0800d5f4       0x1c ./USB_DEVICE/Target/usbd_conf.o
                0x0800d5f4                HAL_PCD_ConnectCallback
 .text.HAL_PCD_DisconnectCallback
                0x0800d610       0x1c ./USB_DEVICE/Target/usbd_conf.o
                0x0800d610                HAL_PCD_DisconnectCallback
 .text.USBD_LL_Init
                0x0800d62c       0xa0 ./USB_DEVICE/Target/usbd_conf.o
                0x0800d62c                USBD_LL_Init
 .text.USBD_LL_Start
                0x0800d6cc       0x36 ./USB_DEVICE/Target/usbd_conf.o
                0x0800d6cc                USBD_LL_Start
 .text.USBD_LL_OpenEP
                0x0800d702       0x4c ./USB_DEVICE/Target/usbd_conf.o
                0x0800d702                USBD_LL_OpenEP
 .text.USBD_LL_CloseEP
                0x0800d74e       0x3e ./USB_DEVICE/Target/usbd_conf.o
                0x0800d74e                USBD_LL_CloseEP
 .text.USBD_LL_StallEP
                0x0800d78c       0x3e ./USB_DEVICE/Target/usbd_conf.o
                0x0800d78c                USBD_LL_StallEP
 .text.USBD_LL_ClearStallEP
                0x0800d7ca       0x3e ./USB_DEVICE/Target/usbd_conf.o
                0x0800d7ca                USBD_LL_ClearStallEP
 .text.USBD_LL_IsStallEP
                0x0800d808       0x58 ./USB_DEVICE/Target/usbd_conf.o
                0x0800d808                USBD_LL_IsStallEP
 .text.USBD_LL_SetUSBAddress
                0x0800d860       0x3e ./USB_DEVICE/Target/usbd_conf.o
                0x0800d860                USBD_LL_SetUSBAddress
 .text.USBD_LL_Transmit
                0x0800d89e       0x42 ./USB_DEVICE/Target/usbd_conf.o
                0x0800d89e                USBD_LL_Transmit
 .text.USBD_LL_PrepareReceive
                0x0800d8e0       0x42 ./USB_DEVICE/Target/usbd_conf.o
                0x0800d8e0                USBD_LL_PrepareReceive
 .text.USBD_LL_GetRxDataSize
                0x0800d922       0x26 ./USB_DEVICE/Target/usbd_conf.o
                0x0800d922                USBD_LL_GetRxDataSize
 .text.USBD_static_malloc
                0x0800d948       0x1c ./USB_DEVICE/Target/usbd_conf.o
                0x0800d948                USBD_static_malloc
 .text.USBD_static_free
                0x0800d964       0x14 ./USB_DEVICE/Target/usbd_conf.o
                0x0800d964                USBD_static_free
 .text.USBD_Get_USB_Status
                0x0800d978       0x58 ./USB_DEVICE/Target/usbd_conf.o
                0x0800d978                USBD_Get_USB_Status
 .text.sulp     0x0800d9d0       0x34 E:/ST/STM32CubeIDE_1.18.0/STM32CubeIDE/plugins/com.st.stm32cube.ide.mcu.externaltools.gnu-tools-for-stm32.13.3.rel1.win32_1.0.0.202411081344/tools/bin/../lib/gcc/arm-none-eabi/13.3.1/../../../../arm-none-eabi/lib/thumb/v7e-m+dp/hard\libc_nano.a(libc_a-strtod.o)
 *fill*         0x0800da04        0x4 
 .text._strtod_l
                0x0800da08      0xb34 E:/ST/STM32CubeIDE_1.18.0/STM32CubeIDE/plugins/com.st.stm32cube.ide.mcu.externaltools.gnu-tools-for-stm32.13.3.rel1.win32_1.0.0.202411081344/tools/bin/../lib/gcc/arm-none-eabi/13.3.1/../../../../arm-none-eabi/lib/thumb/v7e-m+dp/hard\libc_nano.a(libc_a-strtod.o)
                0x0800da08                _strtod_l
 *fill*         0x0800e53c        0x4 
 .text.strtof   0x0800e540       0x9c E:/ST/STM32CubeIDE_1.18.0/STM32CubeIDE/plugins/com.st.stm32cube.ide.mcu.externaltools.gnu-tools-for-stm32.13.3.rel1.win32_1.0.0.202411081344/tools/bin/../lib/gcc/arm-none-eabi/13.3.1/../../../../arm-none-eabi/lib/thumb/v7e-m+dp/hard\libc_nano.a(libc_a-strtod.o)
                0x0800e540                strtof
 .text._strtol_l.isra.0
                0x0800e5dc       0xf4 E:/ST/STM32CubeIDE_1.18.0/STM32CubeIDE/plugins/com.st.stm32cube.ide.mcu.externaltools.gnu-tools-for-stm32.13.3.rel1.win32_1.0.0.202411081344/tools/bin/../lib/gcc/arm-none-eabi/13.3.1/../../../../arm-none-eabi/lib/thumb/v7e-m+dp/hard\libc_nano.a(libc_a-strtol.o)
 .text.strtol   0x0800e6d0       0x14 E:/ST/STM32CubeIDE_1.18.0/STM32CubeIDE/plugins/com.st.stm32cube.ide.mcu.externaltools.gnu-tools-for-stm32.13.3.rel1.win32_1.0.0.202411081344/tools/bin/../lib/gcc/arm-none-eabi/13.3.1/../../../../arm-none-eabi/lib/thumb/v7e-m+dp/hard\libc_nano.a(libc_a-strtol.o)
                0x0800e6d0                strtol
 .text.__cvt    0x0800e6e4       0xa8 E:/ST/STM32CubeIDE_1.18.0/STM32CubeIDE/plugins/com.st.stm32cube.ide.mcu.externaltools.gnu-tools-for-stm32.13.3.rel1.win32_1.0.0.202411081344/tools/bin/../lib/gcc/arm-none-eabi/13.3.1/../../../../arm-none-eabi/lib/thumb/v7e-m+dp/hard\libc_nano.a(libc_a-nano-vfprintf_float.o)
                0x0800e6e4                __cvt
 .text.__exponent
                0x0800e78c       0x74 E:/ST/STM32CubeIDE_1.18.0/STM32CubeIDE/plugins/com.st.stm32cube.ide.mcu.externaltools.gnu-tools-for-stm32.13.3.rel1.win32_1.0.0.202411081344/tools/bin/../lib/gcc/arm-none-eabi/13.3.1/../../../../arm-none-eabi/lib/thumb/v7e-m+dp/hard\libc_nano.a(libc_a-nano-vfprintf_float.o)
                0x0800e78c                __exponent
 .text._printf_float
                0x0800e800      0x434 E:/ST/STM32CubeIDE_1.18.0/STM32CubeIDE/plugins/com.st.stm32cube.ide.mcu.externaltools.gnu-tools-for-stm32.13.3.rel1.win32_1.0.0.202411081344/tools/bin/../lib/gcc/arm-none-eabi/13.3.1/../../../../arm-none-eabi/lib/thumb/v7e-m+dp/hard\libc_nano.a(libc_a-nano-vfprintf_float.o)
                0x0800e800                _printf_float
 .text._printf_common
                0x0800ec34       0xda E:/ST/STM32CubeIDE_1.18.0/STM32CubeIDE/plugins/com.st.stm32cube.ide.mcu.externaltools.gnu-tools-for-stm32.13.3.rel1.win32_1.0.0.202411081344/tools/bin/../lib/gcc/arm-none-eabi/13.3.1/../../../../arm-none-eabi/lib/thumb/v7e-m+dp/hard\libc_nano.a(libc_a-nano-vfprintf_i.o)
                0x0800ec34                _printf_common
 *fill*         0x0800ed0e        0x2 
 .text._printf_i
                0x0800ed10      0x23c E:/ST/STM32CubeIDE_1.18.0/STM32CubeIDE/plugins/com.st.stm32cube.ide.mcu.externaltools.gnu-tools-for-stm32.13.3.rel1.win32_1.0.0.202411081344/tools/bin/../lib/gcc/arm-none-eabi/13.3.1/../../../../arm-none-eabi/lib/thumb/v7e-m+dp/hard\libc_nano.a(libc_a-nano-vfprintf_i.o)
                0x0800ed10                _printf_i
 .text.std      0x0800ef4c       0x6c E:/ST/STM32CubeIDE_1.18.0/STM32CubeIDE/plugins/com.st.stm32cube.ide.mcu.externaltools.gnu-tools-for-stm32.13.3.rel1.win32_1.0.0.202411081344/tools/bin/../lib/gcc/arm-none-eabi/13.3.1/../../../../arm-none-eabi/lib/thumb/v7e-m+dp/hard\libc_nano.a(libc_a-findfp.o)
 .text.stdio_exit_handler
                0x0800efb8       0x18 E:/ST/STM32CubeIDE_1.18.0/STM32CubeIDE/plugins/com.st.stm32cube.ide.mcu.externaltools.gnu-tools-for-stm32.13.3.rel1.win32_1.0.0.202411081344/tools/bin/../lib/gcc/arm-none-eabi/13.3.1/../../../../arm-none-eabi/lib/thumb/v7e-m+dp/hard\libc_nano.a(libc_a-findfp.o)
 .text.cleanup_stdio
                0x0800efd0       0x40 E:/ST/STM32CubeIDE_1.18.0/STM32CubeIDE/plugins/com.st.stm32cube.ide.mcu.externaltools.gnu-tools-for-stm32.13.3.rel1.win32_1.0.0.202411081344/tools/bin/../lib/gcc/arm-none-eabi/13.3.1/../../../../arm-none-eabi/lib/thumb/v7e-m+dp/hard\libc_nano.a(libc_a-findfp.o)
 .text.global_stdio_init.part.0
                0x0800f010       0x3c E:/ST/STM32CubeIDE_1.18.0/STM32CubeIDE/plugins/com.st.stm32cube.ide.mcu.externaltools.gnu-tools-for-stm32.13.3.rel1.win32_1.0.0.202411081344/tools/bin/../lib/gcc/arm-none-eabi/13.3.1/../../../../arm-none-eabi/lib/thumb/v7e-m+dp/hard\libc_nano.a(libc_a-findfp.o)
 .text.__sfp_lock_acquire
                0x0800f04c        0xc E:/ST/STM32CubeIDE_1.18.0/STM32CubeIDE/plugins/com.st.stm32cube.ide.mcu.externaltools.gnu-tools-for-stm32.13.3.rel1.win32_1.0.0.202411081344/tools/bin/../lib/gcc/arm-none-eabi/13.3.1/../../../../arm-none-eabi/lib/thumb/v7e-m+dp/hard\libc_nano.a(libc_a-findfp.o)
                0x0800f04c                __sfp_lock_acquire
 .text.__sfp_lock_release
                0x0800f058        0xc E:/ST/STM32CubeIDE_1.18.0/STM32CubeIDE/plugins/com.st.stm32cube.ide.mcu.externaltools.gnu-tools-for-stm32.13.3.rel1.win32_1.0.0.202411081344/tools/bin/../lib/gcc/arm-none-eabi/13.3.1/../../../../arm-none-eabi/lib/thumb/v7e-m+dp/hard\libc_nano.a(libc_a-findfp.o)
                0x0800f058                __sfp_lock_release
 .text.__sinit  0x0800f064       0x30 E:/ST/STM32CubeIDE_1.18.0/STM32CubeIDE/plugins/com.st.stm32cube.ide.mcu.externaltools.gnu-tools-for-stm32.13.3.rel1.win32_1.0.0.202411081344/tools/bin/../lib/gcc/arm-none-eabi/13.3.1/../../../../arm-none-eabi/lib/thumb/v7e-m+dp/hard\libc_nano.a(libc_a-findfp.o)
                0x0800f064                __sinit
 .text._fwalk_sglue
                0x0800f094       0x3c E:/ST/STM32CubeIDE_1.18.0/STM32CubeIDE/plugins/com.st.stm32cube.ide.mcu.externaltools.gnu-tools-for-stm32.13.3.rel1.win32_1.0.0.202411081344/tools/bin/../lib/gcc/arm-none-eabi/13.3.1/../../../../arm-none-eabi/lib/thumb/v7e-m+dp/hard\libc_nano.a(libc_a-fwalk.o)
                0x0800f094                _fwalk_sglue
 .text.printf   0x0800f0d0       0x24 E:/ST/STM32CubeIDE_1.18.0/STM32CubeIDE/plugins/com.st.stm32cube.ide.mcu.externaltools.gnu-tools-for-stm32.13.3.rel1.win32_1.0.0.202411081344/tools/bin/../lib/gcc/arm-none-eabi/13.3.1/../../../../arm-none-eabi/lib/thumb/v7e-m+dp/hard\libc_nano.a(libc_a-printf.o)
                0x0800f0d0                iprintf
                0x0800f0d0                printf
 .text._puts_r  0x0800f0f4       0xaa E:/ST/STM32CubeIDE_1.18.0/STM32CubeIDE/plugins/com.st.stm32cube.ide.mcu.externaltools.gnu-tools-for-stm32.13.3.rel1.win32_1.0.0.202411081344/tools/bin/../lib/gcc/arm-none-eabi/13.3.1/../../../../arm-none-eabi/lib/thumb/v7e-m+dp/hard\libc_nano.a(libc_a-puts.o)
                0x0800f0f4                _puts_r
 *fill*         0x0800f19e        0x2 
 .text.puts     0x0800f1a0       0x10 E:/ST/STM32CubeIDE_1.18.0/STM32CubeIDE/plugins/com.st.stm32cube.ide.mcu.externaltools.gnu-tools-for-stm32.13.3.rel1.win32_1.0.0.202411081344/tools/bin/../lib/gcc/arm-none-eabi/13.3.1/../../../../arm-none-eabi/lib/thumb/v7e-m+dp/hard\libc_nano.a(libc_a-puts.o)
                0x0800f1a0                puts
 .text.__sread  0x0800f1b0       0x22 E:/ST/STM32CubeIDE_1.18.0/STM32CubeIDE/plugins/com.st.stm32cube.ide.mcu.externaltools.gnu-tools-for-stm32.13.3.rel1.win32_1.0.0.202411081344/tools/bin/../lib/gcc/arm-none-eabi/13.3.1/../../../../arm-none-eabi/lib/thumb/v7e-m+dp/hard\libc_nano.a(libc_a-stdio.o)
                0x0800f1b0                __sread
 .text.__swrite
                0x0800f1d2       0x38 E:/ST/STM32CubeIDE_1.18.0/STM32CubeIDE/plugins/com.st.stm32cube.ide.mcu.externaltools.gnu-tools-for-stm32.13.3.rel1.win32_1.0.0.202411081344/tools/bin/../lib/gcc/arm-none-eabi/13.3.1/../../../../arm-none-eabi/lib/thumb/v7e-m+dp/hard\libc_nano.a(libc_a-stdio.o)
                0x0800f1d2                __swrite
 .text.__sseek  0x0800f20a       0x24 E:/ST/STM32CubeIDE_1.18.0/STM32CubeIDE/plugins/com.st.stm32cube.ide.mcu.externaltools.gnu-tools-for-stm32.13.3.rel1.win32_1.0.0.202411081344/tools/bin/../lib/gcc/arm-none-eabi/13.3.1/../../../../arm-none-eabi/lib/thumb/v7e-m+dp/hard\libc_nano.a(libc_a-stdio.o)
                0x0800f20a                __sseek
 .text.__sclose
                0x0800f22e        0x8 E:/ST/STM32CubeIDE_1.18.0/STM32CubeIDE/plugins/com.st.stm32cube.ide.mcu.externaltools.gnu-tools-for-stm32.13.3.rel1.win32_1.0.0.202411081344/tools/bin/../lib/gcc/arm-none-eabi/13.3.1/../../../../arm-none-eabi/lib/thumb/v7e-m+dp/hard\libc_nano.a(libc_a-stdio.o)
                0x0800f22e                __sclose
 .text.__swbuf_r
                0x0800f236       0x7c E:/ST/STM32CubeIDE_1.18.0/STM32CubeIDE/plugins/com.st.stm32cube.ide.mcu.externaltools.gnu-tools-for-stm32.13.3.rel1.win32_1.0.0.202411081344/tools/bin/../lib/gcc/arm-none-eabi/13.3.1/../../../../arm-none-eabi/lib/thumb/v7e-m+dp/hard\libc_nano.a(libc_a-wbuf.o)
                0x0800f236                __swbuf_r
 *fill*         0x0800f2b2        0x2 
 .text.__swsetup_r
                0x0800f2b4       0xac E:/ST/STM32CubeIDE_1.18.0/STM32CubeIDE/plugins/com.st.stm32cube.ide.mcu.externaltools.gnu-tools-for-stm32.13.3.rel1.win32_1.0.0.202411081344/tools/bin/../lib/gcc/arm-none-eabi/13.3.1/../../../../arm-none-eabi/lib/thumb/v7e-m+dp/hard\libc_nano.a(libc_a-wsetup.o)
                0x0800f2b4                __swsetup_r
 .text.memset   0x0800f360       0x10 E:/ST/STM32CubeIDE_1.18.0/STM32CubeIDE/plugins/com.st.stm32cube.ide.mcu.externaltools.gnu-tools-for-stm32.13.3.rel1.win32_1.0.0.202411081344/tools/bin/../lib/gcc/arm-none-eabi/13.3.1/../../../../arm-none-eabi/lib/thumb/v7e-m+dp/hard\libc_nano.a(libc_a-memset.o)
                0x0800f360                memset
 .text.strncmp  0x0800f370       0x24 E:/ST/STM32CubeIDE_1.18.0/STM32CubeIDE/plugins/com.st.stm32cube.ide.mcu.externaltools.gnu-tools-for-stm32.13.3.rel1.win32_1.0.0.202411081344/tools/bin/../lib/gcc/arm-none-eabi/13.3.1/../../../../arm-none-eabi/lib/thumb/v7e-m+dp/hard\libc_nano.a(libc_a-strncmp.o)
                0x0800f370                strncmp
 .text._localeconv_r
                0x0800f394        0x8 E:/ST/STM32CubeIDE_1.18.0/STM32CubeIDE/plugins/com.st.stm32cube.ide.mcu.externaltools.gnu-tools-for-stm32.13.3.rel1.win32_1.0.0.202411081344/tools/bin/../lib/gcc/arm-none-eabi/13.3.1/../../../../arm-none-eabi/lib/thumb/v7e-m+dp/hard\libc_nano.a(libc_a-localeconv.o)
                0x0800f394                _localeconv_r
 .text._close_r
                0x0800f39c       0x20 E:/ST/STM32CubeIDE_1.18.0/STM32CubeIDE/plugins/com.st.stm32cube.ide.mcu.externaltools.gnu-tools-for-stm32.13.3.rel1.win32_1.0.0.202411081344/tools/bin/../lib/gcc/arm-none-eabi/13.3.1/../../../../arm-none-eabi/lib/thumb/v7e-m+dp/hard\libc_nano.a(libc_a-closer.o)
                0x0800f39c                _close_r
 .text._lseek_r
                0x0800f3bc       0x24 E:/ST/STM32CubeIDE_1.18.0/STM32CubeIDE/plugins/com.st.stm32cube.ide.mcu.externaltools.gnu-tools-for-stm32.13.3.rel1.win32_1.0.0.202411081344/tools/bin/../lib/gcc/arm-none-eabi/13.3.1/../../../../arm-none-eabi/lib/thumb/v7e-m+dp/hard\libc_nano.a(libc_a-lseekr.o)
                0x0800f3bc                _lseek_r
 .text._read_r  0x0800f3e0       0x24 E:/ST/STM32CubeIDE_1.18.0/STM32CubeIDE/plugins/com.st.stm32cube.ide.mcu.externaltools.gnu-tools-for-stm32.13.3.rel1.win32_1.0.0.202411081344/tools/bin/../lib/gcc/arm-none-eabi/13.3.1/../../../../arm-none-eabi/lib/thumb/v7e-m+dp/hard\libc_nano.a(libc_a-readr.o)
                0x0800f3e0                _read_r
 .text._write_r
                0x0800f404       0x24 E:/ST/STM32CubeIDE_1.18.0/STM32CubeIDE/plugins/com.st.stm32cube.ide.mcu.externaltools.gnu-tools-for-stm32.13.3.rel1.win32_1.0.0.202411081344/tools/bin/../lib/gcc/arm-none-eabi/13.3.1/../../../../arm-none-eabi/lib/thumb/v7e-m+dp/hard\libc_nano.a(libc_a-writer.o)
                0x0800f404                _write_r
 .text.__errno  0x0800f428        0xc E:/ST/STM32CubeIDE_1.18.0/STM32CubeIDE/plugins/com.st.stm32cube.ide.mcu.externaltools.gnu-tools-for-stm32.13.3.rel1.win32_1.0.0.202411081344/tools/bin/../lib/gcc/arm-none-eabi/13.3.1/../../../../arm-none-eabi/lib/thumb/v7e-m+dp/hard\libc_nano.a(libc_a-errno.o)
                0x0800f428                __errno
 .text.__libc_init_array
                0x0800f434       0x48 E:/ST/STM32CubeIDE_1.18.0/STM32CubeIDE/plugins/com.st.stm32cube.ide.mcu.externaltools.gnu-tools-for-stm32.13.3.rel1.win32_1.0.0.202411081344/tools/bin/../lib/gcc/arm-none-eabi/13.3.1/../../../../arm-none-eabi/lib/thumb/v7e-m+dp/hard\libc_nano.a(libc_a-init.o)
                0x0800f434                __libc_init_array
 .text.__retarget_lock_init_recursive
                0x0800f47c        0x2 E:/ST/STM32CubeIDE_1.18.0/STM32CubeIDE/plugins/com.st.stm32cube.ide.mcu.externaltools.gnu-tools-for-stm32.13.3.rel1.win32_1.0.0.202411081344/tools/bin/../lib/gcc/arm-none-eabi/13.3.1/../../../../arm-none-eabi/lib/thumb/v7e-m+dp/hard\libc_nano.a(libc_a-lock.o)
                0x0800f47c                __retarget_lock_init_recursive
 .text.__retarget_lock_acquire_recursive
                0x0800f47e        0x2 E:/ST/STM32CubeIDE_1.18.0/STM32CubeIDE/plugins/com.st.stm32cube.ide.mcu.externaltools.gnu-tools-for-stm32.13.3.rel1.win32_1.0.0.202411081344/tools/bin/../lib/gcc/arm-none-eabi/13.3.1/../../../../arm-none-eabi/lib/thumb/v7e-m+dp/hard\libc_nano.a(libc_a-lock.o)
                0x0800f47e                __retarget_lock_acquire_recursive
 .text.__retarget_lock_release_recursive
                0x0800f480        0x2 E:/ST/STM32CubeIDE_1.18.0/STM32CubeIDE/plugins/com.st.stm32cube.ide.mcu.externaltools.gnu-tools-for-stm32.13.3.rel1.win32_1.0.0.202411081344/tools/bin/../lib/gcc/arm-none-eabi/13.3.1/../../../../arm-none-eabi/lib/thumb/v7e-m+dp/hard\libc_nano.a(libc_a-lock.o)
                0x0800f480                __retarget_lock_release_recursive
 .text.strcpy   0x0800f482       0x10 E:/ST/STM32CubeIDE_1.18.0/STM32CubeIDE/plugins/com.st.stm32cube.ide.mcu.externaltools.gnu-tools-for-stm32.13.3.rel1.win32_1.0.0.202411081344/tools/bin/../lib/gcc/arm-none-eabi/13.3.1/../../../../arm-none-eabi/lib/thumb/v7e-m+dp/hard\libc_nano.a(libc_a-strcpy.o)
                0x0800f482                strcpy
 .text.memcpy   0x0800f492       0x1c E:/ST/STM32CubeIDE_1.18.0/STM32CubeIDE/plugins/com.st.stm32cube.ide.mcu.externaltools.gnu-tools-for-stm32.13.3.rel1.win32_1.0.0.202411081344/tools/bin/../lib/gcc/arm-none-eabi/13.3.1/../../../../arm-none-eabi/lib/thumb/v7e-m+dp/hard\libc_nano.a(libc_a-memcpy-stub.o)
                0x0800f492                memcpy
 *fill*         0x0800f4ae        0x2 
 .text.nan      0x0800f4b0       0x10 E:/ST/STM32CubeIDE_1.18.0/STM32CubeIDE/plugins/com.st.stm32cube.ide.mcu.externaltools.gnu-tools-for-stm32.13.3.rel1.win32_1.0.0.202411081344/tools/bin/../lib/gcc/arm-none-eabi/13.3.1/../../../../arm-none-eabi/lib/thumb/v7e-m+dp/hard\libc_nano.a(libm_a-s_nan.o)
                0x0800f4b0                nan
 .text.nanf     0x0800f4c0        0xc E:/ST/STM32CubeIDE_1.18.0/STM32CubeIDE/plugins/com.st.stm32cube.ide.mcu.externaltools.gnu-tools-for-stm32.13.3.rel1.win32_1.0.0.202411081344/tools/bin/../lib/gcc/arm-none-eabi/13.3.1/../../../../arm-none-eabi/lib/thumb/v7e-m+dp/hard\libc_nano.a(libm_a-sf_nan.o)
                0x0800f4c0                nanf
 .text.quorem   0x0800f4cc      0x110 E:/ST/STM32CubeIDE_1.18.0/STM32CubeIDE/plugins/com.st.stm32cube.ide.mcu.externaltools.gnu-tools-for-stm32.13.3.rel1.win32_1.0.0.202411081344/tools/bin/../lib/gcc/arm-none-eabi/13.3.1/../../../../arm-none-eabi/lib/thumb/v7e-m+dp/hard\libc_nano.a(libc_a-dtoa.o)
 *fill*         0x0800f5dc        0x4 
 .text._dtoa_r  0x0800f5e0      0xabc E:/ST/STM32CubeIDE_1.18.0/STM32CubeIDE/plugins/com.st.stm32cube.ide.mcu.externaltools.gnu-tools-for-stm32.13.3.rel1.win32_1.0.0.202411081344/tools/bin/../lib/gcc/arm-none-eabi/13.3.1/../../../../arm-none-eabi/lib/thumb/v7e-m+dp/hard\libc_nano.a(libc_a-dtoa.o)
                0x0800f5e0                _dtoa_r
 .text._free_r  0x0801009c       0x94 E:/ST/STM32CubeIDE_1.18.0/STM32CubeIDE/plugins/com.st.stm32cube.ide.mcu.externaltools.gnu-tools-for-stm32.13.3.rel1.win32_1.0.0.202411081344/tools/bin/../lib/gcc/arm-none-eabi/13.3.1/../../../../arm-none-eabi/lib/thumb/v7e-m+dp/hard\libc_nano.a(libc_a-freer.o)
                0x0801009c                _free_r
 .text.rshift   0x08010130       0xa4 E:/ST/STM32CubeIDE_1.18.0/STM32CubeIDE/plugins/com.st.stm32cube.ide.mcu.externaltools.gnu-tools-for-stm32.13.3.rel1.win32_1.0.0.202411081344/tools/bin/../lib/gcc/arm-none-eabi/13.3.1/../../../../arm-none-eabi/lib/thumb/v7e-m+dp/hard\libc_nano.a(libc_a-gdtoa-gethex.o)
 .text.__hexdig_fun
                0x080101d4       0x2a E:/ST/STM32CubeIDE_1.18.0/STM32CubeIDE/plugins/com.st.stm32cube.ide.mcu.externaltools.gnu-tools-for-stm32.13.3.rel1.win32_1.0.0.202411081344/tools/bin/../lib/gcc/arm-none-eabi/13.3.1/../../../../arm-none-eabi/lib/thumb/v7e-m+dp/hard\libc_nano.a(libc_a-gdtoa-gethex.o)
                0x080101d4                __hexdig_fun
 *fill*         0x080101fe        0x2 
 .text.__gethex
                0x08010200      0x420 E:/ST/STM32CubeIDE_1.18.0/STM32CubeIDE/plugins/com.st.stm32cube.ide.mcu.externaltools.gnu-tools-for-stm32.13.3.rel1.win32_1.0.0.202411081344/tools/bin/../lib/gcc/arm-none-eabi/13.3.1/../../../../arm-none-eabi/lib/thumb/v7e-m+dp/hard\libc_nano.a(libc_a-gdtoa-gethex.o)
                0x08010200                __gethex
 .text.L_shift  0x08010620       0x24 E:/ST/STM32CubeIDE_1.18.0/STM32CubeIDE/plugins/com.st.stm32cube.ide.mcu.externaltools.gnu-tools-for-stm32.13.3.rel1.win32_1.0.0.202411081344/tools/bin/../lib/gcc/arm-none-eabi/13.3.1/../../../../arm-none-eabi/lib/thumb/v7e-m+dp/hard\libc_nano.a(libc_a-gdtoa-hexnan.o)
 .text.__match  0x08010644       0x28 E:/ST/STM32CubeIDE_1.18.0/STM32CubeIDE/plugins/com.st.stm32cube.ide.mcu.externaltools.gnu-tools-for-stm32.13.3.rel1.win32_1.0.0.202411081344/tools/bin/../lib/gcc/arm-none-eabi/13.3.1/../../../../arm-none-eabi/lib/thumb/v7e-m+dp/hard\libc_nano.a(libc_a-gdtoa-hexnan.o)
                0x08010644                __match
 .text.__hexnan
                0x0801066c      0x136 E:/ST/STM32CubeIDE_1.18.0/STM32CubeIDE/plugins/com.st.stm32cube.ide.mcu.externaltools.gnu-tools-for-stm32.13.3.rel1.win32_1.0.0.202411081344/tools/bin/../lib/gcc/arm-none-eabi/13.3.1/../../../../arm-none-eabi/lib/thumb/v7e-m+dp/hard\libc_nano.a(libc_a-gdtoa-hexnan.o)
                0x0801066c                __hexnan
 *fill*         0x080107a2        0x2 
 .text.malloc   0x080107a4       0x10 E:/ST/STM32CubeIDE_1.18.0/STM32CubeIDE/plugins/com.st.stm32cube.ide.mcu.externaltools.gnu-tools-for-stm32.13.3.rel1.win32_1.0.0.202411081344/tools/bin/../lib/gcc/arm-none-eabi/13.3.1/../../../../arm-none-eabi/lib/thumb/v7e-m+dp/hard\libc_nano.a(libc_a-malloc.o)
                0x080107a4                malloc
 .text.sbrk_aligned
                0x080107b4       0x44 E:/ST/STM32CubeIDE_1.18.0/STM32CubeIDE/plugins/com.st.stm32cube.ide.mcu.externaltools.gnu-tools-for-stm32.13.3.rel1.win32_1.0.0.202411081344/tools/bin/../lib/gcc/arm-none-eabi/13.3.1/../../../../arm-none-eabi/lib/thumb/v7e-m+dp/hard\libc_nano.a(libc_a-mallocr.o)
 .text._malloc_r
                0x080107f8      0x100 E:/ST/STM32CubeIDE_1.18.0/STM32CubeIDE/plugins/com.st.stm32cube.ide.mcu.externaltools.gnu-tools-for-stm32.13.3.rel1.win32_1.0.0.202411081344/tools/bin/../lib/gcc/arm-none-eabi/13.3.1/../../../../arm-none-eabi/lib/thumb/v7e-m+dp/hard\libc_nano.a(libc_a-mallocr.o)
                0x080107f8                _malloc_r
 .text.__ascii_mbtowc
                0x080108f8       0x24 E:/ST/STM32CubeIDE_1.18.0/STM32CubeIDE/plugins/com.st.stm32cube.ide.mcu.externaltools.gnu-tools-for-stm32.13.3.rel1.win32_1.0.0.202411081344/tools/bin/../lib/gcc/arm-none-eabi/13.3.1/../../../../arm-none-eabi/lib/thumb/v7e-m+dp/hard\libc_nano.a(libc_a-mbtowc_r.o)
                0x080108f8                __ascii_mbtowc
 .text.__malloc_lock
                0x0801091c        0xc E:/ST/STM32CubeIDE_1.18.0/STM32CubeIDE/plugins/com.st.stm32cube.ide.mcu.externaltools.gnu-tools-for-stm32.13.3.rel1.win32_1.0.0.202411081344/tools/bin/../lib/gcc/arm-none-eabi/13.3.1/../../../../arm-none-eabi/lib/thumb/v7e-m+dp/hard\libc_nano.a(libc_a-mlock.o)
                0x0801091c                __malloc_lock
 .text.__malloc_unlock
                0x08010928        0xc E:/ST/STM32CubeIDE_1.18.0/STM32CubeIDE/plugins/com.st.stm32cube.ide.mcu.externaltools.gnu-tools-for-stm32.13.3.rel1.win32_1.0.0.202411081344/tools/bin/../lib/gcc/arm-none-eabi/13.3.1/../../../../arm-none-eabi/lib/thumb/v7e-m+dp/hard\libc_nano.a(libc_a-mlock.o)
                0x08010928                __malloc_unlock
 .text._Balloc  0x08010934       0x80 E:/ST/STM32CubeIDE_1.18.0/STM32CubeIDE/plugins/com.st.stm32cube.ide.mcu.externaltools.gnu-tools-for-stm32.13.3.rel1.win32_1.0.0.202411081344/tools/bin/../lib/gcc/arm-none-eabi/13.3.1/../../../../arm-none-eabi/lib/thumb/v7e-m+dp/hard\libc_nano.a(libc_a-mprec.o)
                0x08010934                _Balloc
 .text._Bfree   0x080109b4       0x44 E:/ST/STM32CubeIDE_1.18.0/STM32CubeIDE/plugins/com.st.stm32cube.ide.mcu.externaltools.gnu-tools-for-stm32.13.3.rel1.win32_1.0.0.202411081344/tools/bin/../lib/gcc/arm-none-eabi/13.3.1/../../../../arm-none-eabi/lib/thumb/v7e-m+dp/hard\libc_nano.a(libc_a-mprec.o)
                0x080109b4                _Bfree
 .text.__multadd
                0x080109f8       0x8c E:/ST/STM32CubeIDE_1.18.0/STM32CubeIDE/plugins/com.st.stm32cube.ide.mcu.externaltools.gnu-tools-for-stm32.13.3.rel1.win32_1.0.0.202411081344/tools/bin/../lib/gcc/arm-none-eabi/13.3.1/../../../../arm-none-eabi/lib/thumb/v7e-m+dp/hard\libc_nano.a(libc_a-mprec.o)
                0x080109f8                __multadd
 .text.__s2b    0x08010a84       0x94 E:/ST/STM32CubeIDE_1.18.0/STM32CubeIDE/plugins/com.st.stm32cube.ide.mcu.externaltools.gnu-tools-for-stm32.13.3.rel1.win32_1.0.0.202411081344/tools/bin/../lib/gcc/arm-none-eabi/13.3.1/../../../../arm-none-eabi/lib/thumb/v7e-m+dp/hard\libc_nano.a(libc_a-mprec.o)
                0x08010a84                __s2b
 .text.__hi0bits
                0x08010b18       0x3e E:/ST/STM32CubeIDE_1.18.0/STM32CubeIDE/plugins/com.st.stm32cube.ide.mcu.externaltools.gnu-tools-for-stm32.13.3.rel1.win32_1.0.0.202411081344/tools/bin/../lib/gcc/arm-none-eabi/13.3.1/../../../../arm-none-eabi/lib/thumb/v7e-m+dp/hard\libc_nano.a(libc_a-mprec.o)
                0x08010b18                __hi0bits
 .text.__lo0bits
                0x08010b56       0x5a E:/ST/STM32CubeIDE_1.18.0/STM32CubeIDE/plugins/com.st.stm32cube.ide.mcu.externaltools.gnu-tools-for-stm32.13.3.rel1.win32_1.0.0.202411081344/tools/bin/../lib/gcc/arm-none-eabi/13.3.1/../../../../arm-none-eabi/lib/thumb/v7e-m+dp/hard\libc_nano.a(libc_a-mprec.o)
                0x08010b56                __lo0bits
 .text.__i2b    0x08010bb0       0x2c E:/ST/STM32CubeIDE_1.18.0/STM32CubeIDE/plugins/com.st.stm32cube.ide.mcu.externaltools.gnu-tools-for-stm32.13.3.rel1.win32_1.0.0.202411081344/tools/bin/../lib/gcc/arm-none-eabi/13.3.1/../../../../arm-none-eabi/lib/thumb/v7e-m+dp/hard\libc_nano.a(libc_a-mprec.o)
                0x08010bb0                __i2b
 .text.__multiply
                0x08010bdc      0x144 E:/ST/STM32CubeIDE_1.18.0/STM32CubeIDE/plugins/com.st.stm32cube.ide.mcu.externaltools.gnu-tools-for-stm32.13.3.rel1.win32_1.0.0.202411081344/tools/bin/../lib/gcc/arm-none-eabi/13.3.1/../../../../arm-none-eabi/lib/thumb/v7e-m+dp/hard\libc_nano.a(libc_a-mprec.o)
                0x08010bdc                __multiply
 .text.__pow5mult
                0x08010d20       0xb4 E:/ST/STM32CubeIDE_1.18.0/STM32CubeIDE/plugins/com.st.stm32cube.ide.mcu.externaltools.gnu-tools-for-stm32.13.3.rel1.win32_1.0.0.202411081344/tools/bin/../lib/gcc/arm-none-eabi/13.3.1/../../../../arm-none-eabi/lib/thumb/v7e-m+dp/hard\libc_nano.a(libc_a-mprec.o)
                0x08010d20                __pow5mult
 .text.__lshift
                0x08010dd4       0xd8 E:/ST/STM32CubeIDE_1.18.0/STM32CubeIDE/plugins/com.st.stm32cube.ide.mcu.externaltools.gnu-tools-for-stm32.13.3.rel1.win32_1.0.0.202411081344/tools/bin/../lib/gcc/arm-none-eabi/13.3.1/../../../../arm-none-eabi/lib/thumb/v7e-m+dp/hard\libc_nano.a(libc_a-mprec.o)
                0x08010dd4                __lshift
 .text.__mcmp   0x08010eac       0x36 E:/ST/STM32CubeIDE_1.18.0/STM32CubeIDE/plugins/com.st.stm32cube.ide.mcu.externaltools.gnu-tools-for-stm32.13.3.rel1.win32_1.0.0.202411081344/tools/bin/../lib/gcc/arm-none-eabi/13.3.1/../../../../arm-none-eabi/lib/thumb/v7e-m+dp/hard\libc_nano.a(libc_a-mprec.o)
                0x08010eac                __mcmp
 *fill*         0x08010ee2        0x2 
 .text.__mdiff  0x08010ee4      0x128 E:/ST/STM32CubeIDE_1.18.0/STM32CubeIDE/plugins/com.st.stm32cube.ide.mcu.externaltools.gnu-tools-for-stm32.13.3.rel1.win32_1.0.0.202411081344/tools/bin/../lib/gcc/arm-none-eabi/13.3.1/../../../../arm-none-eabi/lib/thumb/v7e-m+dp/hard\libc_nano.a(libc_a-mprec.o)
                0x08010ee4                __mdiff
 .text.__ulp    0x0801100c       0x4c E:/ST/STM32CubeIDE_1.18.0/STM32CubeIDE/plugins/com.st.stm32cube.ide.mcu.externaltools.gnu-tools-for-stm32.13.3.rel1.win32_1.0.0.202411081344/tools/bin/../lib/gcc/arm-none-eabi/13.3.1/../../../../arm-none-eabi/lib/thumb/v7e-m+dp/hard\libc_nano.a(libc_a-mprec.o)
                0x0801100c                __ulp
 .text.__b2d    0x08011058       0x94 E:/ST/STM32CubeIDE_1.18.0/STM32CubeIDE/plugins/com.st.stm32cube.ide.mcu.externaltools.gnu-tools-for-stm32.13.3.rel1.win32_1.0.0.202411081344/tools/bin/../lib/gcc/arm-none-eabi/13.3.1/../../../../arm-none-eabi/lib/thumb/v7e-m+dp/hard\libc_nano.a(libc_a-mprec.o)
                0x08011058                __b2d
 .text.__d2b    0x080110ec       0xb0 E:/ST/STM32CubeIDE_1.18.0/STM32CubeIDE/plugins/com.st.stm32cube.ide.mcu.externaltools.gnu-tools-for-stm32.13.3.rel1.win32_1.0.0.202411081344/tools/bin/../lib/gcc/arm-none-eabi/13.3.1/../../../../arm-none-eabi/lib/thumb/v7e-m+dp/hard\libc_nano.a(libc_a-mprec.o)
                0x080110ec                __d2b
 .text.__ratio  0x0801119c       0x5e E:/ST/STM32CubeIDE_1.18.0/STM32CubeIDE/plugins/com.st.stm32cube.ide.mcu.externaltools.gnu-tools-for-stm32.13.3.rel1.win32_1.0.0.202411081344/tools/bin/../lib/gcc/arm-none-eabi/13.3.1/../../../../arm-none-eabi/lib/thumb/v7e-m+dp/hard\libc_nano.a(libc_a-mprec.o)
                0x0801119c                __ratio
 .text.__copybits
                0x080111fa       0x46 E:/ST/STM32CubeIDE_1.18.0/STM32CubeIDE/plugins/com.st.stm32cube.ide.mcu.externaltools.gnu-tools-for-stm32.13.3.rel1.win32_1.0.0.202411081344/tools/bin/../lib/gcc/arm-none-eabi/13.3.1/../../../../arm-none-eabi/lib/thumb/v7e-m+dp/hard\libc_nano.a(libc_a-mprec.o)
                0x080111fa                __copybits
 .text.__any_on
                0x08011240       0x42 E:/ST/STM32CubeIDE_1.18.0/STM32CubeIDE/plugins/com.st.stm32cube.ide.mcu.externaltools.gnu-tools-for-stm32.13.3.rel1.win32_1.0.0.202411081344/tools/bin/../lib/gcc/arm-none-eabi/13.3.1/../../../../arm-none-eabi/lib/thumb/v7e-m+dp/hard\libc_nano.a(libc_a-mprec.o)
                0x08011240                __any_on
 .text.__ascii_wctomb
                0x08011282       0x1a E:/ST/STM32CubeIDE_1.18.0/STM32CubeIDE/plugins/com.st.stm32cube.ide.mcu.externaltools.gnu-tools-for-stm32.13.3.rel1.win32_1.0.0.202411081344/tools/bin/../lib/gcc/arm-none-eabi/13.3.1/../../../../arm-none-eabi/lib/thumb/v7e-m+dp/hard\libc_nano.a(libc_a-wctomb_r.o)
                0x08011282                __ascii_wctomb
 .text.__sfputc_r
                0x0801129c       0x2e E:/ST/STM32CubeIDE_1.18.0/STM32CubeIDE/plugins/com.st.stm32cube.ide.mcu.externaltools.gnu-tools-for-stm32.13.3.rel1.win32_1.0.0.202411081344/tools/bin/../lib/gcc/arm-none-eabi/13.3.1/../../../../arm-none-eabi/lib/thumb/v7e-m+dp/hard\libc_nano.a(libc_a-nano-vfprintf.o)
 .text.__sfputs_r
                0x080112ca       0x24 E:/ST/STM32CubeIDE_1.18.0/STM32CubeIDE/plugins/com.st.stm32cube.ide.mcu.externaltools.gnu-tools-for-stm32.13.3.rel1.win32_1.0.0.202411081344/tools/bin/../lib/gcc/arm-none-eabi/13.3.1/../../../../arm-none-eabi/lib/thumb/v7e-m+dp/hard\libc_nano.a(libc_a-nano-vfprintf.o)
                0x080112ca                __sfputs_r
 *fill*         0x080112ee        0x2 
 .text._vfprintf_r
                0x080112f0      0x230 E:/ST/STM32CubeIDE_1.18.0/STM32CubeIDE/plugins/com.st.stm32cube.ide.mcu.externaltools.gnu-tools-for-stm32.13.3.rel1.win32_1.0.0.202411081344/tools/bin/../lib/gcc/arm-none-eabi/13.3.1/../../../../arm-none-eabi/lib/thumb/v7e-m+dp/hard\libc_nano.a(libc_a-nano-vfprintf.o)
                0x080112f0                _vfprintf_r
                0x080112f0                _vfiprintf_r
 .text.__sflush_r
                0x08011520      0x108 E:/ST/STM32CubeIDE_1.18.0/STM32CubeIDE/plugins/com.st.stm32cube.ide.mcu.externaltools.gnu-tools-for-stm32.13.3.rel1.win32_1.0.0.202411081344/tools/bin/../lib/gcc/arm-none-eabi/13.3.1/../../../../arm-none-eabi/lib/thumb/v7e-m+dp/hard\libc_nano.a(libc_a-fflush.o)
                0x08011520                __sflush_r
 .text._fflush_r
                0x08011628       0x50 E:/ST/STM32CubeIDE_1.18.0/STM32CubeIDE/plugins/com.st.stm32cube.ide.mcu.externaltools.gnu-tools-for-stm32.13.3.rel1.win32_1.0.0.202411081344/tools/bin/../lib/gcc/arm-none-eabi/13.3.1/../../../../arm-none-eabi/lib/thumb/v7e-m+dp/hard\libc_nano.a(libc_a-fflush.o)
                0x08011628                _fflush_r
 .text.__swhatbuf_r
                0x08011678       0x4c E:/ST/STM32CubeIDE_1.18.0/STM32CubeIDE/plugins/com.st.stm32cube.ide.mcu.externaltools.gnu-tools-for-stm32.13.3.rel1.win32_1.0.0.202411081344/tools/bin/../lib/gcc/arm-none-eabi/13.3.1/../../../../arm-none-eabi/lib/thumb/v7e-m+dp/hard\libc_nano.a(libc_a-makebuf.o)
                0x08011678                __swhatbuf_r
 .text.__smakebuf_r
                0x080116c4       0x78 E:/ST/STM32CubeIDE_1.18.0/STM32CubeIDE/plugins/com.st.stm32cube.ide.mcu.externaltools.gnu-tools-for-stm32.13.3.rel1.win32_1.0.0.202411081344/tools/bin/../lib/gcc/arm-none-eabi/13.3.1/../../../../arm-none-eabi/lib/thumb/v7e-m+dp/hard\libc_nano.a(libc_a-makebuf.o)
                0x080116c4                __smakebuf_r
 .text._fstat_r
                0x0801173c       0x24 E:/ST/STM32CubeIDE_1.18.0/STM32CubeIDE/plugins/com.st.stm32cube.ide.mcu.externaltools.gnu-tools-for-stm32.13.3.rel1.win32_1.0.0.202411081344/tools/bin/../lib/gcc/arm-none-eabi/13.3.1/../../../../arm-none-eabi/lib/thumb/v7e-m+dp/hard\libc_nano.a(libc_a-fstatr.o)
                0x0801173c                _fstat_r
 .text._isatty_r
                0x08011760       0x20 E:/ST/STM32CubeIDE_1.18.0/STM32CubeIDE/plugins/com.st.stm32cube.ide.mcu.externaltools.gnu-tools-for-stm32.13.3.rel1.win32_1.0.0.202411081344/tools/bin/../lib/gcc/arm-none-eabi/13.3.1/../../../../arm-none-eabi/lib/thumb/v7e-m+dp/hard\libc_nano.a(libc_a-isattyr.o)
                0x08011760                _isatty_r
 .text._sbrk_r  0x08011780       0x20 E:/ST/STM32CubeIDE_1.18.0/STM32CubeIDE/plugins/com.st.stm32cube.ide.mcu.externaltools.gnu-tools-for-stm32.13.3.rel1.win32_1.0.0.202411081344/tools/bin/../lib/gcc/arm-none-eabi/13.3.1/../../../../arm-none-eabi/lib/thumb/v7e-m+dp/hard\libc_nano.a(libc_a-sbrkr.o)
                0x08011780                _sbrk_r
 .text.__assert_func
                0x080117a0       0x3c E:/ST/STM32CubeIDE_1.18.0/STM32CubeIDE/plugins/com.st.stm32cube.ide.mcu.externaltools.gnu-tools-for-stm32.13.3.rel1.win32_1.0.0.202411081344/tools/bin/../lib/gcc/arm-none-eabi/13.3.1/../../../../arm-none-eabi/lib/thumb/v7e-m+dp/hard\libc_nano.a(libc_a-assert.o)
                0x080117a0                __assert_func
 .text._calloc_r
                0x080117dc       0x28 E:/ST/STM32CubeIDE_1.18.0/STM32CubeIDE/plugins/com.st.stm32cube.ide.mcu.externaltools.gnu-tools-for-stm32.13.3.rel1.win32_1.0.0.202411081344/tools/bin/../lib/gcc/arm-none-eabi/13.3.1/../../../../arm-none-eabi/lib/thumb/v7e-m+dp/hard\libc_nano.a(libc_a-callocr.o)
                0x080117dc                _calloc_r
 .text.fprintf  0x08011804       0x24 E:/ST/STM32CubeIDE_1.18.0/STM32CubeIDE/plugins/com.st.stm32cube.ide.mcu.externaltools.gnu-tools-for-stm32.13.3.rel1.win32_1.0.0.202411081344/tools/bin/../lib/gcc/arm-none-eabi/13.3.1/../../../../arm-none-eabi/lib/thumb/v7e-m+dp/hard\libc_nano.a(libc_a-fprintf.o)
                0x08011804                fiprintf
                0x08011804                fprintf
 .text.abort    0x08011828        0xe E:/ST/STM32CubeIDE_1.18.0/STM32CubeIDE/plugins/com.st.stm32cube.ide.mcu.externaltools.gnu-tools-for-stm32.13.3.rel1.win32_1.0.0.202411081344/tools/bin/../lib/gcc/arm-none-eabi/13.3.1/../../../../arm-none-eabi/lib/thumb/v7e-m+dp/hard\libc_nano.a(libc_a-abort.o)
                0x08011828                abort
 .text._raise_r