Archive member included to satisfy reference by file (symbol)

E:/ST/STM32CubeIDE_1.18.0/STM32CubeIDE/plugins/com.st.stm32cube.ide.mcu.externaltools.gnu-tools-for-stm32.13.3.rel1.win32_1.0.0.202411081344/tools/bin/../lib/gcc/arm-none-eabi/13.3.1/../../../../arm-none-eabi/lib/thumb/v7e-m+dp/hard\libc_nano.a(libc_a-exit.o)
                              E:/ST/STM32CubeIDE_1.18.0/STM32CubeIDE/plugins/com.st.stm32cube.ide.mcu.externaltools.gnu-tools-for-stm32.13.3.rel1.win32_1.0.0.202411081344/tools/bin/../lib/gcc/arm-none-eabi/13.3.1/../../../../arm-none-eabi/lib/thumb/v7e-m+dp/hard/crt0.o (exit)
E:/ST/STM32CubeIDE_1.18.0/STM32CubeIDE/plugins/com.st.stm32cube.ide.mcu.externaltools.gnu-tools-for-stm32.13.3.rel1.win32_1.0.0.202411081344/tools/bin/../lib/gcc/arm-none-eabi/13.3.1/../../../../arm-none-eabi/lib/thumb/v7e-m+dp/hard\libc_nano.a(libc_a-strtod.o)
                              ./Code/Third-Party_lib/Debug_Protocol/Debug_Protocol.o (strtof)
E:/ST/STM32CubeIDE_1.18.0/STM32CubeIDE/plugins/com.st.stm32cube.ide.mcu.externaltools.gnu-tools-for-stm32.13.3.rel1.win32_1.0.0.202411081344/tools/bin/../lib/gcc/arm-none-eabi/13.3.1/../../../../arm-none-eabi/lib/thumb/v7e-m+dp/hard\libc_nano.a(libc_a-strtol.o)
                              ./Code/Third-Party_lib/Debug_Protocol/Debug_Protocol.o (strtol)
E:/ST/STM32CubeIDE_1.18.0/STM32CubeIDE/plugins/com.st.stm32cube.ide.mcu.externaltools.gnu-tools-for-stm32.13.3.rel1.win32_1.0.0.202411081344/tools/bin/../lib/gcc/arm-none-eabi/13.3.1/../../../../arm-none-eabi/lib/thumb/v7e-m+dp/hard\libc_nano.a(libc_a-ctype_.o)
                              E:/ST/STM32CubeIDE_1.18.0/STM32CubeIDE/plugins/com.st.stm32cube.ide.mcu.externaltools.gnu-tools-for-stm32.13.3.rel1.win32_1.0.0.202411081344/tools/bin/../lib/gcc/arm-none-eabi/13.3.1/../../../../arm-none-eabi/lib/thumb/v7e-m+dp/hard\libc_nano.a(libc_a-strtol.o) (_ctype_)
E:/ST/STM32CubeIDE_1.18.0/STM32CubeIDE/plugins/com.st.stm32cube.ide.mcu.externaltools.gnu-tools-for-stm32.13.3.rel1.win32_1.0.0.202411081344/tools/bin/../lib/gcc/arm-none-eabi/13.3.1/../../../../arm-none-eabi/lib/thumb/v7e-m+dp/hard\libc_nano.a(libc_a-nano-vfprintf_float.o)
                              (_printf_float)
E:/ST/STM32CubeIDE_1.18.0/STM32CubeIDE/plugins/com.st.stm32cube.ide.mcu.externaltools.gnu-tools-for-stm32.13.3.rel1.win32_1.0.0.202411081344/tools/bin/../lib/gcc/arm-none-eabi/13.3.1/../../../../arm-none-eabi/lib/thumb/v7e-m+dp/hard\libc_nano.a(libc_a-nano-vfprintf_i.o)
                              E:/ST/STM32CubeIDE_1.18.0/STM32CubeIDE/plugins/com.st.stm32cube.ide.mcu.externaltools.gnu-tools-for-stm32.13.3.rel1.win32_1.0.0.202411081344/tools/bin/../lib/gcc/arm-none-eabi/13.3.1/../../../../arm-none-eabi/lib/thumb/v7e-m+dp/hard\libc_nano.a(libc_a-nano-vfprintf_float.o) (_printf_common)
E:/ST/STM32CubeIDE_1.18.0/STM32CubeIDE/plugins/com.st.stm32cube.ide.mcu.externaltools.gnu-tools-for-stm32.13.3.rel1.win32_1.0.0.202411081344/tools/bin/../lib/gcc/arm-none-eabi/13.3.1/../../../../arm-none-eabi/lib/thumb/v7e-m+dp/hard\libc_nano.a(libc_a-findfp.o)
                              E:/ST/STM32CubeIDE_1.18.0/STM32CubeIDE/plugins/com.st.stm32cube.ide.mcu.externaltools.gnu-tools-for-stm32.13.3.rel1.win32_1.0.0.202411081344/tools/bin/../lib/gcc/arm-none-eabi/13.3.1/../../../../arm-none-eabi/lib/thumb/v7e-m+dp/hard\libc_nano.a(libc_a-exit.o) (__stdio_exit_handler)
E:/ST/STM32CubeIDE_1.18.0/STM32CubeIDE/plugins/com.st.stm32cube.ide.mcu.externaltools.gnu-tools-for-stm32.13.3.rel1.win32_1.0.0.202411081344/tools/bin/../lib/gcc/arm-none-eabi/13.3.1/../../../../arm-none-eabi/lib/thumb/v7e-m+dp/hard\libc_nano.a(libc_a-fwalk.o)
                              E:/ST/STM32CubeIDE_1.18.0/STM32CubeIDE/plugins/com.st.stm32cube.ide.mcu.externaltools.gnu-tools-for-stm32.13.3.rel1.win32_1.0.0.202411081344/tools/bin/../lib/gcc/arm-none-eabi/13.3.1/../../../../arm-none-eabi/lib/thumb/v7e-m+dp/hard\libc_nano.a(libc_a-findfp.o) (_fwalk_sglue)
E:/ST/STM32CubeIDE_1.18.0/STM32CubeIDE/plugins/com.st.stm32cube.ide.mcu.externaltools.gnu-tools-for-stm32.13.3.rel1.win32_1.0.0.202411081344/tools/bin/../lib/gcc/arm-none-eabi/13.3.1/../../../../arm-none-eabi/lib/thumb/v7e-m+dp/hard\libc_nano.a(libc_a-printf.o)
                              ./Code/User/User_Code.o (printf)
E:/ST/STM32CubeIDE_1.18.0/STM32CubeIDE/plugins/com.st.stm32cube.ide.mcu.externaltools.gnu-tools-for-stm32.13.3.rel1.win32_1.0.0.202411081344/tools/bin/../lib/gcc/arm-none-eabi/13.3.1/../../../../arm-none-eabi/lib/thumb/v7e-m+dp/hard\libc_nano.a(libc_a-puts.o)
                              ./Code/User/User_Code.o (puts)
E:/ST/STM32CubeIDE_1.18.0/STM32CubeIDE/plugins/com.st.stm32cube.ide.mcu.externaltools.gnu-tools-for-stm32.13.3.rel1.win32_1.0.0.202411081344/tools/bin/../lib/gcc/arm-none-eabi/13.3.1/../../../../arm-none-eabi/lib/thumb/v7e-m+dp/hard\libc_nano.a(libc_a-stdio.o)
[...]
Memory Configuration

Name             Origin             Length             Attributes
FLASH            0x08000000         0x00200000         xr
DTCMRAM          0x20000000         0x00020000         xrw
RAM_D1           0x24000000         0x00080000         xrw
RAM_D2           0x30000000         0x00048000         xrw
RAM_D3           0x38000000         0x00010000         xrw
ITCMRAM          0x00000000         0x00010000         xrw
*default*        0x00000000         0xffffffff

Linker script and memory map

LOAD E:/ST/STM32CubeIDE_1.18.0/STM32CubeIDE/plugins/com.st.stm32cube.ide.mcu.externaltools.gnu-tools-for-stm32.13.3.rel1.win32_1.0.0.202411081344/tools/bin/../lib/gcc/arm-none-eabi/13.3.1/thumb/v7e-m+dp/hard/crti.o
LOAD E:/ST/STM32CubeIDE_1.18.0/STM32CubeIDE/plugins/com.st.stm32cube.ide.mcu.externaltools.gnu-tools-for-stm32.13.3.rel1.win32_1.0.0.202411081344/tools/bin/../lib/gcc/arm-none-eabi/13.3.1/thumb/v7e-m+dp/hard/crtbegin.o
LOAD E:/ST/STM32CubeIDE_1.18.0/STM32CubeIDE/plugins/com.st.stm32cube.ide.mcu.externaltools.gnu-tools-for-stm32.13.3.rel1.win32_1.0.0.202411081344/tools/bin/../lib/gcc/arm-none-eabi/13.3.1/../../../../arm-none-eabi/lib/thumb/v7e-m+dp/hard/crt0.o
LOAD ./Code/Third-Party_lib/Debug_Protocol/Debug_Protocol.o
LOAD ./Code/Third-Party_lib/Debug_Protocol/PerformanceTest.o
LOAD ./Code/User/User_Code.o
LOAD ./Core/Src/main.o
LOAD ./Core/Src/stm32h7xx_hal_msp.o
LOAD ./Core/Src/stm32h7xx_it.o
LOAD ./Core/Src/syscalls.o
LOAD ./Core/Src/sysmem.o
LOAD ./Core/Src/system_stm32h7xx.o
LOAD ./Core/Startup/startup_stm32h743vitx.o
LOAD ./Drivers/STM32H7xx_HAL_Driver/Src/stm32h7xx_hal.o
LOAD ./Drivers/STM32H7xx_HAL_Driver/Src/stm32h7xx_hal_cortex.o
LOAD ./Drivers/STM32H7xx_HAL_Driver/Src/stm32h7xx_hal_dma.o
LOAD ./Drivers/STM32H7xx_HAL_Driver/Src/stm32h7xx_hal_dma_ex.o
LOAD ./Drivers/STM32H7xx_HAL_Driver/Src/stm32h7xx_hal_exti.o
LOAD ./Drivers/STM32H7xx_HAL_Driver/Src/stm32h7xx_hal_flash.o
LOAD ./Drivers/STM32H7xx_HAL_Driver/Src/stm32h7xx_hal_flash_ex.o
LOAD ./Drivers/STM32H7xx_HAL_Driver/Src/stm32h7xx_hal_gpio.o
LOAD ./Drivers/STM32H7xx_HAL_Driver/Src/stm32h7xx_hal_hsem.o
LOAD ./Drivers/STM32H7xx_HAL_Driver/Src/stm32h7xx_hal_i2c.o
LOAD ./Drivers/STM32H7xx_HAL_Driver/Src/stm32h7xx_hal_i2c_ex.o
LOAD ./Drivers/STM32H7xx_HAL_Driver/Src/stm32h7xx_hal_mdma.o
LOAD ./Drivers/STM32H7xx_HAL_Driver/Src/stm32h7xx_hal_pcd.o
LOAD ./Drivers/STM32H7xx_HAL_Driver/Src/stm32h7xx_hal_pcd_ex.o
LOAD ./Drivers/STM32H7xx_HAL_Driver/Src/stm32h7xx_hal_pwr.o
LOAD ./Drivers/STM32H7xx_HAL_Driver/Src/stm32h7xx_hal_pwr_ex.o
LOAD ./Drivers/STM32H7xx_HAL_Driver/Src/stm32h7xx_hal_rcc.o
LOAD ./Drivers/STM32H7xx_HAL_Driver/Src/stm32h7xx_hal_rcc_ex.o
LOAD ./Drivers/STM32H7xx_HAL_Driver/Src/stm32h7xx_hal_uart.o
LOAD ./Drivers/STM32H7xx_HAL_Driver/Src/stm32h7xx_hal_uart_ex.o
LOAD ./Drivers/STM32H7xx_HAL_Driver/Src/stm32h7xx_ll_usb.o
LOAD ./Middlewares/ST/STM32_USB_Device_Library/Class/CDC/Src/usbd_cdc.o
LOAD ./Middlewares/ST/STM32_USB_Device_Library/Core/Src/usbd_core.o
LOAD ./Middlewares/ST/STM32_USB_Device_Library/Core/Src/usbd_ctlreq.o
LOAD ./Middlewares/ST/STM32_USB_Device_Library/Core/Src/usbd_ioreq.o
LOAD ./USB_DEVICE/App/usb_device.o
LOAD ./USB_DEVICE/App/usbd_cdc_if.o
LOAD ./USB_DEVICE/App/usbd_desc.o
LOAD ./USB_DEVICE/Target/usbd_conf.o
START GROUP
LOAD E:/ST/STM32CubeIDE_1.18.0/STM32CubeIDE/plugins/com.st.stm32cube.ide.mcu.externaltools.gnu-tools-for-stm32.13.3.rel1.win32_1.0.0.202411081344/tools/bin/../lib/gcc/arm-none-eabi/13.3.1/../../../../arm-none-eabi/lib/thumb/v7e-m+dp/hard\libc_nano.a
LOAD E:/ST/STM32CubeIDE_1.18.0/STM32CubeIDE/plugins/com.st.stm32cube.ide.mcu.externaltools.gnu-tools-for-stm32.13.3.rel1.win32_1.0.0.202411081344/tools/bin/../lib/gcc/arm-none-eabi/13.3.1/../../../../arm-none-eabi/lib/thumb/v7e-m+dp/hard\libm.a
END GROUP
START GROUP
LOAD E:/ST/STM32CubeIDE_1.18.0/STM32CubeIDE/plugins/com.st.stm32cube.ide.mcu.externaltools.gnu-tools-for-stm32.13.3.rel1.win32_1.0.0.202411081344/tools/bin/../lib/gcc/arm-none-eabi/13.3.1/thumb/v7e-m+dp/hard\libgcc.a
LOAD E:/ST/STM32CubeIDE_1.18.0/STM32CubeIDE/plugins/com.st.stm32cube.ide.mcu.externaltools.gnu-tools-for-stm32.13.3.rel1.win32_1.0.0.202411081344/tools/bin/../lib/gcc/arm-none-eabi/13.3.1/../../../../arm-none-eabi/lib/thumb/v7e-m+dp/hard\libc_nano.a
END GROUP
START GROUP
LOAD E:/ST/STM32CubeIDE_1.18.0/STM32CubeIDE/plugins/com.st.stm32cube.ide.mcu.externaltools.gnu-tools-for-stm32.13.3.rel1.win32_1.0.0.202411081344/tools/bin/../lib/gcc/arm-none-eabi/13.3.1/thumb/v7e-m+dp/hard\libgcc.a
LOAD E:/ST/STM32CubeIDE_1.18.0/STM32CubeIDE/plugins/com.st.stm32cube.ide.mcu.externaltools.gnu-tools-for-stm32.13.3.rel1.win32_1.0.0.202411081344/tools/bin/../lib/gcc/arm-none-eabi/13.3.1/../../../../arm-none-eabi/lib/thumb/v7e-m+dp/hard\libc_nano.a
LOAD E:/ST/STM32CubeIDE_1.18.0/STM32CubeIDE/plugins/com.st.stm32cube.ide.mcu.externaltools.gnu-tools-for-stm32.13.3.rel1.win32_1.0.0.202411081344/tools/bin/../lib/gcc/arm-none-eabi/13.3.1/../../../../arm-none-eabi/lib/thumb/v7e-m+dp/hard\libnosys.a
END GROUP
START GROUP
LOAD E:/ST/STM32CubeIDE_1.18.0/STM32CubeIDE/plugins/com.st.stm32cube.ide.mcu.externaltools.gnu-tools-for-stm32.13.3.rel1.win32_1.0.0.202411081344/tools/bin/../lib/gcc/arm-none-eabi/13.3.1/thumb/v7e-m+dp/hard\libgcc.a
LOAD E:/ST/STM32CubeIDE_1.18.0/STM32CubeIDE/plugins/com.st.stm32cube.ide.mcu.externaltools.gnu-tools-for-stm32.13.3.rel1.win32_1.0.0.202411081344/tools/bin/../lib/gcc/arm-none-eabi/13.3.1/../../../../arm-none-eabi/lib/thumb/v7e-m+dp/hard\libc_nano.a
LOAD E:/ST/STM32CubeIDE_1.18.0/STM32CubeIDE/plugins/com.st.stm32cube.ide.mcu.externaltools.gnu-tools-for-stm32.13.3.rel1.win32_1.0.0.202411081344/tools/bin/../lib/gcc/arm-none-eabi/13.3.1/../../../../arm-none-eabi/lib/thumb/v7e-m+dp/hard\libnosys.a
END GROUP
LOAD E:/ST/STM32CubeIDE_1.18.0/STM32CubeIDE/plugins/com.st.stm32cube.ide.mcu.externaltools.gnu-tools-for-stm32.13.3.rel1.win32_1.0.0.202411081344/tools/bin/../lib/gcc/arm-none-eabi/13.3.1/thumb/v7e-m+dp/hard/crtend.o
LOAD E:/ST/STM32CubeIDE_1.18.0/STM32CubeIDE/plugins/com.st.stm32cube.ide.mcu.externaltools.gnu-tools-for-stm32.13.3.rel1.win32_1.0.0.202411081344/tools/bin/../lib/gcc/arm-none-eabi/13.3.1/thumb/v7e-m+dp/hard/crtn.o
                0x24080000                        _estack = (ORIGIN (RAM_D1) + LENGTH (RAM_D1))
                0x00000200                        _Min_Heap_Size = 0x200
                0x00000400                        _Min_Stack_Size = 0x400

.isr_vector     0x08000000      0x298
                0x08000000                        . = ALIGN (0x4)
 *(.isr_vector)
 .isr_vector    0x08000000      0x298 ./Core/Startup/startup_stm32h743vitx.o
                0x08000000                g_pfnVectors
                0x08000298                        . = ALIGN (0x4)

.text           0x080002a0    0x114d0
                0x080002a0                        . = ALIGN (0x4)
 *(.text)
 .text          0x080002a0       0x40 E:/ST/STM32CubeIDE_1.18.0/STM32CubeIDE/plugins/com.st.stm32cube.ide.mcu.externaltools.gnu-tools-for-stm32.13.3.rel1.win32_1.0.0.202411081344/tools/bin/../lib/gcc/arm-none-eabi/13.3.1/thumb/v7e-m+dp/hard/crtbegin.o
 .text          0x080002e0       0x14 E:/ST/STM32CubeIDE_1.18.0/STM32CubeIDE/plugins/com.st.stm32cube.ide.mcu.externaltools.gnu-tools-for-stm32.13.3.rel1.win32_1.0.0.202411081344/tools/bin/../lib/gcc/arm-none-eabi/13.3.1/../../../../arm-none-eabi/lib/thumb/v7e-m+dp/hard\libc_nano.a(libc_a-strcmp.o)
                0x080002e0                strcmp
 *fill*         0x080002f4        0xc 
 .text          0x08000300       0xa0 E:/ST/STM32CubeIDE_1.18.0/STM32CubeIDE/plugins/com.st.stm32cube.ide.mcu.externaltools.gnu-tools-for-stm32.13.3.rel1.win32_1.0.0.202411081344/tools/bin/../lib/gcc/arm-none-eabi/13.3.1/../../../../arm-none-eabi/lib/thumb/v7e-m+dp/hard\libc_nano.a(libc_a-memchr.o)
                0x08000300                memchr
 .text          0x080003a0       0x10 E:/ST/STM32CubeIDE_1.18.0/STM32CubeIDE/plugins/com.st.stm32cube.ide.mcu.externaltools.gnu-tools-for-stm32.13.3.rel1.win32_1.0.0.202411081344/tools/bin/../lib/gcc/arm-none-eabi/13.3.1/../../../../arm-none-eabi/lib/thumb/v7e-m+dp/hard\libc_nano.a(libc_a-strlen.o)
                0x080003a0                strlen
 .text          0x080003b0      0x378 E:/ST/STM32CubeIDE_1.18.0/STM32CubeIDE/plugins/com.st.stm32cube.ide.mcu.externaltools.gnu-tools-for-stm32.13.3.rel1.win32_1.0.0.202411081344/tools/bin/../lib/gcc/arm-none-eabi/13.3.1/thumb/v7e-m+dp/hard\libgcc.a(_arm_addsubdf3.o)
                0x080003b0                __aeabi_drsub
                0x080003b8                __aeabi_dsub
                0x080003b8                __subdf3
                0x080003bc                __aeabi_dadd
                0x080003bc                __adddf3
                0x08000634                __floatunsidf
                0x08000634                __aeabi_ui2d
                0x08000654                __floatsidf
                0x08000654                __aeabi_i2d
                0x08000678                __aeabi_f2d
                0x08000678                __extendsfdf2
                0x080006bc                __floatundidf
                0x080006bc                __aeabi_ul2d
                0x080006cc                __floatdidf
                0x080006cc                __aeabi_l2d
 .text          0x08000728       0x30 E:/ST/STM32CubeIDE_1.18.0/STM32CubeIDE/plugins/com.st.stm32cube.ide.mcu.externaltools.gnu-tools-for-stm32.13.3.rel1.win32_1.0.0.202411081344/tools/bin/../lib/gcc/arm-none-eabi/13.3.1/thumb/v7e-m+dp/hard\libgcc.a(_aeabi_uldivmod.o)
                0x08000728                __aeabi_uldivmod
 .text          0x08000758       0x30 E:/ST/STM32CubeIDE_1.18.0/STM32CubeIDE/plugins/com.st.stm32cube.ide.mcu.externaltools.gnu-tools-for-stm32.13.3.rel1.win32_1.0.0.202411081344/tools/bin/../lib/gcc/arm-none-eabi/13.3.1/thumb/v7e-m+dp/hard\libgcc.a(_fixdfdi.o)
                0x08000758                __fixdfdi
                0x08000758                __aeabi_d2lz
 .text          0x08000788       0x40 E:/ST/STM32CubeIDE_1.18.0/STM32CubeIDE/plugins/com.st.stm32cube.ide.mcu.externaltools.gnu-tools-for-stm32.13.3.rel1.win32_1.0.0.202411081344/tools/bin/../lib/gcc/arm-none-eabi/13.3.1/thumb/v7e-m+dp/hard\libgcc.a(_fixunsdfdi.o)
                0x08000788                __fixunsdfdi
                0x08000788                __aeabi_d2ulz
 .text          0x080007c8      0x2f8 E:/ST/STM32CubeIDE_1.18.0/STM32CubeIDE/plugins/com.st.stm32cube.ide.mcu.externaltools.gnu-tools-for-stm32.13.3.rel1.win32_1.0.0.202411081344/tools/bin/../lib/gcc/arm-none-eabi/13.3.1/thumb/v7e-m+dp/hard\libgcc.a(_udivmoddi4.o)
                0x080007c8                __udivmoddi4
 .text          0x08000ac0        0x4 E:/ST/STM32CubeIDE_1.18.0/STM32CubeIDE/plugins/com.st.stm32cube.ide.mcu.externaltools.gnu-tools-for-stm32.13.3.rel1.win32_1.0.0.202411081344/tools/bin/../lib/gcc/arm-none-eabi/13.3.1/thumb/v7e-m+dp/hard\libgcc.a(_dvmd_tls.o)
                0x08000ac0                __aeabi_idiv0
                0x08000ac0                __aeabi_ldiv0
 *(.text*)
 .text.Rec_Proc
                0x08000ac4       0x88 ./Code/Third-Party_lib/Debug_Protocol/Debug_Protocol.o
                0x08000ac4                Rec_Proc
 .text.Protocol_Reset
                0x08000b4c       0x5c ./Code/Third-Party_lib/Debug_Protocol/Debug_Protocol.o
                0x08000b4c                Protocol_Reset
 .text.Protocol
                0x08000ba8      0x5d8 ./Code/Third-Party_lib/Debug_Protocol/Debug_Protocol.o
                0x08000ba8                Protocol
 .text.Val_Create
                0x08001180       0x54 ./Code/Third-Party_lib/Debug_Protocol/Debug_Protocol.o
                0x08001180                Val_Create
 .text.__io_putchar
                0x080011d4       0x32 ./Code/User/User_Code.o
                0x080011d4                __io_putchar
 *fill*         0x08001206        0x2 
 .text.HAL_UART_RxCpltCallback
                0x08001208       0x48 ./Code/User/User_Code.o
                0x08001208                HAL_UART_RxCpltCallback
 .text.User_Main
                0x08001250       0x84 ./Code/User/User_Code.o
                0x08001250                User_Main
 .text.main     0x080012d4       0x24 ./Core/Src/main.o
                0x080012d4                main
 .text.SystemClock_Config
                0x080012f8       0xf8 ./Core/Src/main.o
                0x080012f8                SystemClock_Config
 .text.MX_USART1_UART_Init
                0x080013f0       0x98 ./Core/Src/main.o
 .text.MX_GPIO_Init
                0x08001488       0xa8 ./Core/Src/main.o
 .text.MPU_Config
                0x08001530       0x58 ./Core/Src/main.o
 .text.Error_Handler
                0x08001588        0xc ./Core/Src/main.o
                0x08001588                Error_Handler
 .text.HAL_MspInit
                0x08001594       0x34 ./Core/Src/stm32h7xx_hal_msp.o
                0x08001594                HAL_MspInit
 .text.HAL_UART_MspInit
                0x080015c8       0xe4 ./Core/Src/stm32h7xx_hal_msp.o
                0x080015c8                HAL_UART_MspInit
 .text.NMI_Handler
                0x080016ac        0x8 ./Core/Src/stm32h7xx_it.o
                0x080016ac                NMI_Handler
 .text.HardFault_Handler
                0x080016b4        0x8 ./Core/Src/stm32h7xx_it.o
                0x080016b4                HardFault_Handler
 .text.MemManage_Handler
                0x080016bc        0x8 ./Core/Src/stm32h7xx_it.o
                0x080016bc                MemManage_Handler
 .text.BusFault_Handler
                0x080016c4        0x8 ./Core/Src/stm32h7xx_it.o
                0x080016c4                BusFault_Handler
 .text.UsageFault_Handler
                0x080016cc        0x8 ./Core/Src/stm32h7xx_it.o
                0x080016cc                UsageFault_Handler
 .text.SVC_Handler
                0x080016d4        0xe ./Core/Src/stm32h7xx_it.o
                0x080016d4                SVC_Handler
 .text.DebugMon_Handler
                0x080016e2        0xe ./Core/Src/stm32h7xx_it.o
                0x080016e2                DebugMon_Handler
 .text.PendSV_Handler
                0x080016f0        0xe ./Core/Src/stm32h7xx_it.o
                0x080016f0                PendSV_Handler
 .text.SysTick_Handler
                0x080016fe        0xc ./Core/Src/stm32h7xx_it.o
                0x080016fe                SysTick_Handler
 *fill*         0x0800170a        0x2 
 .text.USART1_IRQHandler
                0x0800170c       0x14 ./Core/Src/stm32h7xx_it.o
                0x0800170c                USART1_IRQHandler
 .text.OTG_FS_EP1_OUT_IRQHandler
                0x08001720       0x14 ./Core/Src/stm32h7xx_it.o
                0x08001720                OTG_FS_EP1_OUT_IRQHandler
 .text.OTG_FS_EP1_IN_IRQHandler
                0x08001734       0x14 ./Core/Src/stm32h7xx_it.o
                0x08001734                OTG_FS_EP1_IN_IRQHandler
 .text.OTG_FS_IRQHandler
                0x08001748       0x14 ./Core/Src/stm32h7xx_it.o
                0x08001748                OTG_FS_IRQHandler
 .text._getpid  0x0800175c       0x10 ./Core/Src/syscalls.o
                0x0800175c                _getpid
 .text._kill    0x0800176c       0x20 ./Core/Src/syscalls.o
                0x0800176c                _kill
 .text._exit    0x0800178c       0x16 ./Core/Src/syscalls.o
                0x0800178c                _exit
 .text._read    0x080017a2       0x3a ./Core/Src/syscalls.o
                0x080017a2                _read
 .text._write   0x080017dc       0x38 ./Core/Src/syscalls.o
                0x080017dc                _write
 .text._close   0x08001814       0x18 ./Core/Src/syscalls.o
                0x08001814                _close
 .text._fstat   0x0800182c       0x20 ./Core/Src/syscalls.o
                0x0800182c                _fstat
 .text._isatty  0x0800184c       0x16 ./Core/Src/syscalls.o
                0x0800184c                _isatty
 .text._lseek   0x08001862       0x1a ./Core/Src/syscalls.o
                0x08001862                _lseek
 .text._sbrk    0x0800187c       0x6c ./Core/Src/sysmem.o
                0x0800187c                _sbrk
 .text.SystemInit
                0x080018e8      0x140 ./Core/Src/system_stm32h7xx.o
                0x080018e8                SystemInit
 .text.ExitRun0Mode
                0x08001a28       0x30 ./Core/Src/system_stm32h7xx.o
                0x08001a28                ExitRun0Mode
 .text.Reset_Handler
                0x08001a58       0x54 ./Core/Startup/startup_stm32h743vitx.o
                0x08001a58                Reset_Handler
 .text.Default_Handler
                0x08001aac        0x2 ./Core/Startup/startup_stm32h743vitx.o
                0x08001aac                RTC_Alarm_IRQHandler
                0x08001aac                EXTI2_IRQHandler
                0x08001aac                TIM8_CC_IRQHandler
                0x08001aac                HRTIM1_Master_IRQHandler
                0x08001aac                UART8_IRQHandler
                0x08001aac                SPI4_IRQHandler
                0x08001aac                TIM1_CC_IRQHandler
                0x08001aac                BDMA_Channel6_IRQHandler
                0x08001aac                DMA2_Stream5_IRQHandler
                0x08001aac                HRTIM1_FLT_IRQHandler
                0x08001aac                JPEG_IRQHandler
                0x08001aac                DMA1_Stream5_IRQHandler
                0x08001aac                BDMA_Channel1_IRQHandler
                0x08001aac                HRTIM1_TIMD_IRQHandler
                0x08001aac                TAMP_STAMP_IRQHandler
                0x08001aac                EXTI3_IRQHandler
                0x08001aac                LPTIM4_IRQHandler
                0x08001aac                TIM8_TRG_COM_TIM14_IRQHandler
                0x08001aac                LPTIM2_IRQHandler
                0x08001aac                DFSDM1_FLT1_IRQHandler
                0x08001aac                DMAMUX2_OVR_IRQHandler
                0x08001aac                TIM8_UP_TIM13_IRQHandler
                0x08001aac                I2C3_ER_IRQHandler
                0x08001aac                DFSDM1_FLT2_IRQHandler
                0x08001aac                MDMA_IRQHandler
                0x08001aac                LPTIM3_IRQHandler
                0x08001aac                HSEM1_IRQHandler
                0x08001aac                EXTI0_IRQHandler
                0x08001aac                I2C2_EV_IRQHandler
                0x08001aac                DMA1_Stream2_IRQHandler
                0x08001aac                FPU_IRQHandler
                0x08001aac                OTG_HS_WKUP_IRQHandler
                0x08001aac                FDCAN1_IT1_IRQHandler
                0x08001aac                LTDC_ER_IRQHandler
                0x08001aac                DMA2_Stream2_IRQHandler
                0x08001aac                HRTIM1_TIME_IRQHandler
                0x08001aac                SPI1_IRQHandler
                0x08001aac                TIM6_DAC_IRQHandler
                0x08001aac                DCMI_IRQHandler
                0x08001aac                HRTIM1_TIMC_IRQHandler
                0x08001aac                DMA2_Stream3_IRQHandler
                0x08001aac                SAI2_IRQHandler
                0x08001aac                DFSDM1_FLT3_IRQHandler
                0x08001aac                USART6_IRQHandler
                0x08001aac                TIM17_IRQHandler
                0x08001aac                USART3_IRQHandler
                0x08001aac                BDMA_Channel7_IRQHandler
                0x08001aac                LPTIM5_IRQHandler
                0x08001aac                UART5_IRQHandler
                0x08001aac                ADC3_IRQHandler
                0x08001aac                DMA2_Stream0_IRQHandler
                0x08001aac                TIM4_IRQHandler
                0x08001aac                BDMA_Channel2_IRQHandler
                0x08001aac                QUADSPI_IRQHandler
                0x08001aac                I2C1_EV_IRQHandler
                0x08001aac                DMA1_Stream6_IRQHandler
                0x08001aac                DMAMUX1_OVR_IRQHandler
                0x08001aac                DMA1_Stream1_IRQHandler
                0x08001aac                TIM16_IRQHandler
                0x08001aac                UART4_IRQHandler
                0x08001aac                BDMA_Channel5_IRQHandler
                0x08001aac                TIM3_IRQHandler
                0x08001aac                RCC_IRQHandler
                0x08001aac                TIM8_BRK_TIM12_IRQHandler
                0x08001aac                TIM1_TRG_COM_IRQHandler
                0x08001aac                Default_Handler
                0x08001aac                ECC_IRQHandler
                0x08001aac                CEC_IRQHandler
                0x08001aac                EXTI15_10_IRQHandler
                0x08001aac                BDMA_Channel0_IRQHandler
                0x08001aac                ADC_IRQHandler
                0x08001aac                DMA1_Stream7_IRQHandler
                0x08001aac                HRTIM1_TIMA_IRQHandler
                0x08001aac                SPI5_IRQHandler
                0x08001aac                TIM7_IRQHandler
                0x08001aac                SDMMC1_IRQHandler
                0x08001aac                TIM5_IRQHandler
                0x08001aac                DMA2_Stream7_IRQHandler
                0x08001aac                TIM15_IRQHandler
                0x08001aac                PVD_AVD_IRQHandler
                0x08001aac                I2C3_EV_IRQHandler
                0x08001aac                EXTI9_5_IRQHandler
                0x08001aac                RTC_WKUP_IRQHandler
                0x08001aac                LTDC_IRQHandler
                0x08001aac                SAI3_IRQHandler
                0x08001aac                ETH_WKUP_IRQHandler
                0x08001aac                SPDIF_RX_IRQHandler
                0x08001aac                SPI2_IRQHandler
                0x08001aac                OTG_HS_EP1_IN_IRQHandler
                0x08001aac                DMA1_Stream0_IRQHandler
                0x08001aac                CRS_IRQHandler
                0x08001aac                EXTI4_IRQHandler
                0x08001aac                RNG_IRQHandler
                0x08001aac                HRTIM1_TIMB_IRQHandler
                0x08001aac                FDCAN2_IT1_IRQHandler
                0x08001aac                ETH_IRQHandler
                0x08001aac                TIM1_UP_IRQHandler
                0x08001aac                BDMA_Channel4_IRQHandler
                0x08001aac                OTG_HS_EP1_OUT_IRQHandler
                0x08001aac                WWDG_IRQHandler
                0x08001aac                SPI6_IRQHandler
                0x08001aac                MDIOS_IRQHandler
                0x08001aac                I2C4_EV_IRQHandler
                0x08001aac                FDCAN2_IT0_IRQHandler
                0x08001aac                LPUART1_IRQHandler
                0x08001aac                FDCAN1_IT0_IRQHandler
                0x08001aac                TIM2_IRQHandler
                0x08001aac                OTG_FS_WKUP_IRQHandler
                0x08001aac                OTG_HS_IRQHandler
                0x08001aac                DMA2D_IRQHandler
                0x08001aac                TIM1_BRK_IRQHandler
                0x08001aac                EXTI1_IRQHandler
                0x08001aac                SDMMC2_IRQHandler
                0x08001aac                BDMA_Channel3_IRQHandler
                0x08001aac                UART7_IRQHandler
                0x08001aac                MDIOS_WKUP_IRQHandler
                0x08001aac                USART2_IRQHandler
                0x08001aac                DFSDM1_FLT0_IRQHandler
                0x08001aac                SAI4_IRQHandler
                0x08001aac                I2C2_ER_IRQHandler
                0x08001aac                DMA2_Stream1_IRQHandler
                0x08001aac                FLASH_IRQHandler
                0x08001aac                DMA2_Stream4_IRQHandler
                0x08001aac                SPI3_IRQHandler
                0x08001aac                WAKEUP_PIN_IRQHandler
                0x08001aac                DMA1_Stream4_IRQHandler
                0x08001aac                I2C1_ER_IRQHandler
                0x08001aac                FMC_IRQHandler
                0x08001aac                FDCAN_CAL_IRQHandler
                0x08001aac                SWPMI1_IRQHandler
                0x08001aac                COMP1_IRQHandler
                0x08001aac                LPTIM1_IRQHandler
                0x08001aac                I2C4_ER_IRQHandler
                0x08001aac                DMA2_Stream6_IRQHandler
                0x08001aac                SAI1_IRQHandler
                0x08001aac                DMA1_Stream3_IRQHandler
 *fill*         0x08001aae        0x2 
 .text.HAL_Init
                0x08001ab0       0x78 ./Drivers/STM32H7xx_HAL_Driver/Src/stm32h7xx_hal.o
                0x08001ab0                HAL_Init
 .text.HAL_InitTick
                0x08001b28       0x6c ./Drivers/STM32H7xx_HAL_Driver/Src/stm32h7xx_hal.o
                0x08001b28                HAL_InitTick
 .text.HAL_IncTick
                0x08001b94       0x28 ./Drivers/STM32H7xx_HAL_Driver/Src/stm32h7xx_hal.o
                0x08001b94                HAL_IncTick
 .text.HAL_GetTick
                0x08001bbc       0x18 ./Drivers/STM32H7xx_HAL_Driver/Src/stm32h7xx_hal.o
                0x08001bbc                HAL_GetTick
 .text.HAL_Delay
                0x08001bd4       0x48 ./Drivers/STM32H7xx_HAL_Driver/Src/stm32h7xx_hal.o
                0x08001bd4                HAL_Delay
 .text.HAL_GetREVID
                0x08001c1c       0x18 ./Drivers/STM32H7xx_HAL_Driver/Src/stm32h7xx_hal.o
                0x08001c1c                HAL_GetREVID
 .text.__NVIC_SetPriorityGrouping
                0x08001c34       0x48 ./Drivers/STM32H7xx_HAL_Driver/Src/stm32h7xx_hal_cortex.o
 .text.__NVIC_GetPriorityGrouping
                0x08001c7c       0x1c ./Drivers/STM32H7xx_HAL_Driver/Src/stm32h7xx_hal_cortex.o
 .text.__NVIC_EnableIRQ
                0x08001c98       0x3c ./Drivers/STM32H7xx_HAL_Driver/Src/stm32h7xx_hal_cortex.o
 .text.__NVIC_SetPriority
                0x08001cd4       0x54 ./Drivers/STM32H7xx_HAL_Driver/Src/stm32h7xx_hal_cortex.o
 .text.NVIC_EncodePriority
                0x08001d28       0x66 ./Drivers/STM32H7xx_HAL_Driver/Src/stm32h7xx_hal_cortex.o
 *fill*         0x08001d8e        0x2 
 .text.SysTick_Config
                0x08001d90       0x44 ./Drivers/STM32H7xx_HAL_Driver/Src/stm32h7xx_hal_cortex.o
 .text.HAL_NVIC_SetPriorityGrouping
                0x08001dd4       0x16 ./Drivers/STM32H7xx_HAL_Driver/Src/stm32h7xx_hal_cortex.o
                0x08001dd4                HAL_NVIC_SetPriorityGrouping
 .text.HAL_NVIC_SetPriority
                0x08001dea       0x34 ./Drivers/STM32H7xx_HAL_Driver/Src/stm32h7xx_hal_cortex.o
                0x08001dea                HAL_NVIC_SetPriority
 .text.HAL_NVIC_EnableIRQ
                0x08001e1e       0x1c ./Drivers/STM32H7xx_HAL_Driver/Src/stm32h7xx_hal_cortex.o
                0x08001e1e                HAL_NVIC_EnableIRQ
 .text.HAL_SYSTICK_Config
                0x08001e3a       0x18 ./Drivers/STM32H7xx_HAL_Driver/Src/stm32h7xx_hal_cortex.o
                0x08001e3a                HAL_SYSTICK_Config
 *fill*         0x08001e52        0x2 
 .text.HAL_MPU_Disable
                0x08001e54       0x30 ./Drivers/STM32H7xx_HAL_Driver/Src/stm32h7xx_hal_cortex.o
                0x08001e54                HAL_MPU_Disable
 .text.HAL_MPU_Enable
                0x08001e84       0x40 ./Drivers/STM32H7xx_HAL_Driver/Src/stm32h7xx_hal_cortex.o
                0x08001e84                HAL_MPU_Enable
 .text.HAL_MPU_ConfigRegion
                0x08001ec4       0x80 ./Drivers/STM32H7xx_HAL_Driver/Src/stm32h7xx_hal_cortex.o
                0x08001ec4                HAL_MPU_ConfigRegion
 .text.HAL_DMA_Abort
                0x08001f44      0x63c ./Drivers/STM32H7xx_HAL_Driver/Src/stm32h7xx_hal_dma.o
                0x08001f44                HAL_DMA_Abort
 .text.HAL_DMA_Abort_IT
                0x08002580      0x48c ./Drivers/STM32H7xx_HAL_Driver/Src/stm32h7xx_hal_dma.o
                0x08002580                HAL_DMA_Abort_IT
 .text.HAL_GPIO_Init
                0x08002a0c      0x360 ./Drivers/STM32H7xx_HAL_Driver/Src/stm32h7xx_hal_gpio.o
                0x08002a0c                HAL_GPIO_Init
 .text.HAL_GPIO_WritePin
                0x08002d6c       0x32 ./Drivers/STM32H7xx_HAL_Driver/Src/stm32h7xx_hal_gpio.o
                0x08002d6c                HAL_GPIO_WritePin
 .text.HAL_PCD_Init
                0x08002d9e      0x218 ./Drivers/STM32H7xx_HAL_Driver/Src/stm32h7xx_hal_pcd.o
                0x08002d9e                HAL_PCD_Init
 .text.HAL_PCD_Start
                0x08002fb6       0x6a ./Drivers/STM32H7xx_HAL_Driver/Src/stm32h7xx_hal_pcd.o
                0x08002fb6                HAL_PCD_Start
 .text.HAL_PCD_IRQHandler
                0x08003020      0x99c ./Drivers/STM32H7xx_HAL_Driver/Src/stm32h7xx_hal_pcd.o
                0x08003020                HAL_PCD_IRQHandler
 .text.HAL_PCD_SetAddress
                0x080039bc       0x48 ./Drivers/STM32H7xx_HAL_Driver/Src/stm32h7xx_hal_pcd.o
                0x080039bc                HAL_PCD_SetAddress
 .text.HAL_PCD_EP_Open
                0x08003a04       0xd4 ./Drivers/STM32H7xx_HAL_Driver/Src/stm32h7xx_hal_pcd.o
                0x08003a04                HAL_PCD_EP_Open
 .text.HAL_PCD_EP_Close
                0x08003ad8       0x94 ./Drivers/STM32H7xx_HAL_Driver/Src/stm32h7xx_hal_pcd.o
                0x08003ad8                HAL_PCD_EP_Close
 .text.HAL_PCD_EP_Receive
                0x08003b6c       0x76 ./Drivers/STM32H7xx_HAL_Driver/Src/stm32h7xx_hal_pcd.o
                0x08003b6c                HAL_PCD_EP_Receive
 .text.HAL_PCD_EP_GetRxCount
                0x08003be2       0x30 ./Drivers/STM32H7xx_HAL_Driver/Src/stm32h7xx_hal_pcd.o
                0x08003be2                HAL_PCD_EP_GetRxCount
 .text.HAL_PCD_EP_Transmit
                0x08003c12       0x74 ./Drivers/STM32H7xx_HAL_Driver/Src/stm32h7xx_hal_pcd.o
                0x08003c12                HAL_PCD_EP_Transmit
 .text.HAL_PCD_EP_SetStall
                0x08003c86       0xc6 ./Drivers/STM32H7xx_HAL_Driver/Src/stm32h7xx_hal_pcd.o
                0x08003c86                HAL_PCD_EP_SetStall
 .text.HAL_PCD_EP_ClrStall
                0x08003d4c       0xac ./Drivers/STM32H7xx_HAL_Driver/Src/stm32h7xx_hal_pcd.o
                0x08003d4c                HAL_PCD_EP_ClrStall
 .text.HAL_PCD_EP_Abort
                0x08003df8       0x62 ./Drivers/STM32H7xx_HAL_Driver/Src/stm32h7xx_hal_pcd.o
                0x08003df8                HAL_PCD_EP_Abort
 .text.PCD_WriteEmptyTxFifo
                0x08003e5a      0x118 ./Drivers/STM32H7xx_HAL_Driver/Src/stm32h7xx_hal_pcd.o
 *fill*         0x08003f72        0x2 
 .text.PCD_EP_OutXfrComplete_int
                0x08003f74      0x1d0 ./Drivers/STM32H7xx_HAL_Driver/Src/stm32h7xx_hal_pcd.o
 .text.PCD_EP_OutSetupPacket_int
                0x08004144       0x8c ./Drivers/STM32H7xx_HAL_Driver/Src/stm32h7xx_hal_pcd.o
 .text.HAL_PCDEx_SetTxFiFo
                0x080041d0       0x8e ./Drivers/STM32H7xx_HAL_Driver/Src/stm32h7xx_hal_pcd_ex.o
                0x080041d0                HAL_PCDEx_SetTxFiFo
 .text.HAL_PCDEx_SetRxFiFo
                0x0800425e       0x22 ./Drivers/STM32H7xx_HAL_Driver/Src/stm32h7xx_hal_pcd_ex.o
                0x0800425e                HAL_PCDEx_SetRxFiFo
 .text.HAL_PCDEx_ActivateLPM
                0x08004280       0x48 ./Drivers/STM32H7xx_HAL_Driver/Src/stm32h7xx_hal_pcd_ex.o
                0x08004280                HAL_PCDEx_ActivateLPM
 .text.HAL_PCDEx_LPM_Callback
                0x080042c8       0x18 ./Drivers/STM32H7xx_HAL_Driver/Src/stm32h7xx_hal_pcd_ex.o
                0x080042c8                HAL_PCDEx_LPM_Callback
 .text.HAL_PWREx_ConfigSupply
                0x080042e0       0x74 ./Drivers/STM32H7xx_HAL_Driver/Src/stm32h7xx_hal_pwr_ex.o
                0x080042e0                HAL_PWREx_ConfigSupply
 .text.HAL_PWREx_EnableUSBVoltageDetector
                0x08004354       0x20 ./Drivers/STM32H7xx_HAL_Driver/Src/stm32h7xx_hal_pwr_ex.o
                0x08004354                HAL_PWREx_EnableUSBVoltageDetector
 .text.HAL_RCC_OscConfig
                0x08004374      0x8b4 ./Drivers/STM32H7xx_HAL_Driver/Src/stm32h7xx_hal_rcc.o
                0x08004374                HAL_RCC_OscConfig
 .text.HAL_RCC_ClockConfig
                0x08004c28      0x36c ./Drivers/STM32H7xx_HAL_Driver/Src/stm32h7xx_hal_rcc.o
                0x08004c28                HAL_RCC_ClockConfig
 .text.HAL_RCC_GetSysClockFreq
                0x08004f94      0x2f0 ./Drivers/STM32H7xx_HAL_Driver/Src/stm32h7xx_hal_rcc.o
                0x08004f94                HAL_RCC_GetSysClockFreq
 .text.HAL_RCC_GetHCLKFreq
                0x08005284       0x60 ./Drivers/STM32H7xx_HAL_Driver/Src/stm32h7xx_hal_rcc.o
                0x08005284                HAL_RCC_GetHCLKFreq
 .text.HAL_RCC_GetPCLK1Freq
                0x080052e4       0x2c ./Drivers/STM32H7xx_HAL_Driver/Src/stm32h7xx_hal_rcc.o
                0x080052e4                HAL_RCC_GetPCLK1Freq
 .text.HAL_RCC_GetPCLK2Freq
                0x08005310       0x2c ./Drivers/STM32H7xx_HAL_Driver/Src/stm32h7xx_hal_rcc.o
                0x08005310                HAL_RCC_GetPCLK2Freq
 .text.HAL_RCCEx_PeriphCLKConfig
                0x0800533c     0x1414 ./Drivers/STM32H7xx_HAL_Driver/Src/stm32h7xx_hal_rcc_ex.o
                0x0800533c                HAL_RCCEx_PeriphCLKConfig
 .text.HAL_RCCEx_GetD3PCLK1Freq
                0x08006750       0x2c ./Drivers/STM32H7xx_HAL_Driver/Src/stm32h7xx_hal_rcc_ex.o
                0x08006750                HAL_RCCEx_GetD3PCLK1Freq
 .text.HAL_RCCEx_GetPLL2ClockFreq
                0x0800677c      0x2a8 ./Drivers/STM32H7xx_HAL_Driver/Src/stm32h7xx_hal_rcc_ex.o
                0x0800677c                HAL_RCCEx_GetPLL2ClockFreq
 .text.HAL_RCCEx_GetPLL3ClockFreq
                0x08006a24      0x2a8 ./Drivers/STM32H7xx_HAL_Driver/Src/stm32h7xx_hal_rcc_ex.o
                0x08006a24                HAL_RCCEx_GetPLL3ClockFreq
 .text.RCCEx_PLL2_Config
                0x08006ccc      0x164 ./Drivers/STM32H7xx_HAL_Driver/Src/stm32h7xx_hal_rcc_ex.o
 .text.RCCEx_PLL3_Config
                0x08006e30      0x164 ./Drivers/STM32H7xx_HAL_Driver/Src/stm32h7xx_hal_rcc_ex.o
 .text.HAL_UART_Init
                0x08006f94       0xa0 ./Drivers/STM32H7xx_HAL_Driver/Src/stm32h7xx_hal_uart.o
                0x08006f94                HAL_UART_Init
 .text.HAL_UART_Receive_IT
                0x08007034       0x98 ./Drivers/STM32H7xx_HAL_Driver/Src/stm32h7xx_hal_uart.o
                0x08007034                HAL_UART_Receive_IT
 .text.HAL_UART_IRQHandler
                0x080070cc      0x7ac ./Drivers/STM32H7xx_HAL_Driver/Src/stm32h7xx_hal_uart.o
                0x080070cc                HAL_UART_IRQHandler
 .text.HAL_UART_TxCpltCallback
                0x08007878       0x14 ./Drivers/STM32H7xx_HAL_Driver/Src/stm32h7xx_hal_uart.o
                0x08007878                HAL_UART_TxCpltCallback
 .text.HAL_UART_ErrorCallback
                0x0800788c       0x14 ./Drivers/STM32H7xx_HAL_Driver/Src/stm32h7xx_hal_uart.o
                0x0800788c                HAL_UART_ErrorCallback
 .text.HAL_UARTEx_RxEventCallback
                0x080078a0       0x18 ./Drivers/STM32H7xx_HAL_Driver/Src/stm32h7xx_hal_uart.o
                0x080078a0                HAL_UARTEx_RxEventCallback
 .text.UART_SetConfig
                0x080078b8      0xad0 ./Drivers/STM32H7xx_HAL_Driver/Src/stm32h7xx_hal_uart.o
                0x080078b8                UART_SetConfig
 .text.UART_AdvFeatureConfig
                0x08008388      0x144 ./Drivers/STM32H7xx_HAL_Driver/Src/stm32h7xx_hal_uart.o
                0x08008388                UART_AdvFeatureConfig
 .text.UART_CheckIdleState
                0x080084cc      0x154 ./Drivers/STM32H7xx_HAL_Driver/Src/stm32h7xx_hal_uart.o
                0x080084cc                UART_CheckIdleState
 .text.UART_WaitOnFlagUntilTimeout
                0x08008620       0xda ./Drivers/STM32H7xx_HAL_Driver/Src/stm32h7xx_hal_uart.o
                0x08008620                UART_WaitOnFlagUntilTimeout
 *fill*         0x080086fa        0x2 
 .text.UART_Start_Receive_IT
                0x080086fc      0x244 ./Drivers/STM32H7xx_HAL_Driver/Src/stm32h7xx_hal_uart.o
                0x080086fc                UART_Start_Receive_IT
 .text.UART_EndRxTransfer
                0x08008940       0xcc ./Drivers/STM32H7xx_HAL_Driver/Src/stm32h7xx_hal_uart.o
 .text.UART_DMAAbortOnError
                0x08008a0c       0x24 ./Drivers/STM32H7xx_HAL_Driver/Src/stm32h7xx_hal_uart.o
 .text.UART_EndTransmit_IT
                0x08008a30       0x56 ./Drivers/STM32H7xx_HAL_Driver/Src/stm32h7xx_hal_uart.o
 *fill*         0x08008a86        0x2 
 .text.UART_RxISR_8BIT
                0x08008a88      0x1b8 ./Drivers/STM32H7xx_HAL_Driver/Src/stm32h7xx_hal_uart.o
 .text.UART_RxISR_16BIT
                0x08008c40      0x1b8 ./Drivers/STM32H7xx_HAL_Driver/Src/stm32h7xx_hal_uart.o
 .text.UART_RxISR_8BIT_FIFOEN
                0x08008df8      0x364 ./Drivers/STM32H7xx_HAL_Driver/Src/stm32h7xx_hal_uart.o
 .text.UART_RxISR_16BIT_FIFOEN
                0x0800915c      0x36c ./Drivers/STM32H7xx_HAL_Driver/Src/stm32h7xx_hal_uart.o
 .text.HAL_UARTEx_WakeupCallback
                0x080094c8       0x14 ./Drivers/STM32H7xx_HAL_Driver/Src/stm32h7xx_hal_uart_ex.o
                0x080094c8                HAL_UARTEx_WakeupCallback
 .text.HAL_UARTEx_RxFifoFullCallback
                0x080094dc       0x14 ./Drivers/STM32H7xx_HAL_Driver/Src/stm32h7xx_hal_uart_ex.o
                0x080094dc                HAL_UARTEx_RxFifoFullCallback
 .text.HAL_UARTEx_TxFifoEmptyCallback
                0x080094f0       0x14 ./Drivers/STM32H7xx_HAL_Driver/Src/stm32h7xx_hal_uart_ex.o
                0x080094f0                HAL_UARTEx_TxFifoEmptyCallback
 .text.HAL_UARTEx_DisableFifoMode
                0x08009504       0x72 ./Drivers/STM32H7xx_HAL_Driver/Src/stm32h7xx_hal_uart_ex.o
                0x08009504                HAL_UARTEx_DisableFifoMode
 .text.HAL_UARTEx_SetTxFifoThreshold
                0x08009576       0x7c ./Drivers/STM32H7xx_HAL_Driver/Src/stm32h7xx_hal_uart_ex.o
                0x08009576                HAL_UARTEx_SetTxFifoThreshold
 .text.HAL_UARTEx_SetRxFifoThreshold
                0x080095f2       0x7c ./Drivers/STM32H7xx_HAL_Driver/Src/stm32h7xx_hal_uart_ex.o
                0x080095f2                HAL_UARTEx_SetRxFifoThreshold
 *fill*         0x0800966e        0x2 
 .text.UARTEx_SetNbDataToProcess
                0x08009670       0x9c ./Drivers/STM32H7xx_HAL_Driver/Src/stm32h7xx_hal_uart_ex.o
 .text.USB_CoreInit
                0x0800970c       0xe4 ./Drivers/STM32H7xx_HAL_Driver/Src/stm32h7xx_ll_usb.o
                0x0800970c                USB_CoreInit
 .text.USB_SetTurnaroundTime
                0x080097f0      0x144 ./Drivers/STM32H7xx_HAL_Driver/Src/stm32h7xx_ll_usb.o
                0x080097f0                USB_SetTurnaroundTime
 .text.USB_EnableGlobalInt
                0x08009934       0x22 ./Drivers/STM32H7xx_HAL_Driver/Src/stm32h7xx_ll_usb.o
                0x08009934                USB_EnableGlobalInt
 .text.USB_DisableGlobalInt
                0x08009956       0x22 ./Drivers/STM32H7xx_HAL_Driver/Src/stm32h7xx_ll_usb.o
                0x08009956                USB_DisableGlobalInt
 .text.USB_SetCurrentMode
                0x08009978       0x98 ./Drivers/STM32H7xx_HAL_Driver/Src/stm32h7xx_ll_usb.o
                0x08009978                USB_SetCurrentMode
 .text.USB_DevInit
                0x08009a10      0x2bc ./Drivers/STM32H7xx_HAL_Driver/Src/stm32h7xx_ll_usb.o
                0x08009a10                USB_DevInit
 .text.USB_FlushTxFifo
                0x08009ccc       0x64 ./Drivers/STM32H7xx_HAL_Driver/Src/stm32h7xx_ll_usb.o
                0x08009ccc                USB_FlushTxFifo
 .text.USB_FlushRxFifo
                0x08009d30       0x5c ./Drivers/STM32H7xx_HAL_Driver/Src/stm32h7xx_ll_usb.o
                0x08009d30                USB_FlushRxFifo
 .text.USB_SetDevSpeed
                0x08009d8c       0x32 ./Drivers/STM32H7xx_HAL_Driver/Src/stm32h7xx_ll_usb.o
                0x08009d8c                USB_SetDevSpeed
 .text.USB_GetDevSpeed
                0x08009dbe       0x4a ./Drivers/STM32H7xx_HAL_Driver/Src/stm32h7xx_ll_usb.o
                0x08009dbe                USB_GetDevSpeed
 .text.USB_ActivateEndpoint
                0x08009e08      0x110 ./Drivers/STM32H7xx_HAL_Driver/Src/stm32h7xx_ll_usb.o
                0x08009e08                USB_ActivateEndpoint
 .text.USB_DeactivateEndpoint
                0x08009f18      0x1b8 ./Drivers/STM32H7xx_HAL_Driver/Src/stm32h7xx_ll_usb.o
                0x08009f18                USB_DeactivateEndpoint
 .text.USB_EPStartXfer
                0x0800a0d0      0x548 ./Drivers/STM32H7xx_HAL_Driver/Src/stm32h7xx_ll_usb.o
                0x0800a0d0                USB_EPStartXfer
 .text.USB_EPStopXfer
                0x0800a618      0x154 ./Drivers/STM32H7xx_HAL_Driver/Src/stm32h7xx_ll_usb.o
                0x0800a618                USB_EPStopXfer
 .text.USB_WritePacket
                0x0800a76c       0x7c ./Drivers/STM32H7xx_HAL_Driver/Src/stm32h7xx_ll_usb.o
                0x0800a76c                USB_WritePacket
 .text.USB_ReadPacket
                0x0800a7e8       0xb0 ./Drivers/STM32H7xx_HAL_Driver/Src/stm32h7xx_ll_usb.o
                0x0800a7e8                USB_ReadPacket
 .text.USB_EPSetStall
                0x0800a898       0xdc ./Drivers/STM32H7xx_HAL_Driver/Src/stm32h7xx_ll_usb.o
                0x0800a898                USB_EPSetStall
 .text.USB_EPClearStall
                0x0800a974       0xcc ./Drivers/STM32H7xx_HAL_Driver/Src/stm32h7xx_ll_usb.o
                0x0800a974                USB_EPClearStall
 .text.USB_SetDevAddress
                0x0800aa40       0x4c ./Drivers/STM32H7xx_HAL_Driver/Src/stm32h7xx_ll_usb.o
                0x0800aa40                USB_SetDevAddress
 .text.USB_DevConnect
                0x0800aa8c       0x42 ./Drivers/STM32H7xx_HAL_Driver/Src/stm32h7xx_ll_usb.o
                0x0800aa8c                USB_DevConnect
 .text.USB_DevDisconnect
                0x0800aace       0x42 ./Drivers/STM32H7xx_HAL_Driver/Src/stm32h7xx_ll_usb.o
                0x0800aace                USB_DevDisconnect
 .text.USB_ReadInterrupts
                0x0800ab10       0x26 ./Drivers/STM32H7xx_HAL_Driver/Src/stm32h7xx_ll_usb.o
                0x0800ab10                USB_ReadInterrupts
 .text.USB_ReadDevAllOutEpInterrupt
                0x0800ab36       0x34 ./Drivers/STM32H7xx_HAL_Driver/Src/stm32h7xx_ll_usb.o
                0x0800ab36                USB_ReadDevAllOutEpInterrupt
 .text.USB_ReadDevAllInEpInterrupt
                0x0800ab6a       0x34 ./Drivers/STM32H7xx_HAL_Driver/Src/stm32h7xx_ll_usb.o
                0x0800ab6a                USB_ReadDevAllInEpInterrupt
 .text.USB_ReadDevOutEPInterrupt
                0x0800ab9e       0x3c ./Drivers/STM32H7xx_HAL_Driver/Src/stm32h7xx_ll_usb.o
                0x0800ab9e                USB_ReadDevOutEPInterrupt
 .text.USB_ReadDevInEPInterrupt
                0x0800abda       0x5c ./Drivers/STM32H7xx_HAL_Driver/Src/stm32h7xx_ll_usb.o
                0x0800abda                USB_ReadDevInEPInterrupt
 .text.USB_GetMode
                0x0800ac36       0x1c ./Drivers/STM32H7xx_HAL_Driver/Src/stm32h7xx_ll_usb.o
                0x0800ac36                USB_GetMode
 *fill*         0x0800ac52        0x2 
 .text.USB_ActivateSetup
                0x0800ac54       0x48 ./Drivers/STM32H7xx_HAL_Driver/Src/stm32h7xx_ll_usb.o
                0x0800ac54                USB_ActivateSetup
 .text.USB_EP0_OutStart
                0x0800ac9c       0xbc ./Drivers/STM32H7xx_HAL_Driver/Src/stm32h7xx_ll_usb.o
                0x0800ac9c                USB_EP0_OutStart
 .text.USB_CoreReset
                0x0800ad58       0x62 ./Drivers/STM32H7xx_HAL_Driver/Src/stm32h7xx_ll_usb.o
 *fill*         0x0800adba        0x2 
 .text.USBD_CDC_Init
                0x0800adbc      0x1f0 ./Middlewares/ST/STM32_USB_Device_Library/Class/CDC/Src/usbd_cdc.o
 .text.USBD_CDC_DeInit
                0x0800afac      0x104 ./Middlewares/ST/STM32_USB_Device_Library/Class/CDC/Src/usbd_cdc.o
 .text.USBD_CDC_Setup
                0x0800b0b0      0x1b8 ./Middlewares/ST/STM32_USB_Device_Library/Class/CDC/Src/usbd_cdc.o
 .text.USBD_CDC_DataIn
                0x0800b268       0xfe ./Middlewares/ST/STM32_USB_Device_Library/Class/CDC/Src/usbd_cdc.o
 .text.USBD_CDC_DataOut
                0x0800b366       0x70 ./Middlewares/ST/STM32_USB_Device_Library/Class/CDC/Src/usbd_cdc.o
 .text.USBD_CDC_EP0_RxReady
                0x0800b3d6       0x74 ./Middlewares/ST/STM32_USB_Device_Library/Class/CDC/Src/usbd_cdc.o
 *fill*         0x0800b44a        0x2 
 .text.USBD_CDC_GetFSCfgDesc
                0x0800b44c       0x70 ./Middlewares/ST/STM32_USB_Device_Library/Class/CDC/Src/usbd_cdc.o
 .text.USBD_CDC_GetHSCfgDesc
                0x0800b4bc       0x70 ./Middlewares/ST/STM32_USB_Device_Library/Class/CDC/Src/usbd_cdc.o
 .text.USBD_CDC_GetOtherSpeedCfgDesc
                0x0800b52c       0x70 ./Middlewares/ST/STM32_USB_Device_Library/Class/CDC/Src/usbd_cdc.o
 .text.USBD_CDC_GetDeviceQualifierDescriptor
                0x0800b59c       0x20 ./Middlewares/ST/STM32_USB_Device_Library/Class/CDC/Src/usbd_cdc.o
                0x0800b59c                USBD_CDC_GetDeviceQualifierDescriptor
 .text.USBD_CDC_RegisterInterface
                0x0800b5bc       0x34 ./Middlewares/ST/STM32_USB_Device_Library/Class/CDC/Src/usbd_cdc.o
                0x0800b5bc                USBD_CDC_RegisterInterface
 .text.USBD_CDC_SetTxBuffer
                0x0800b5f0       0x44 ./Middlewares/ST/STM32_USB_Device_Library/Class/CDC/Src/usbd_cdc.o
                0x0800b5f0                USBD_CDC_SetTxBuffer
 .text.USBD_CDC_SetRxBuffer
                0x0800b634       0x3a ./Middlewares/ST/STM32_USB_Device_Library/Class/CDC/Src/usbd_cdc.o
                0x0800b634                USBD_CDC_SetRxBuffer
 *fill*         0x0800b66e        0x2 
 .text.USBD_CDC_TransmitPacket
                0x0800b670       0x80 ./Middlewares/ST/STM32_USB_Device_Library/Class/CDC/Src/usbd_cdc.o
                0x0800b670                USBD_CDC_TransmitPacket
 .text.USBD_CDC_ReceivePacket
                0x0800b6f0       0x6c ./Middlewares/ST/STM32_USB_Device_Library/Class/CDC/Src/usbd_cdc.o
                0x0800b6f0                USBD_CDC_ReceivePacket
 .text.USBD_Init
                0x0800b75c       0x60 ./Middlewares/ST/STM32_USB_Device_Library/Core/Src/usbd_core.o
                0x0800b75c                USBD_Init
 .text.USBD_RegisterClass
                0x0800b7bc       0x6c ./Middlewares/ST/STM32_USB_Device_Library/Core/Src/usbd_core.o
                0x0800b7bc                USBD_RegisterClass
 .text.USBD_Start
                0x0800b828       0x18 ./Middlewares/ST/STM32_USB_Device_Library/Core/Src/usbd_core.o
                0x0800b828                USBD_Start
 .text.USBD_RunTestMode
                0x0800b840       0x16 ./Middlewares/ST/STM32_USB_Device_Library/Core/Src/usbd_core.o
                0x0800b840                USBD_RunTestMode
 .text.USBD_SetClassConfig
                0x0800b856       0x38 ./Middlewares/ST/STM32_USB_Device_Library/Core/Src/usbd_core.o
                0x0800b856                USBD_SetClassConfig
 .text.USBD_ClrClassConfig
                0x0800b88e       0x34 ./Middlewares/ST/STM32_USB_Device_Library/Core/Src/usbd_core.o
                0x0800b88e                USBD_ClrClassConfig
 .text.USBD_LL_SetupStage
                0x0800b8c2       0xaa ./Middlewares/ST/STM32_USB_Device_Library/Core/Src/usbd_core.o
                0x0800b8c2                USBD_LL_SetupStage
 .text.USBD_LL_DataOutStage
                0x0800b96c      0x166 ./Middlewares/ST/STM32_USB_Device_Library/Core/Src/usbd_core.o
                0x0800b96c                USBD_LL_DataOutStage
 .text.USBD_LL_DataInStage
                0x0800bad2      0x164 ./Middlewares/ST/STM32_USB_Device_Library/Core/Src/usbd_core.o
                0x0800bad2                USBD_LL_DataInStage
 .text.USBD_LL_Reset
                0x0800bc36       0xa4 ./Middlewares/ST/STM32_USB_Device_Library/Core/Src/usbd_core.o
                0x0800bc36                USBD_LL_Reset
 .text.USBD_LL_SetSpeed
                0x0800bcda       0x20 ./Middlewares/ST/STM32_USB_Device_Library/Core/Src/usbd_core.o
                0x0800bcda                USBD_LL_SetSpeed
 .text.USBD_LL_Suspend
                0x0800bcfa       0x38 ./Middlewares/ST/STM32_USB_Device_Library/Core/Src/usbd_core.o
                0x0800bcfa                USBD_LL_Suspend
 .text.USBD_LL_Resume
                0x0800bd32       0x30 ./Middlewares/ST/STM32_USB_Device_Library/Core/Src/usbd_core.o
                0x0800bd32                USBD_LL_Resume
 .text.USBD_LL_SOF
                0x0800bd62       0x40 ./Middlewares/ST/STM32_USB_Device_Library/Core/Src/usbd_core.o
                0x0800bd62                USBD_LL_SOF
 .text.USBD_LL_IsoINIncomplete
                0x0800bda2       0x64 ./Middlewares/ST/STM32_USB_Device_Library/Core/Src/usbd_core.o
                0x0800bda2                USBD_LL_IsoINIncomplete
 .text.USBD_LL_IsoOUTIncomplete
                0x0800be06       0x64 ./Middlewares/ST/STM32_USB_Device_Library/Core/Src/usbd_core.o
                0x0800be06                USBD_LL_IsoOUTIncomplete
 .text.USBD_LL_DevConnected
                0x0800be6a       0x16 ./Middlewares/ST/STM32_USB_Device_Library/Core/Src/usbd_core.o
                0x0800be6a                USBD_LL_DevConnected
 .text.USBD_LL_DevDisconnected
                0x0800be80       0x46 ./Middlewares/ST/STM32_USB_Device_Library/Core/Src/usbd_core.o
                0x0800be80                USBD_LL_DevDisconnected
 .text.USBD_CoreFindIF
                0x0800bec6       0x1a ./Middlewares/ST/STM32_USB_Device_Library/Core/Src/usbd_core.o
                0x0800bec6                USBD_CoreFindIF
 .text.USBD_CoreFindEP
                0x0800bee0       0x1a ./Middlewares/ST/STM32_USB_Device_Library/Core/Src/usbd_core.o
                0x0800bee0                USBD_CoreFindEP
 .text.USBD_GetEpDesc
                0x0800befa       0x70 ./Middlewares/ST/STM32_USB_Device_Library/Core/Src/usbd_core.o
                0x0800befa                USBD_GetEpDesc
 .text.USBD_GetNextDesc
                0x0800bf6a       0x38 ./Middlewares/ST/STM32_USB_Device_Library/Core/Src/usbd_core.o
                0x0800bf6a                USBD_GetNextDesc
 .text.SWAPBYTE
                0x0800bfa2       0x3e ./Middlewares/ST/STM32_USB_Device_Library/Core/Src/usbd_ctlreq.o
 .text.USBD_StdDevReq
                0x0800bfe0       0xe4 ./Middlewares/ST/STM32_USB_Device_Library/Core/Src/usbd_ctlreq.o
                0x0800bfe0                USBD_StdDevReq
 .text.USBD_StdItfReq
                0x0800c0c4       0xd8 ./Middlewares/ST/STM32_USB_Device_Library/Core/Src/usbd_ctlreq.o
                0x0800c0c4                USBD_StdItfReq
 .text.USBD_StdEPReq
                0x0800c19c      0x33a ./Middlewares/ST/STM32_USB_Device_Library/Core/Src/usbd_ctlreq.o
                0x0800c19c                USBD_StdEPReq
 *fill*         0x0800c4d6        0x2 
 .text.USBD_GetDescriptor
                0x0800c4d8      0x328 ./Middlewares/ST/STM32_USB_Device_Library/Core/Src/usbd_ctlreq.o
 .text.USBD_SetAddress
                0x0800c800       0x88 ./Middlewares/ST/STM32_USB_Device_Library/Core/Src/usbd_ctlreq.o
 .text.USBD_SetConfig
                0x0800c888      0x154 ./Middlewares/ST/STM32_USB_Device_Library/Core/Src/usbd_ctlreq.o
 .text.USBD_GetConfig
                0x0800c9dc       0x6c ./Middlewares/ST/STM32_USB_Device_Library/Core/Src/usbd_ctlreq.o
 .text.USBD_GetStatus
                0x0800ca48       0x68 ./Middlewares/ST/STM32_USB_Device_Library/Core/Src/usbd_ctlreq.o
 .text.USBD_SetFeature
                0x0800cab0       0x52 ./Middlewares/ST/STM32_USB_Device_Library/Core/Src/usbd_ctlreq.o
 .text.USBD_ClrFeature
                0x0800cb02       0x44 ./Middlewares/ST/STM32_USB_Device_Library/Core/Src/usbd_ctlreq.o
 .text.USBD_ParseSetupRequest
                0x0800cb46       0x74 ./Middlewares/ST/STM32_USB_Device_Library/Core/Src/usbd_ctlreq.o
                0x0800cb46                USBD_ParseSetupRequest
 .text.USBD_CtlError
                0x0800cbba       0x22 ./Middlewares/ST/STM32_USB_Device_Library/Core/Src/usbd_ctlreq.o
                0x0800cbba                USBD_CtlError
 .text.USBD_GetString
                0x0800cbdc       0xa4 ./Middlewares/ST/STM32_USB_Device_Library/Core/Src/usbd_ctlreq.o
                0x0800cbdc                USBD_GetString
 .text.USBD_GetLen
                0x0800cc80       0x34 ./Middlewares/ST/STM32_USB_Device_Library/Core/Src/usbd_ctlreq.o
 .text.USBD_CtlSendData
                0x0800ccb4       0x36 ./Middlewares/ST/STM32_USB_Device_Library/Core/Src/usbd_ioreq.o
                0x0800ccb4                USBD_CtlSendData
 .text.USBD_CtlContinueSendData
                0x0800ccea       0x22 ./Middlewares/ST/STM32_USB_Device_Library/Core/Src/usbd_ioreq.o
                0x0800ccea                USBD_CtlContinueSendData
 .text.USBD_CtlPrepareRx
                0x0800cd0c       0x3a ./Middlewares/ST/STM32_USB_Device_Library/Core/Src/usbd_ioreq.o
                0x0800cd0c                USBD_CtlPrepareRx
 .text.USBD_CtlContinueRx
                0x0800cd46       0x22 ./Middlewares/ST/STM32_USB_Device_Library/Core/Src/usbd_ioreq.o
                0x0800cd46                USBD_CtlContinueRx
 .text.USBD_CtlSendStatus
                0x0800cd68       0x26 ./Middlewares/ST/STM32_USB_Device_Library/Core/Src/usbd_ioreq.o
                0x0800cd68                USBD_CtlSendStatus
 .text.USBD_CtlReceiveStatus
                0x0800cd8e       0x26 ./Middlewares/ST/STM32_USB_Device_Library/Core/Src/usbd_ioreq.o
                0x0800cd8e                USBD_CtlReceiveStatus
 .text.MX_USB_DEVICE_Init
                0x0800cdb4       0x64 ./USB_DEVICE/App/usb_device.o
                0x0800cdb4                MX_USB_DEVICE_Init
 .text.CDC_Init_FS
                0x0800ce18       0x28 ./USB_DEVICE/App/usbd_cdc_if.o
 .text.CDC_DeInit_FS
                0x0800ce40       0x10 ./USB_DEVICE/App/usbd_cdc_if.o
 .text.CDC_Control_FS
                0x0800ce50       0xbc ./USB_DEVICE/App/usbd_cdc_if.o
 .text.CDC_Receive_FS
                0x0800cf0c       0x40 ./USB_DEVICE/App/usbd_cdc_if.o
 .text.CDC_Transmit_FS
                0x0800cf4c       0x4c ./USB_DEVICE/App/usbd_cdc_if.o
                0x0800cf4c                CDC_Transmit_FS
 .text.CDC_TransmitCplt_FS
                0x0800cf98       0x22 ./USB_DEVICE/App/usbd_cdc_if.o
 *fill*         0x0800cfba        0x2 
 .text.USBD_FS_DeviceDescriptor
                0x0800cfbc       0x24 ./USB_DEVICE/App/usbd_desc.o
                0x0800cfbc                USBD_FS_DeviceDescriptor
 .text.USBD_FS_LangIDStrDescriptor
                0x0800cfe0       0x24 ./USB_DEVICE/App/usbd_desc.o
                0x0800cfe0                USBD_FS_LangIDStrDescriptor
 .text.USBD_FS_ProductStrDescriptor
                0x0800d004       0x3c ./USB_DEVICE/App/usbd_desc.o
                0x0800d004                USBD_FS_ProductStrDescriptor
 .text.USBD_FS_ManufacturerStrDescriptor
                0x0800d040       0x28 ./USB_DEVICE/App/usbd_desc.o
                0x0800d040                USBD_FS_ManufacturerStrDescriptor
 .text.USBD_FS_SerialStrDescriptor
                0x0800d068       0x24 ./USB_DEVICE/App/usbd_desc.o
                0x0800d068                USBD_FS_SerialStrDescriptor
 .text.USBD_FS_ConfigStrDescriptor
                0x0800d08c       0x3c ./USB_DEVICE/App/usbd_desc.o
                0x0800d08c                USBD_FS_ConfigStrDescriptor
 .text.USBD_FS_InterfaceStrDescriptor
                0x0800d0c8       0x3c ./USB_DEVICE/App/usbd_desc.o
                0x0800d0c8                USBD_FS_InterfaceStrDescriptor
 .text.Get_SerialNum
                0x0800d104       0x58 ./USB_DEVICE/App/usbd_desc.o
 .text.IntToUnicode
                0x0800d15c       0x7e ./USB_DEVICE/App/usbd_desc.o
 *fill*         0x0800d1da        0x2 
 .text.HAL_PCD_MspInit
                0x0800d1dc      0x108 ./USB_DEVICE/Target/usbd_conf.o
                0x0800d1dc                HAL_PCD_MspInit
 .text.HAL_PCD_SetupStageCallback
                0x0800d2e4       0x24 ./USB_DEVICE/Target/usbd_conf.o
                0x0800d2e4                HAL_PCD_SetupStageCallback
 .text.HAL_PCD_DataOutStageCallback
                0x0800d308       0x36 ./USB_DEVICE/Target/usbd_conf.o
                0x0800d308                HAL_PCD_DataOutStageCallback
 .text.HAL_PCD_DataInStageCallback
                0x0800d33e       0x34 ./USB_DEVICE/Target/usbd_conf.o
                0x0800d33e                HAL_PCD_DataInStageCallback
 .text.HAL_PCD_SOFCallback
                0x0800d372       0x1c ./USB_DEVICE/Target/usbd_conf.o
                0x0800d372                HAL_PCD_SOFCallback
 .text.HAL_PCD_ResetCallback
                0x0800d38e       0x50 ./USB_DEVICE/Target/usbd_conf.o
                0x0800d38e                HAL_PCD_ResetCallback
 *fill*         0x0800d3de        0x2 
 .text.HAL_PCD_SuspendCallback
                0x0800d3e0       0x4c ./USB_DEVICE/Target/usbd_conf.o
                0x0800d3e0                HAL_PCD_SuspendCallback
 .text.HAL_PCD_ResumeCallback
                0x0800d42c       0x1c ./USB_DEVICE/Target/usbd_conf.o
                0x0800d42c                HAL_PCD_ResumeCallback
 .text.HAL_PCD_ISOOUTIncompleteCallback
                0x0800d448       0x24 ./USB_DEVICE/Target/usbd_conf.o
                0x0800d448                HAL_PCD_ISOOUTIncompleteCallback
 .text.HAL_PCD_ISOINIncompleteCallback
                0x0800d46c       0x24 ./USB_DEVICE/Target/usbd_conf.o
                0x0800d46c                HAL_PCD_ISOINIncompleteCallback
 .text.HAL_PCD_ConnectCallback
                0x0800d490       0x1c ./USB_DEVICE/Target/usbd_conf.o
                0x0800d490                HAL_PCD_ConnectCallback
 .text.HAL_PCD_DisconnectCallback
                0x0800d4ac       0x1c ./USB_DEVICE/Target/usbd_conf.o
                0x0800d4ac                HAL_PCD_DisconnectCallback
 .text.USBD_LL_Init
                0x0800d4c8       0xa0 ./USB_DEVICE/Target/usbd_conf.o
                0x0800d4c8                USBD_LL_Init
 .text.USBD_LL_Start
                0x0800d568       0x36 ./USB_DEVICE/Target/usbd_conf.o
                0x0800d568                USBD_LL_Start
 .text.USBD_LL_OpenEP
                0x0800d59e       0x4c ./USB_DEVICE/Target/usbd_conf.o
                0x0800d59e                USBD_LL_OpenEP
 .text.USBD_LL_CloseEP
                0x0800d5ea       0x3e ./USB_DEVICE/Target/usbd_conf.o
                0x0800d5ea                USBD_LL_CloseEP
 .text.USBD_LL_StallEP
                0x0800d628       0x3e ./USB_DEVICE/Target/usbd_conf.o
                0x0800d628                USBD_LL_StallEP
 .text.USBD_LL_ClearStallEP
                0x0800d666       0x3e ./USB_DEVICE/Target/usbd_conf.o
                0x0800d666                USBD_LL_ClearStallEP
 .text.USBD_LL_IsStallEP
                0x0800d6a4       0x58 ./USB_DEVICE/Target/usbd_conf.o
                0x0800d6a4                USBD_LL_IsStallEP
 .text.USBD_LL_SetUSBAddress
                0x0800d6fc       0x3e ./USB_DEVICE/Target/usbd_conf.o
                0x0800d6fc                USBD_LL_SetUSBAddress
 .text.USBD_LL_Transmit
                0x0800d73a       0x42 ./USB_DEVICE/Target/usbd_conf.o
                0x0800d73a                USBD_LL_Transmit
 .text.USBD_LL_PrepareReceive
                0x0800d77c       0x42 ./USB_DEVICE/Target/usbd_conf.o
                0x0800d77c                USBD_LL_PrepareReceive
 .text.USBD_LL_GetRxDataSize
                0x0800d7be       0x26 ./USB_DEVICE/Target/usbd_conf.o
                0x0800d7be                USBD_LL_GetRxDataSize
 .text.USBD_static_malloc
                0x0800d7e4       0x1c ./USB_DEVICE/Target/usbd_conf.o
                0x0800d7e4                USBD_static_malloc
 .text.USBD_static_free
                0x0800d800       0x14 ./USB_DEVICE/Target/usbd_conf.o
                0x0800d800                USBD_static_free
 .text.USBD_Get_USB_Status
                0x0800d814       0x58 ./USB_DEVICE/Target/usbd_conf.o
                0x0800d814                USBD_Get_USB_Status
 .text.sulp     0x0800d86c       0x34 E:/ST/STM32CubeIDE_1.18.0/STM32CubeIDE/plugins/com.st.stm32cube.ide.mcu.externaltools.gnu-tools-for-stm32.13.3.rel1.win32_1.0.0.202411081344/tools/bin/../lib/gcc/arm-none-eabi/13.3.1/../../../../arm-none-eabi/lib/thumb/v7e-m+dp/hard\libc_nano.a(libc_a-strtod.o)
 .text._strtod_l
                0x0800d8a0      0xb34 E:/ST/STM32CubeIDE_1.18.0/STM32CubeIDE/plugins/com.st.stm32cube.ide.mcu.externaltools.gnu-tools-for-stm32.13.3.rel1.win32_1.0.0.202411081344/tools/bin/../lib/gcc/arm-none-eabi/13.3.1/../../../../arm-none-eabi/lib/thumb/v7e-m+dp/hard\libc_nano.a(libc_a-strtod.o)
                0x0800d8a0                _strtod_l
 *fill*         0x0800e3d4        0x4 
 .text.strtof   0x0800e3d8       0x9c E:/ST/STM32CubeIDE_1.18.0/STM32CubeIDE/plugins/com.st.stm32cube.ide.mcu.externaltools.gnu-tools-for-stm32.13.3.rel1.win32_1.0.0.202411081344/tools/bin/../lib/gcc/arm-none-eabi/13.3.1/../../../../arm-none-eabi/lib/thumb/v7e-m+dp/hard\libc_nano.a(libc_a-strtod.o)
                0x0800e3d8                strtof
 .text._strtol_l.isra.0
                0x0800e474       0xf4 E:/ST/STM32CubeIDE_1.18.0/STM32CubeIDE/plugins/com.st.stm32cube.ide.mcu.externaltools.gnu-tools-for-stm32.13.3.rel1.win32_1.0.0.202411081344/tools/bin/../lib/gcc/arm-none-eabi/13.3.1/../../../../arm-none-eabi/lib/thumb/v7e-m+dp/hard\libc_nano.a(libc_a-strtol.o)
 .text.strtol   0x0800e568       0x14 E:/ST/STM32CubeIDE_1.18.0/STM32CubeIDE/plugins/com.st.stm32cube.ide.mcu.externaltools.gnu-tools-for-stm32.13.3.rel1.win32_1.0.0.202411081344/tools/bin/../lib/gcc/arm-none-eabi/13.3.1/../../../../arm-none-eabi/lib/thumb/v7e-m+dp/hard\libc_nano.a(libc_a-strtol.o)
                0x0800e568                strtol
 .text.__cvt    0x0800e57c       0xa8 E:/ST/STM32CubeIDE_1.18.0/STM32CubeIDE/plugins/com.st.stm32cube.ide.mcu.externaltools.gnu-tools-for-stm32.13.3.rel1.win32_1.0.0.202411081344/tools/bin/../lib/gcc/arm-none-eabi/13.3.1/../../../../arm-none-eabi/lib/thumb/v7e-m+dp/hard\libc_nano.a(libc_a-nano-vfprintf_float.o)
                0x0800e57c                __cvt
 .text.__exponent
                0x0800e624       0x74 E:/ST/STM32CubeIDE_1.18.0/STM32CubeIDE/plugins/com.st.stm32cube.ide.mcu.externaltools.gnu-tools-for-stm32.13.3.rel1.win32_1.0.0.202411081344/tools/bin/../lib/gcc/arm-none-eabi/13.3.1/../../../../arm-none-eabi/lib/thumb/v7e-m+dp/hard\libc_nano.a(libc_a-nano-vfprintf_float.o)
                0x0800e624                __exponent
 .text._printf_float
                0x0800e698      0x434 E:/ST/STM32CubeIDE_1.18.0/STM32CubeIDE/plugins/com.st.stm32cube.ide.mcu.externaltools.gnu-tools-for-stm32.13.3.rel1.win32_1.0.0.202411081344/tools/bin/../lib/gcc/arm-none-eabi/13.3.1/../../../../arm-none-eabi/lib/thumb/v7e-m+dp/hard\libc_nano.a(libc_a-nano-vfprintf_float.o)
                0x0800e698                _printf_float
 .text._printf_common
                0x0800eacc       0xda E:/ST/STM32CubeIDE_1.18.0/STM32CubeIDE/plugins/com.st.stm32cube.ide.mcu.externaltools.gnu-tools-for-stm32.13.3.rel1.win32_1.0.0.202411081344/tools/bin/../lib/gcc/arm-none-eabi/13.3.1/../../../../arm-none-eabi/lib/thumb/v7e-m+dp/hard\libc_nano.a(libc_a-nano-vfprintf_i.o)
                0x0800eacc                _printf_common
 *fill*         0x0800eba6        0x2 
 .text._printf_i
                0x0800eba8      0x23c E:/ST/STM32CubeIDE_1.18.0/STM32CubeIDE/plugins/com.st.stm32cube.ide.mcu.externaltools.gnu-tools-for-stm32.13.3.rel1.win32_1.0.0.202411081344/tools/bin/../lib/gcc/arm-none-eabi/13.3.1/../../../../arm-none-eabi/lib/thumb/v7e-m+dp/hard\libc_nano.a(libc_a-nano-vfprintf_i.o)
                0x0800eba8                _printf_i
 .text.std      0x0800ede4       0x6c E:/ST/STM32CubeIDE_1.18.0/STM32CubeIDE/plugins/com.st.stm32cube.ide.mcu.externaltools.gnu-tools-for-stm32.13.3.rel1.win32_1.0.0.202411081344/tools/bin/../lib/gcc/arm-none-eabi/13.3.1/../../../../arm-none-eabi/lib/thumb/v7e-m+dp/hard\libc_nano.a(libc_a-findfp.o)
 .text.stdio_exit_handler
                0x0800ee50       0x18 E:/ST/STM32CubeIDE_1.18.0/STM32CubeIDE/plugins/com.st.stm32cube.ide.mcu.externaltools.gnu-tools-for-stm32.13.3.rel1.win32_1.0.0.202411081344/tools/bin/../lib/gcc/arm-none-eabi/13.3.1/../../../../arm-none-eabi/lib/thumb/v7e-m+dp/hard\libc_nano.a(libc_a-findfp.o)
 .text.cleanup_stdio
                0x0800ee68       0x40 E:/ST/STM32CubeIDE_1.18.0/STM32CubeIDE/plugins/com.st.stm32cube.ide.mcu.externaltools.gnu-tools-for-stm32.13.3.rel1.win32_1.0.0.202411081344/tools/bin/../lib/gcc/arm-none-eabi/13.3.1/../../../../arm-none-eabi/lib/thumb/v7e-m+dp/hard\libc_nano.a(libc_a-findfp.o)
 .text.global_stdio_init.part.0
                0x0800eea8       0x3c E:/ST/STM32CubeIDE_1.18.0/STM32CubeIDE/plugins/com.st.stm32cube.ide.mcu.externaltools.gnu-tools-for-stm32.13.3.rel1.win32_1.0.0.202411081344/tools/bin/../lib/gcc/arm-none-eabi/13.3.1/../../../../arm-none-eabi/lib/thumb/v7e-m+dp/hard\libc_nano.a(libc_a-findfp.o)
 .text.__sfp_lock_acquire
                0x0800eee4        0xc E:/ST/STM32CubeIDE_1.18.0/STM32CubeIDE/plugins/com.st.stm32cube.ide.mcu.externaltools.gnu-tools-for-stm32.13.3.rel1.win32_1.0.0.202411081344/tools/bin/../lib/gcc/arm-none-eabi/13.3.1/../../../../arm-none-eabi/lib/thumb/v7e-m+dp/hard\libc_nano.a(libc_a-findfp.o)
                0x0800eee4                __sfp_lock_acquire
 .text.__sfp_lock_release
                0x0800eef0        0xc E:/ST/STM32CubeIDE_1.18.0/STM32CubeIDE/plugins/com.st.stm32cube.ide.mcu.externaltools.gnu-tools-for-stm32.13.3.rel1.win32_1.0.0.202411081344/tools/bin/../lib/gcc/arm-none-eabi/13.3.1/../../../../arm-none-eabi/lib/thumb/v7e-m+dp/hard\libc_nano.a(libc_a-findfp.o)
                0x0800eef0                __sfp_lock_release
 .text.__sinit  0x0800eefc       0x30 E:/ST/STM32CubeIDE_1.18.0/STM32CubeIDE/plugins/com.st.stm32cube.ide.mcu.externaltools.gnu-tools-for-stm32.13.3.rel1.win32_1.0.0.202411081344/tools/bin/../lib/gcc/arm-none-eabi/13.3.1/../../../../arm-none-eabi/lib/thumb/v7e-m+dp/hard\libc_nano.a(libc_a-findfp.o)
                0x0800eefc                __sinit
 .text._fwalk_sglue
                0x0800ef2c       0x3c E:/ST/STM32CubeIDE_1.18.0/STM32CubeIDE/plugins/com.st.stm32cube.ide.mcu.externaltools.gnu-tools-for-stm32.13.3.rel1.win32_1.0.0.202411081344/tools/bin/../lib/gcc/arm-none-eabi/13.3.1/../../../../arm-none-eabi/lib/thumb/v7e-m+dp/hard\libc_nano.a(libc_a-fwalk.o)
                0x0800ef2c                _fwalk_sglue
 .text.printf   0x0800ef68       0x24 E:/ST/STM32CubeIDE_1.18.0/STM32CubeIDE/plugins/com.st.stm32cube.ide.mcu.externaltools.gnu-tools-for-stm32.13.3.rel1.win32_1.0.0.202411081344/tools/bin/../lib/gcc/arm-none-eabi/13.3.1/../../../../arm-none-eabi/lib/thumb/v7e-m+dp/hard\libc_nano.a(libc_a-printf.o)
                0x0800ef68                iprintf
                0x0800ef68                printf
 .text._puts_r  0x0800ef8c       0xaa E:/ST/STM32CubeIDE_1.18.0/STM32CubeIDE/plugins/com.st.stm32cube.ide.mcu.externaltools.gnu-tools-for-stm32.13.3.rel1.win32_1.0.0.202411081344/tools/bin/../lib/gcc/arm-none-eabi/13.3.1/../../../../arm-none-eabi/lib/thumb/v7e-m+dp/hard\libc_nano.a(libc_a-puts.o)
                0x0800ef8c                _puts_r
 *fill*         0x0800f036        0x2 
 .text.puts     0x0800f038       0x10 E:/ST/STM32CubeIDE_1.18.0/STM32CubeIDE/plugins/com.st.stm32cube.ide.mcu.externaltools.gnu-tools-for-stm32.13.3.rel1.win32_1.0.0.202411081344/tools/bin/../lib/gcc/arm-none-eabi/13.3.1/../../../../arm-none-eabi/lib/thumb/v7e-m+dp/hard\libc_nano.a(libc_a-puts.o)
                0x0800f038                puts
 .text.__sread  0x0800f048       0x22 E:/ST/STM32CubeIDE_1.18.0/STM32CubeIDE/plugins/com.st.stm32cube.ide.mcu.externaltools.gnu-tools-for-stm32.13.3.rel1.win32_1.0.0.202411081344/tools/bin/../lib/gcc/arm-none-eabi/13.3.1/../../../../arm-none-eabi/lib/thumb/v7e-m+dp/hard\libc_nano.a(libc_a-stdio.o)
                0x0800f048                __sread
 .text.__swrite
                0x0800f06a       0x38 E:/ST/STM32CubeIDE_1.18.0/STM32CubeIDE/plugins/com.st.stm32cube.ide.mcu.externaltools.gnu-tools-for-stm32.13.3.rel1.win32_1.0.0.202411081344/tools/bin/../lib/gcc/arm-none-eabi/13.3.1/../../../../arm-none-eabi/lib/thumb/v7e-m+dp/hard\libc_nano.a(libc_a-stdio.o)
                0x0800f06a                __swrite
 .text.__sseek  0x0800f0a2       0x24 E:/ST/STM32CubeIDE_1.18.0/STM32CubeIDE/plugins/com.st.stm32cube.ide.mcu.externaltools.gnu-tools-for-stm32.13.3.rel1.win32_1.0.0.202411081344/tools/bin/../lib/gcc/arm-none-eabi/13.3.1/../../../../arm-none-eabi/lib/thumb/v7e-m+dp/hard\libc_nano.a(libc_a-stdio.o)
                0x0800f0a2                __sseek
 .text.__sclose
                0x0800f0c6        0x8 E:/ST/STM32CubeIDE_1.18.0/STM32CubeIDE/plugins/com.st.stm32cube.ide.mcu.externaltools.gnu-tools-for-stm32.13.3.rel1.win32_1.0.0.202411081344/tools/bin/../lib/gcc/arm-none-eabi/13.3.1/../../../../arm-none-eabi/lib/thumb/v7e-m+dp/hard\libc_nano.a(libc_a-stdio.o)
                0x0800f0c6                __sclose
 .text.__swbuf_r
                0x0800f0ce       0x7c E:/ST/STM32CubeIDE_1.18.0/STM32CubeIDE/plugins/com.st.stm32cube.ide.mcu.externaltools.gnu-tools-for-stm32.13.3.rel1.win32_1.0.0.202411081344/tools/bin/../lib/gcc/arm-none-eabi/13.3.1/../../../../arm-none-eabi/lib/thumb/v7e-m+dp/hard\libc_nano.a(libc_a-wbuf.o)
                0x0800f0ce                __swbuf_r
 *fill*         0x0800f14a        0x2 
 .text.__swsetup_r
                0x0800f14c       0xac E:/ST/STM32CubeIDE_1.18.0/STM32CubeIDE/plugins/com.st.stm32cube.ide.mcu.externaltools.gnu-tools-for-stm32.13.3.rel1.win32_1.0.0.202411081344/tools/bin/../lib/gcc/arm-none-eabi/13.3.1/../../../../arm-none-eabi/lib/thumb/v7e-m+dp/hard\libc_nano.a(libc_a-wsetup.o)
                0x0800f14c                __swsetup_r
 .text.memset   0x0800f1f8       0x10 E:/ST/STM32CubeIDE_1.18.0/STM32CubeIDE/plugins/com.st.stm32cube.ide.mcu.externaltools.gnu-tools-for-stm32.13.3.rel1.win32_1.0.0.202411081344/tools/bin/../lib/gcc/arm-none-eabi/13.3.1/../../../../arm-none-eabi/lib/thumb/v7e-m+dp/hard\libc_nano.a(libc_a-memset.o)
                0x0800f1f8                memset
 .text.strncmp  0x0800f208       0x24 E:/ST/STM32CubeIDE_1.18.0/STM32CubeIDE/plugins/com.st.stm32cube.ide.mcu.externaltools.gnu-tools-for-stm32.13.3.rel1.win32_1.0.0.202411081344/tools/bin/../lib/gcc/arm-none-eabi/13.3.1/../../../../arm-none-eabi/lib/thumb/v7e-m+dp/hard\libc_nano.a(libc_a-strncmp.o)
                0x0800f208                strncmp
 .text._localeconv_r
                0x0800f22c        0x8 E:/ST/STM32CubeIDE_1.18.0/STM32CubeIDE/plugins/com.st.stm32cube.ide.mcu.externaltools.gnu-tools-for-stm32.13.3.rel1.win32_1.0.0.202411081344/tools/bin/../lib/gcc/arm-none-eabi/13.3.1/../../../../arm-none-eabi/lib/thumb/v7e-m+dp/hard\libc_nano.a(libc_a-localeconv.o)
                0x0800f22c                _localeconv_r
 .text._close_r
                0x0800f234       0x20 E:/ST/STM32CubeIDE_1.18.0/STM32CubeIDE/plugins/com.st.stm32cube.ide.mcu.externaltools.gnu-tools-for-stm32.13.3.rel1.win32_1.0.0.202411081344/tools/bin/../lib/gcc/arm-none-eabi/13.3.1/../../../../arm-none-eabi/lib/thumb/v7e-m+dp/hard\libc_nano.a(libc_a-closer.o)
                0x0800f234                _close_r
 .text._lseek_r
                0x0800f254       0x24 E:/ST/STM32CubeIDE_1.18.0/STM32CubeIDE/plugins/com.st.stm32cube.ide.mcu.externaltools.gnu-tools-for-stm32.13.3.rel1.win32_1.0.0.202411081344/tools/bin/../lib/gcc/arm-none-eabi/13.3.1/../../../../arm-none-eabi/lib/thumb/v7e-m+dp/hard\libc_nano.a(libc_a-lseekr.o)
                0x0800f254                _lseek_r
 .text._read_r  0x0800f278       0x24 E:/ST/STM32CubeIDE_1.18.0/STM32CubeIDE/plugins/com.st.stm32cube.ide.mcu.externaltools.gnu-tools-for-stm32.13.3.rel1.win32_1.0.0.202411081344/tools/bin/../lib/gcc/arm-none-eabi/13.3.1/../../../../arm-none-eabi/lib/thumb/v7e-m+dp/hard\libc_nano.a(libc_a-readr.o)
                0x0800f278                _read_r
 .text._write_r
                0x0800f29c       0x24 E:/ST/STM32CubeIDE_1.18.0/STM32CubeIDE/plugins/com.st.stm32cube.ide.mcu.externaltools.gnu-tools-for-stm32.13.3.rel1.win32_1.0.0.202411081344/tools/bin/../lib/gcc/arm-none-eabi/13.3.1/../../../../arm-none-eabi/lib/thumb/v7e-m+dp/hard\libc_nano.a(libc_a-writer.o)
                0x0800f29c                _write_r
 .text.__errno  0x0800f2c0        0xc E:/ST/STM32CubeIDE_1.18.0/STM32CubeIDE/plugins/com.st.stm32cube.ide.mcu.externaltools.gnu-tools-for-stm32.13.3.rel1.win32_1.0.0.202411081344/tools/bin/../lib/gcc/arm-none-eabi/13.3.1/../../../../arm-none-eabi/lib/thumb/v7e-m+dp/hard\libc_nano.a(libc_a-errno.o)
                0x0800f2c0                __errno
 .text.__libc_init_array
                0x0800f2cc       0x48 E:/ST/STM32CubeIDE_1.18.0/STM32CubeIDE/plugins/com.st.stm32cube.ide.mcu.externaltools.gnu-tools-for-stm32.13.3.rel1.win32_1.0.0.202411081344/tools/bin/../lib/gcc/arm-none-eabi/13.3.1/../../../../arm-none-eabi/lib/thumb/v7e-m+dp/hard\libc_nano.a(libc_a-init.o)
                0x0800f2cc                __libc_init_array
 .text.__retarget_lock_init_recursive
                0x0800f314        0x2 E:/ST/STM32CubeIDE_1.18.0/STM32CubeIDE/plugins/com.st.stm32cube.ide.mcu.externaltools.gnu-tools-for-stm32.13.3.rel1.win32_1.0.0.202411081344/tools/bin/../lib/gcc/arm-none-eabi/13.3.1/../../../../arm-none-eabi/lib/thumb/v7e-m+dp/hard\libc_nano.a(libc_a-lock.o)
                0x0800f314                __retarget_lock_init_recursive
 .text.__retarget_lock_acquire_recursive
                0x0800f316        0x2 E:/ST/STM32CubeIDE_1.18.0/STM32CubeIDE/plugins/com.st.stm32cube.ide.mcu.externaltools.gnu-tools-for-stm32.13.3.rel1.win32_1.0.0.202411081344/tools/bin/../lib/gcc/arm-none-eabi/13.3.1/../../../../arm-none-eabi/lib/thumb/v7e-m+dp/hard\libc_nano.a(libc_a-lock.o)
                0x0800f316                __retarget_lock_acquire_recursive
 .text.__retarget_lock_release_recursive
                0x0800f318        0x2 E:/ST/STM32CubeIDE_1.18.0/STM32CubeIDE/plugins/com.st.stm32cube.ide.mcu.externaltools.gnu-tools-for-stm32.13.3.rel1.win32_1.0.0.202411081344/tools/bin/../lib/gcc/arm-none-eabi/13.3.1/../../../../arm-none-eabi/lib/thumb/v7e-m+dp/hard\libc_nano.a(libc_a-lock.o)
                0x0800f318                __retarget_lock_release_recursive
 .text.strcpy   0x0800f31a       0x10 E:/ST/STM32CubeIDE_1.18.0/STM32CubeIDE/plugins/com.st.stm32cube.ide.mcu.externaltools.gnu-tools-for-stm32.13.3.rel1.win32_1.0.0.202411081344/tools/bin/../lib/gcc/arm-none-eabi/13.3.1/../../../../arm-none-eabi/lib/thumb/v7e-m+dp/hard\libc_nano.a(libc_a-strcpy.o)
                0x0800f31a                strcpy
 .text.memcpy   0x0800f32a       0x1c E:/ST/STM32CubeIDE_1.18.0/STM32CubeIDE/plugins/com.st.stm32cube.ide.mcu.externaltools.gnu-tools-for-stm32.13.3.rel1.win32_1.0.0.202411081344/tools/bin/../lib/gcc/arm-none-eabi/13.3.1/../../../../arm-none-eabi/lib/thumb/v7e-m+dp/hard\libc_nano.a(libc_a-memcpy-stub.o)
                0x0800f32a                memcpy
 *fill*         0x0800f346        0x2 
 .text.nan      0x0800f348       0x10 E:/ST/STM32CubeIDE_1.18.0/STM32CubeIDE/plugins/com.st.stm32cube.ide.mcu.externaltools.gnu-tools-for-stm32.13.3.rel1.win32_1.0.0.202411081344/tools/bin/../lib/gcc/arm-none-eabi/13.3.1/../../../../arm-none-eabi/lib/thumb/v7e-m+dp/hard\libc_nano.a(libm_a-s_nan.o)
                0x0800f348                nan
 .text.nanf     0x0800f358        0xc E:/ST/STM32CubeIDE_1.18.0/STM32CubeIDE/plugins/com.st.stm32cube.ide.mcu.externaltools.gnu-tools-for-stm32.13.3.rel1.win32_1.0.0.202411081344/tools/bin/../lib/gcc/arm-none-eabi/13.3.1/../../../../arm-none-eabi/lib/thumb/v7e-m+dp/hard\libc_nano.a(libm_a-sf_nan.o)
                0x0800f358                nanf
 .text.quorem   0x0800f364      0x110 E:/ST/STM32CubeIDE_1.18.0/STM32CubeIDE/plugins/com.st.stm32cube.ide.mcu.externaltools.gnu-tools-for-stm32.13.3.rel1.win32_1.0.0.202411081344/tools/bin/../lib/gcc/arm-none-eabi/13.3.1/../../../../arm-none-eabi/lib/thumb/v7e-m+dp/hard\libc_nano.a(libc_a-dtoa.o)
 *fill*         0x0800f474        0x4 
 .text._dtoa_r  0x0800f478      0xabc E:/ST/STM32CubeIDE_1.18.0/STM32CubeIDE/plugins/com.st.stm32cube.ide.mcu.externaltools.gnu-tools-for-stm32.13.3.rel1.win32_1.0.0.202411081344/tools/bin/../lib/gcc/arm-none-eabi/13.3.1/../../../../arm-none-eabi/lib/thumb/v7e-m+dp/hard\libc_nano.a(libc_a-dtoa.o)
                0x0800f478                _dtoa_r
 .text._free_r  0x0800ff34       0x94 E:/ST/STM32CubeIDE_1.18.0/STM32CubeIDE/plugins/com.st.stm32cube.ide.mcu.externaltools.gnu-tools-for-stm32.13.3.rel1.win32_1.0.0.202411081344/tools/bin/../lib/gcc/arm-none-eabi/13.3.1/../../../../arm-none-eabi/lib/thumb/v7e-m+dp/hard\libc_nano.a(libc_a-freer.o)
                0x0800ff34                _free_r
 .text.rshift   0x0800ffc8       0xa4 E:/ST/STM32CubeIDE_1.18.0/STM32CubeIDE/plugins/com.st.stm32cube.ide.mcu.externaltools.gnu-tools-for-stm32.13.3.rel1.win32_1.0.0.202411081344/tools/bin/../lib/gcc/arm-none-eabi/13.3.1/../../../../arm-none-eabi/lib/thumb/v7e-m+dp/hard\libc_nano.a(libc_a-gdtoa-gethex.o)
 .text.__hexdig_fun
                0x0801006c       0x2a E:/ST/STM32CubeIDE_1.18.0/STM32CubeIDE/plugins/com.st.stm32cube.ide.mcu.externaltools.gnu-tools-for-stm32.13.3.rel1.win32_1.0.0.202411081344/tools/bin/../lib/gcc/arm-none-eabi/13.3.1/../../../../arm-none-eabi/lib/thumb/v7e-m+dp/hard\libc_nano.a(libc_a-gdtoa-gethex.o)
                0x0801006c                __hexdig_fun
 *fill*         0x08010096        0x2 
 .text.__gethex
                0x08010098      0x420 E:/ST/STM32CubeIDE_1.18.0/STM32CubeIDE/plugins/com.st.stm32cube.ide.mcu.externaltools.gnu-tools-for-stm32.13.3.rel1.win32_1.0.0.202411081344/tools/bin/../lib/gcc/arm-none-eabi/13.3.1/../../../../arm-none-eabi/lib/thumb/v7e-m+dp/hard\libc_nano.a(libc_a-gdtoa-gethex.o)
                0x08010098                __gethex
 .text.L_shift  0x080104b8       0x24 E:/ST/STM32CubeIDE_1.18.0/STM32CubeIDE/plugins/com.st.stm32cube.ide.mcu.externaltools.gnu-tools-for-stm32.13.3.rel1.win32_1.0.0.202411081344/tools/bin/../lib/gcc/arm-none-eabi/13.3.1/../../../../arm-none-eabi/lib/thumb/v7e-m+dp/hard\libc_nano.a(libc_a-gdtoa-hexnan.o)
 .text.__match  0x080104dc       0x28 E:/ST/STM32CubeIDE_1.18.0/STM32CubeIDE/plugins/com.st.stm32cube.ide.mcu.externaltools.gnu-tools-for-stm32.13.3.rel1.win32_1.0.0.202411081344/tools/bin/../lib/gcc/arm-none-eabi/13.3.1/../../../../arm-none-eabi/lib/thumb/v7e-m+dp/hard\libc_nano.a(libc_a-gdtoa-hexnan.o)
                0x080104dc                __match
 .text.__hexnan
                0x08010504      0x136 E:/ST/STM32CubeIDE_1.18.0/STM32CubeIDE/plugins/com.st.stm32cube.ide.mcu.externaltools.gnu-tools-for-stm32.13.3.rel1.win32_1.0.0.202411081344/tools/bin/../lib/gcc/arm-none-eabi/13.3.1/../../../../arm-none-eabi/lib/thumb/v7e-m+dp/hard\libc_nano.a(libc_a-gdtoa-hexnan.o)
                0x08010504                __hexnan
 *fill*         0x0801063a        0x2 
 .text.malloc   0x0801063c       0x10 E:/ST/STM32CubeIDE_1.18.0/STM32CubeIDE/plugins/com.st.stm32cube.ide.mcu.externaltools.gnu-tools-for-stm32.13.3.rel1.win32_1.0.0.202411081344/tools/bin/../lib/gcc/arm-none-eabi/13.3.1/../../../../arm-none-eabi/lib/thumb/v7e-m+dp/hard\libc_nano.a(libc_a-malloc.o)
                0x0801063c                malloc
 .text.sbrk_aligned
                0x0801064c       0x44 E:/ST/STM32CubeIDE_1.18.0/STM32CubeIDE/plugins/com.st.stm32cube.ide.mcu.externaltools.gnu-tools-for-stm32.13.3.rel1.win32_1.0.0.202411081344/tools/bin/../lib/gcc/arm-none-eabi/13.3.1/../../../../arm-none-eabi/lib/thumb/v7e-m+dp/hard\libc_nano.a(libc_a-mallocr.o)
 .text._malloc_r
                0x08010690      0x100 E:/ST/STM32CubeIDE_1.18.0/STM32CubeIDE/plugins/com.st.stm32cube.ide.mcu.externaltools.gnu-tools-for-stm32.13.3.rel1.win32_1.0.0.202411081344/tools/bin/../lib/gcc/arm-none-eabi/13.3.1/../../../../arm-none-eabi/lib/thumb/v7e-m+dp/hard\libc_nano.a(libc_a-mallocr.o)
                0x08010690                _malloc_r
 .text.__ascii_mbtowc
                0x08010790       0x24 E:/ST/STM32CubeIDE_1.18.0/STM32CubeIDE/plugins/com.st.stm32cube.ide.mcu.externaltools.gnu-tools-for-stm32.13.3.rel1.win32_1.0.0.202411081344/tools/bin/../lib/gcc/arm-none-eabi/13.3.1/../../../../arm-none-eabi/lib/thumb/v7e-m+dp/hard\libc_nano.a(libc_a-mbtowc_r.o)
                0x08010790                __ascii_mbtowc
 .text.__malloc_lock
                0x080107b4        0xc E:/ST/STM32CubeIDE_1.18.0/STM32CubeIDE/plugins/com.st.stm32cube.ide.mcu.externaltools.gnu-tools-for-stm32.13.3.rel1.win32_1.0.0.202411081344/tools/bin/../lib/gcc/arm-none-eabi/13.3.1/../../../../arm-none-eabi/lib/thumb/v7e-m+dp/hard\libc_nano.a(libc_a-mlock.o)
                0x080107b4                __malloc_lock
 .text.__malloc_unlock
                0x080107c0        0xc E:/ST/STM32CubeIDE_1.18.0/STM32CubeIDE/plugins/com.st.stm32cube.ide.mcu.externaltools.gnu-tools-for-stm32.13.3.rel1.win32_1.0.0.202411081344/tools/bin/../lib/gcc/arm-none-eabi/13.3.1/../../../../arm-none-eabi/lib/thumb/v7e-m+dp/hard\libc_nano.a(libc_a-mlock.o)
                0x080107c0                __malloc_unlock
 .text._Balloc  0x080107cc       0x80 E:/ST/STM32CubeIDE_1.18.0/STM32CubeIDE/plugins/com.st.stm32cube.ide.mcu.externaltools.gnu-tools-for-stm32.13.3.rel1.win32_1.0.0.202411081344/tools/bin/../lib/gcc/arm-none-eabi/13.3.1/../../../../arm-none-eabi/lib/thumb/v7e-m+dp/hard\libc_nano.a(libc_a-mprec.o)
                0x080107cc                _Balloc
 .text._Bfree   0x0801084c       0x44 E:/ST/STM32CubeIDE_1.18.0/STM32CubeIDE/plugins/com.st.stm32cube.ide.mcu.externaltools.gnu-tools-for-stm32.13.3.rel1.win32_1.0.0.202411081344/tools/bin/../lib/gcc/arm-none-eabi/13.3.1/../../../../arm-none-eabi/lib/thumb/v7e-m+dp/hard\libc_nano.a(libc_a-mprec.o)
                0x0801084c                _Bfree
 .text.__multadd
                0x08010890       0x8c E:/ST/STM32CubeIDE_1.18.0/STM32CubeIDE/plugins/com.st.stm32cube.ide.mcu.externaltools.gnu-tools-for-stm32.13.3.rel1.win32_1.0.0.202411081344/tools/bin/../lib/gcc/arm-none-eabi/13.3.1/../../../../arm-none-eabi/lib/thumb/v7e-m+dp/hard\libc_nano.a(libc_a-mprec.o)
                0x08010890                __multadd
 .text.__s2b    0x0801091c       0x94 E:/ST/STM32CubeIDE_1.18.0/STM32CubeIDE/plugins/com.st.stm32cube.ide.mcu.externaltools.gnu-tools-for-stm32.13.3.rel1.win32_1.0.0.202411081344/tools/bin/../lib/gcc/arm-none-eabi/13.3.1/../../../../arm-none-eabi/lib/thumb/v7e-m+dp/hard\libc_nano.a(libc_a-mprec.o)
                0x0801091c                __s2b
 .text.__hi0bits
                0x080109b0       0x3e E:/ST/STM32CubeIDE_1.18.0/STM32CubeIDE/plugins/com.st.stm32cube.ide.mcu.externaltools.gnu-tools-for-stm32.13.3.rel1.win32_1.0.0.202411081344/tools/bin/../lib/gcc/arm-none-eabi/13.3.1/../../../../arm-none-eabi/lib/thumb/v7e-m+dp/hard\libc_nano.a(libc_a-mprec.o)
                0x080109b0                __hi0bits
 .text.__lo0bits
                0x080109ee       0x5a E:/ST/STM32CubeIDE_1.18.0/STM32CubeIDE/plugins/com.st.stm32cube.ide.mcu.externaltools.gnu-tools-for-stm32.13.3.rel1.win32_1.0.0.202411081344/tools/bin/../lib/gcc/arm-none-eabi/13.3.1/../../../../arm-none-eabi/lib/thumb/v7e-m+dp/hard\libc_nano.a(libc_a-mprec.o)
                0x080109ee                __lo0bits
 .text.__i2b    0x08010a48       0x2c E:/ST/STM32CubeIDE_1.18.0/STM32CubeIDE/plugins/com.st.stm32cube.ide.mcu.externaltools.gnu-tools-for-stm32.13.3.rel1.win32_1.0.0.202411081344/tools/bin/../lib/gcc/arm-none-eabi/13.3.1/../../../../arm-none-eabi/lib/thumb/v7e-m+dp/hard\libc_nano.a(libc_a-mprec.o)
                0x08010a48                __i2b
 .text.__multiply
                0x08010a74      0x144 E:/ST/STM32CubeIDE_1.18.0/STM32CubeIDE/plugins/com.st.stm32cube.ide.mcu.externaltools.gnu-tools-for-stm32.13.3.rel1.win32_1.0.0.202411081344/tools/bin/../lib/gcc/arm-none-eabi/13.3.1/../../../../arm-none-eabi/lib/thumb/v7e-m+dp/hard\libc_nano.a(libc_a-mprec.o)
                0x08010a74                __multiply
 .text.__pow5mult
                0x08010bb8       0xb4 E:/ST/STM32CubeIDE_1.18.0/STM32CubeIDE/plugins/com.st.stm32cube.ide.mcu.externaltools.gnu-tools-for-stm32.13.3.rel1.win32_1.0.0.202411081344/tools/bin/../lib/gcc/arm-none-eabi/13.3.1/../../../../arm-none-eabi/lib/thumb/v7e-m+dp/hard\libc_nano.a(libc_a-mprec.o)
                0x08010bb8                __pow5mult
 .text.__lshift
                0x08010c6c       0xd8 E:/ST/STM32CubeIDE_1.18.0/STM32CubeIDE/plugins/com.st.stm32cube.ide.mcu.externaltools.gnu-tools-for-stm32.13.3.rel1.win32_1.0.0.202411081344/tools/bin/../lib/gcc/arm-none-eabi/13.3.1/../../../../arm-none-eabi/lib/thumb/v7e-m+dp/hard\libc_nano.a(libc_a-mprec.o)
                0x08010c6c                __lshift
 .text.__mcmp   0x08010d44       0x36 E:/ST/STM32CubeIDE_1.18.0/STM32CubeIDE/plugins/com.st.stm32cube.ide.mcu.externaltools.gnu-tools-for-stm32.13.3.rel1.win32_1.0.0.202411081344/tools/bin/../lib/gcc/arm-none-eabi/13.3.1/../../../../arm-none-eabi/lib/thumb/v7e-m+dp/hard\libc_nano.a(libc_a-mprec.o)
                0x08010d44                __mcmp
 *fill*         0x08010d7a        0x2 
 .text.__mdiff  0x08010d7c      0x128 E:/ST/STM32CubeIDE_1.18.0/STM32CubeIDE/plugins/com.st.stm32cube.ide.mcu.externaltools.gnu-tools-for-stm32.13.3.rel1.win32_1.0.0.202411081344/tools/bin/../lib/gcc/arm-none-eabi/13.3.1/../../../../arm-none-eabi/lib/thumb/v7e-m+dp/hard\libc_nano.a(libc_a-mprec.o)
                0x08010d7c                __mdiff
 .text.__ulp    0x08010ea4       0x4c E:/ST/STM32CubeIDE_1.18.0/STM32CubeIDE/plugins/com.st.stm32cube.ide.mcu.externaltools.gnu-tools-for-stm32.13.3.rel1.win32_1.0.0.202411081344/tools/bin/../lib/gcc/arm-none-eabi/13.3.1/../../../../arm-none-eabi/lib/thumb/v7e-m+dp/hard\libc_nano.a(libc_a-mprec.o)
                0x08010ea4                __ulp
 .text.__b2d    0x08010ef0       0x94 E:/ST/STM32CubeIDE_1.18.0/STM32CubeIDE/plugins/com.st.stm32cube.ide.mcu.externaltools.gnu-tools-for-stm32.13.3.rel1.win32_1.0.0.202411081344/tools/bin/../lib/gcc/arm-none-eabi/13.3.1/../../../../arm-none-eabi/lib/thumb/v7e-m+dp/hard\libc_nano.a(libc_a-mprec.o)
                0x08010ef0                __b2d
 .text.__d2b    0x08010f84       0xb0 E:/ST/STM32CubeIDE_1.18.0/STM32CubeIDE/plugins/com.st.stm32cube.ide.mcu.externaltools.gnu-tools-for-stm32.13.3.rel1.win32_1.0.0.202411081344/tools/bin/../lib/gcc/arm-none-eabi/13.3.1/../../../../arm-none-eabi/lib/thumb/v7e-m+dp/hard\libc_nano.a(libc_a-mprec.o)
                0x08010f84                __d2b
 .text.__ratio  0x08011034       0x5e E:/ST/STM32CubeIDE_1.18.0/STM32CubeIDE/plugins/com.st.stm32cube.ide.mcu.externaltools.gnu-tools-for-stm32.13.3.rel1.win32_1.0.0.202411081344/tools/bin/../lib/gcc/arm-none-eabi/13.3.1/../../../../arm-none-eabi/lib/thumb/v7e-m+dp/hard\libc_nano.a(libc_a-mprec.o)
                0x08011034                __ratio
 .text.__copybits
                0x08011092       0x46 E:/ST/STM32CubeIDE_1.18.0/STM32CubeIDE/plugins/com.st.stm32cube.ide.mcu.externaltools.gnu-tools-for-stm32.13.3.rel1.win32_1.0.0.202411081344/tools/bin/../lib/gcc/arm-none-eabi/13.3.1/../../../../arm-none-eabi/lib/thumb/v7e-m+dp/hard\libc_nano.a(libc_a-mprec.o)
                0x08011092                __copybits
 .text.__any_on
                0x080110d8       0x42 E:/ST/STM32CubeIDE_1.18.0/STM32CubeIDE/plugins/com.st.stm32cube.ide.mcu.externaltools.gnu-tools-for-stm32.13.3.rel1.win32_1.0.0.202411081344/tools/bin/../lib/gcc/arm-none-eabi/13.3.1/../../../../arm-none-eabi/lib/thumb/v7e-m+dp/hard\libc_nano.a(libc_a-mprec.o)
                0x080110d8                __any_on
 .text.__ascii_wctomb
                0x0801111a       0x1a E:/ST/STM32CubeIDE_1.18.0/STM32CubeIDE/plugins/com.st.stm32cube.ide.mcu.externaltools.gnu-tools-for-stm32.13.3.rel1.win32_1.0.0.202411081344/tools/bin/../lib/gcc/arm-none-eabi/13.3.1/../../../../arm-none-eabi/lib/thumb/v7e-m+dp/hard\libc_nano.a(libc_a-wctomb_r.o)
                0x0801111a                __ascii_wctomb
 .text.__sfputc_r
                0x08011134       0x2e E:/ST/STM32CubeIDE_1.18.0/STM32CubeIDE/plugins/com.st.stm32cube.ide.mcu.externaltools.gnu-tools-for-stm32.13.3.rel1.win32_1.0.0.202411081344/tools/bin/../lib/gcc/arm-none-eabi/13.3.1/../../../../arm-none-eabi/lib/thumb/v7e-m+dp/hard\libc_nano.a(libc_a-nano-vfprintf.o)
 .text.__sfputs_r
                0x08011162       0x24 E:/ST/STM32CubeIDE_1.18.0/STM32CubeIDE/plugins/com.st.stm32cube.ide.mcu.externaltools.gnu-tools-for-stm32.13.3.rel1.win32_1.0.0.202411081344/tools/bin/../lib/gcc/arm-none-eabi/13.3.1/../../../../arm-none-eabi/lib/thumb/v7e-m+dp/hard\libc_nano.a(libc_a-nano-vfprintf.o)
                0x08011162                __sfputs_r
 *fill*         0x08011186        0x2 
 .text._vfprintf_r
                0x08011188      0x230 E:/ST/STM32CubeIDE_1.18.0/STM32CubeIDE/plugins/com.st.stm32cube.ide.mcu.externaltools.gnu-tools-for-stm32.13.3.rel1.win32_1.0.0.202411081344/tools/bin/../lib/gcc/arm-none-eabi/13.3.1/../../../../arm-none-eabi/lib/thumb/v7e-m+dp/hard\libc_nano.a(libc_a-nano-vfprintf.o)
                0x08011188                _vfprintf_r
                0x08011188                _vfiprintf_r
 .text.__sflush_r
                0x080113b8      0x108 E:/ST/STM32CubeIDE_1.18.0/STM32CubeIDE/plugins/com.st.stm32cube.ide.mcu.externaltools.gnu-tools-for-stm32.13.3.rel1.win32_1.0.0.202411081344/tools/bin/../lib/gcc/arm-none-eabi/13.3.1/../../../../arm-none-eabi/lib/thumb/v7e-m+dp/hard\libc_nano.a(libc_a-fflush.o)
                0x080113b8                __sflush_r
 .text._fflush_r
                0x080114c0       0x50 E:/ST/STM32CubeIDE_1.18.0/STM32CubeIDE/plugins/com.st.stm32cube.ide.mcu.externaltools.gnu-tools-for-stm32.13.3.rel1.win32_1.0.0.202411081344/tools/bin/../lib/gcc/arm-none-eabi/13.3.1/../../../../arm-none-eabi/lib/thumb/v7e-m+dp/hard\libc_nano.a(libc_a-fflush.o)
                0x080114c0                _fflush_r
 .text.__swhatbuf_r
                0x08011510       0x4c E:/ST/STM32CubeIDE_1.18.0/STM32CubeIDE/plugins/com.st.stm32cube.ide.mcu.externaltools.gnu-tools-for-stm32.13.3.rel1.win32_1.0.0.202411081344/tools/bin/../lib/gcc/arm-none-eabi/13.3.1/../../../../arm-none-eabi/lib/thumb/v7e-m+dp/hard\libc_nano.a(libc_a-makebuf.o)
                0x08011510                __swhatbuf_r
 .text.__smakebuf_r
                0x0801155c       0x78 E:/ST/STM32CubeIDE_1.18.0/STM32CubeIDE/plugins/com.st.stm32cube.ide.mcu.externaltools.gnu-tools-for-stm32.13.3.rel1.win32_1.0.0.202411081344/tools/bin/../lib/gcc/arm-none-eabi/13.3.1/../../../../arm-none-eabi/lib/thumb/v7e-m+dp/hard\libc_nano.a(libc_a-makebuf.o)
                0x0801155c                __smakebuf_r
 .text._fstat_r
                0x080115d4       0x24 E:/ST/STM32CubeIDE_1.18.0/STM32CubeIDE/plugins/com.st.stm32cube.ide.mcu.externaltools.gnu-tools-for-stm32.13.3.rel1.win32_1.0.0.202411081344/tools/bin/../lib/gcc/arm-none-eabi/13.3.1/../../../../arm-none-eabi/lib/thumb/v7e-m+dp/hard\libc_nano.a(libc_a-fstatr.o)
                0x080115d4                _fstat_r
 .text._isatty_r
                0x080115f8       0x20 E:/ST/STM32CubeIDE_1.18.0/STM32CubeIDE/plugins/com.st.stm32cube.ide.mcu.externaltools.gnu-tools-for-stm32.13.3.rel1.win32_1.0.0.202411081344/tools/bin/../lib/gcc/arm-none-eabi/13.3.1/../../../../arm-none-eabi/lib/thumb/v7e-m+dp/hard\libc_nano.a(libc_a-isattyr.o)
                0x080115f8                _isatty_r
 .text._sbrk_r  0x08011618       0x20 E:/ST/STM32CubeIDE_1.18.0/STM32CubeIDE/plugins/com.st.stm32cube.ide.mcu.externaltools.gnu-tools-for-stm32.13.3.rel1.win32_1.0.0.202411081344/tools/bin/../lib/gcc/arm-none-eabi/13.3.1/../../../../arm-none-eabi/lib/thumb/v7e-m+dp/hard\libc_nano.a(libc_a-sbrkr.o)
                0x08011618                _sbrk_r
 .text.__assert_func
                0x08011638       0x3c E:/ST/STM32CubeIDE_1.18.0/STM32CubeIDE/plugins/com.st.stm32cube.ide.mcu.externaltools.gnu-tools-for-stm32.13.3.rel1.win32_1.0.0.202411081344/tools/bin/../lib/gcc/arm-none-eabi/13.3.1/../../../../arm-none-eabi/lib/thumb/v7e-m+dp/hard\libc_nano.a(libc_a-assert.o)
                0x08011638                __assert_func
 .text._calloc_r
                0x08011674       0x28 E:/ST/STM32CubeIDE_1.18.0/STM32CubeIDE/plugins/com.st.stm32cube.ide.mcu.externaltools.gnu-tools-for-stm32.13.3.rel1.win32_1.0.0.202411081344/tools/bin/../lib/gcc/arm-none-eabi/13.3.1/../../../../arm-none-eabi/lib/thumb/v7e-m+dp/hard\libc_nano.a(libc_a-callocr.o)
                0x08011674                _calloc_r
 .text.fprintf  0x0801169c       0x24 E:/ST/STM32CubeIDE_1.18.0/STM32CubeIDE/plugins/com.st.stm32cube.ide.mcu.externaltools.gnu-tools-for-stm32.13.3.rel1.win32_1.0.0.202411081344/tools/bin/../lib/gcc/arm-none-eabi/13.3.1/../../../../arm-none-eabi/lib/thumb/v7e-m+dp/hard\libc_nano.a(libc_a-fprintf.o)
                0x0801169c                fiprintf
                0x0801169c                fprintf
 .text.abort    0x080116c0        0xe E:/ST/STM32CubeIDE_1.18.0/STM32CubeIDE/plugins/com.st.stm32cube.ide.mcu.externaltools.gnu-tools-for-stm32.13.3.rel1.win32_1.0.0.202411081344/tools/bin/../lib/gcc/arm-none-eabi/13.3.1/../../../../arm-none-eabi/lib/thumb/v7e-m+dp/hard\libc_nano.a(libc_a-abort.o)
                0x080116c0                abort
 .text._raise_r
                0x080116ce       0x50 E:/ST/STM32CubeIDE_1.18.0/STM32CubeIDE/plugins/com.st.stm32cube.ide.mcu.externaltools.gnu-tools-for-stm32.13.3.rel1.win32_1.0.0.202411081344/tools/bin/../lib/gcc/arm-none-eabi/13.3.1/../../../../arm-none-eabi/lib/thumb/v7e-m+dp/hard\libc_nano.a(libc_a-signal.o)
                0x080116ce                _raise_r
 *fill*         0x0801171e        0x2 
 .text.raise    0x08011720       0x10 E:/ST/STM32CubeIDE_1.18.0/STM32CubeIDE/plugins/com.st.stm32cube.ide.mcu.externaltools.gnu-tools-for-stm32.13.3.rel1.win32_1.0.0.202411081344/tools/bin/../lib/gcc/arm-none-eabi/13.3.1/../../../../arm-none-eabi/lib/thumb/v7e-m+dp/hard\libc_nano.a(libc_a-signal.o)
                0x08011720                raise